2022-01-29 21:54:07.293 20100-20170/com.example.ids_for_can D/ContentValues: 410680
2022-01-29 21:54:07.293 20100-20170/com.example.ids_for_can D/ContentValues: fillBuffer -- buffer
2022-01-29 21:54:07.293 20100-20170/com.example.ids_for_can D/ContentValues: [65, 6, 128]
2022-01-29 21:54:07.294 20100-20170/com.example.ids_for_can D/com.example.ids_for_can.connectivity.ObdGatewayService: Taking job[19] from queue...
2022-01-29 21:54:07.294 20100-20170/com.example.ids_for_can D/com.example.ids_for_can.connectivity.ObdGatewayService: Job state is NEW. Run it...
2022-01-29 21:54:07.299 20100-20100/com.example.ids_for_can D/com.example.ids_for_can.MainActivity: cmdID: Short Term Fuel Trim Bank 1, cmdResult: 0.0%
2022-01-29 21:54:07.299 20100-20100/com.example.ids_for_can D/com.example.ids_for_can.MainActivity: cmdID: Short Term Fuel Trim Bank 1, rawCmdResult: 410680
2022-01-29 21:54:07.540 20100-20170/com.example.ids_for_can D/ContentValues: readRawData -- ATMAString
2022-01-29 21:54:07.540 20100-20170/com.example.ids_for_can D/ContentValues: 41 08 80 
2022-01-29 21:54:07.540 20100-20170/com.example.ids_for_can D/ContentValues: readRawData -- rawData -- SEARCHING_PATTERN
2022-01-29 21:54:07.540 20100-20170/com.example.ids_for_can D/ContentValues: 41 08 80 
2022-01-29 21:54:07.541 20100-20170/com.example.ids_for_can D/ContentValues: readRawData -- rawData -- WHITESPACE PATTERN
2022-01-29 21:54:07.541 20100-20170/com.example.ids_for_can D/ContentValues: 410880
2022-01-29 21:54:07.544 20100-20170/com.example.ids_for_can D/ContentValues: fillBuffer -- rawData
2022-01-29 21:54:07.544 20100-20170/com.example.ids_for_can D/ContentValues: 410880
2022-01-29 21:54:07.544 20100-20170/com.example.ids_for_can D/ContentValues: fillBuffer -- buffer
2022-01-29 21:54:07.544 20100-20170/com.example.ids_for_can D/ContentValues: [65, 8, 128]
2022-01-29 21:54:07.545 20100-20170/com.example.ids_for_can D/com.example.ids_for_can.connectivity.ObdGatewayService: Taking job[20] from queue...
2022-01-29 21:54:07.545 20100-20170/com.example.ids_for_can D/com.example.ids_for_can.connectivity.ObdGatewayService: Job state is NEW. Run it...
2022-01-29 21:54:07.552 20100-20100/com.example.ids_for_can D/com.example.ids_for_can.MainActivity: cmdID: Short Term Fuel Trim Bank 2, cmdResult: 0.0%
2022-01-29 21:54:07.552 20100-20100/com.example.ids_for_can D/com.example.ids_for_can.MainActivity: cmdID: Short Term Fuel Trim Bank 2, rawCmdResult: 410880
2022-01-29 21:54:07.691 20100-20170/com.example.ids_for_can D/ContentValues: readRawData -- ATMAString
2022-01-29 21:54:07.691 20100-20170/com.example.ids_for_can D/ContentValues: 41 44 FF FF 
2022-01-29 21:54:07.691 20100-20170/com.example.ids_for_can D/ContentValues: readRawData -- rawData -- SEARCHING_PATTERN
2022-01-29 21:54:07.691 20100-20170/com.example.ids_for_can D/ContentValues: 41 44 FF FF 
2022-01-29 21:54:07.691 20100-20170/com.example.ids_for_can D/ContentValues: readRawData -- rawData -- WHITESPACE PATTERN
2022-01-29 21:54:07.691 20100-20170/com.example.ids_for_can D/ContentValues: 4144FFFF
2022-01-29 21:54:07.694 20100-20170/com.example.ids_for_can D/ContentValues: fillBuffer -- rawData
2022-01-29 21:54:07.694 20100-20170/com.example.ids_for_can D/ContentValues: 4144FFFF
2022-01-29 21:54:07.694 20100-20170/com.example.ids_for_can D/ContentValues: fillBuffer -- buffer
2022-01-29 21:54:07.695 20100-20170/com.example.ids_for_can D/ContentValues: [65, 68, 255, 255]
2022-01-29 21:54:07.695 20100-20170/com.example.ids_for_can D/com.example.ids_for_can.connectivity.ObdGatewayService: Taking job[21] from queue...
2022-01-29 21:54:07.695 20100-20170/com.example.ids_for_can D/com.example.ids_for_can.connectivity.ObdGatewayService: Job state is NEW. Run it...
2022-01-29 21:54:07.701 20100-20100/com.example.ids_for_can D/com.example.ids_for_can.MainActivity: cmdID: AIR_FUEL_RATIO, cmdResult: 29.40:1 AFR
2022-01-29 21:54:07.701 20100-20100/com.example.ids_for_can D/com.example.ids_for_can.MainActivity: cmdID: AIR_FUEL_RATIO, rawCmdResult: 4144FFFF
2022-01-29 21:54:08.118 20100-20170/com.example.ids_for_can D/ContentValues: readRawData -- ATMAString
2022-01-29 21:54:08.118 20100-20170/com.example.ids_for_can D/ContentValues: NO DATA
2022-01-29 21:54:08.118 20100-20170/com.example.ids_for_can D/ContentValues: readRawData -- rawData -- SEARCHING_PATTERN
2022-01-29 21:54:08.118 20100-20170/com.example.ids_for_can D/ContentValues: NO DATA
2022-01-29 21:54:08.118 20100-20170/com.example.ids_for_can D/ContentValues: readRawData -- rawData -- WHITESPACE PATTERN
2022-01-29 21:54:08.118 20100-20170/com.example.ids_for_can D/ContentValues: NODATA
2022-01-29 21:54:08.120 20100-20170/com.example.ids_for_can E/com.example.ids_for_can.connectivity.ObdGatewayService: com.github.pires.obd.exceptions.NoDataException: Error running 01 34, response: NODATA
2022-01-29 21:54:08.120 20100-20170/com.example.ids_for_can E/com.example.ids_for_can.connectivity.ObdGatewayService: Failed to run command. -> Error running 01 34, response: NODATA
2022-01-29 21:54:08.121 20100-20170/com.example.ids_for_can D/com.example.ids_for_can.connectivity.ObdGatewayService: Taking job[22] from queue...
2022-01-29 21:54:08.121 20100-20170/com.example.ids_for_can D/com.example.ids_for_can.connectivity.ObdGatewayService: Job state is NEW. Run it...
2022-01-29 21:54:08.127 20100-20100/com.example.ids_for_can D/com.example.ids_for_can.MainActivity: cmdID: WIDEBAND_AIR_FUEL_RATIO, cmdResult: NODATA
2022-01-29 21:54:08.127 20100-20100/com.example.ids_for_can D/com.example.ids_for_can.MainActivity: cmdID: WIDEBAND_AIR_FUEL_RATIO, rawCmdResult: 
2022-01-29 21:54:08.518 20100-20170/com.example.ids_for_can D/ContentValues: readRawData -- ATMAString
2022-01-29 21:54:08.518 20100-20170/com.example.ids_for_can D/ContentValues: NO DATA
2022-01-29 21:54:08.518 20100-20170/com.example.ids_for_can D/ContentValues: readRawData -- rawData -- SEARCHING_PATTERN
2022-01-29 21:54:08.518 20100-20170/com.example.ids_for_can D/ContentValues: NO DATA
2022-01-29 21:54:08.519 20100-20170/com.example.ids_for_can D/ContentValues: readRawData -- rawData -- WHITESPACE PATTERN
2022-01-29 21:54:08.519 20100-20170/com.example.ids_for_can D/ContentValues: NODATA
2022-01-29 21:54:08.521 20100-20170/com.example.ids_for_can E/com.example.ids_for_can.connectivity.ObdGatewayService: com.github.pires.obd.exceptions.NoDataException: Error running 01 5C, response: NODATA
2022-01-29 21:54:08.521 20100-20170/com.example.ids_for_can E/com.example.ids_for_can.connectivity.ObdGatewayService: Failed to run command. -> Error running 01 5C, response: NODATA
2022-01-29 21:54:08.521 20100-20170/com.example.ids_for_can D/com.example.ids_for_can.connectivity.ObdGatewayService: Taking job[23] from queue...
2022-01-29 21:54:08.521 20100-20170/com.example.ids_for_can D/com.example.ids_for_can.connectivity.ObdGatewayService: Job state is NEW. Run it...
2022-01-29 21:54:08.528 20100-20100/com.example.ids_for_can D/com.example.ids_for_can.MainActivity: cmdID: ENGINE_OIL_TEMP, cmdResult: NODATA
2022-01-29 21:54:08.528 20100-20100/com.example.ids_for_can D/com.example.ids_for_can.MainActivity: cmdID: ENGINE_OIL_TEMP, rawCmdResult: 
2022-01-29 21:54:08.776 20100-20170/com.example.ids_for_can D/ContentValues: readRawData -- ATMAString
2022-01-29 21:54:08.776 20100-20170/com.example.ids_for_can D/ContentValues: 41 33 61 
2022-01-29 21:54:08.777 20100-20170/com.example.ids_for_can D/ContentValues: readRawData -- rawData -- SEARCHING_PATTERN
2022-01-29 21:54:08.777 20100-20170/com.example.ids_for_can D/ContentValues: 41 33 61 
2022-01-29 21:54:08.777 20100-20170/com.example.ids_for_can D/ContentValues: readRawData -- rawData -- WHITESPACE PATTERN
2022-01-29 21:54:08.777 20100-20170/com.example.ids_for_can D/ContentValues: 413361
2022-01-29 21:54:08.780 20100-20170/com.example.ids_for_can D/ContentValues: fillBuffer -- rawData
2022-01-29 21:54:08.780 20100-20170/com.example.ids_for_can D/ContentValues: 413361
2022-01-29 21:54:08.780 20100-20170/com.example.ids_for_can D/ContentValues: fillBuffer -- buffer
2022-01-29 21:54:08.780 20100-20170/com.example.ids_for_can D/ContentValues: [65, 51, 97]
2022-01-29 21:54:08.780 20100-20170/com.example.ids_for_can D/com.example.ids_for_can.connectivity.ObdGatewayService: Taking job[24] from queue...
2022-01-29 21:54:08.780 20100-20170/com.example.ids_for_can D/com.example.ids_for_can.connectivity.ObdGatewayService: Job state is NEW. Run it...
2022-01-29 21:54:08.787 20100-20100/com.example.ids_for_can D/com.example.ids_for_can.MainActivity: cmdID: BAROMETRIC_PRESSURE, cmdResult: 97kPa
2022-01-29 21:54:08.787 20100-20100/com.example.ids_for_can D/com.example.ids_for_can.MainActivity: cmdID: BAROMETRIC_PRESSURE, rawCmdResult: 413361
2022-01-29 21:54:08.932 20100-20170/com.example.ids_for_can D/ContentValues: readRawData -- ATMAString
2022-01-29 21:54:08.932 20100-20170/com.example.ids_for_can D/ContentValues: 41 0A 17 
2022-01-29 21:54:08.932 20100-20170/com.example.ids_for_can D/ContentValues: readRawData -- rawData -- SEARCHING_PATTERN
2022-01-29 21:54:08.932 20100-20170/com.example.ids_for_can D/ContentValues: 41 0A 17 
2022-01-29 21:54:08.932 20100-20170/com.example.ids_for_can D/ContentValues: readRawData -- rawData -- WHITESPACE PATTERN
2022-01-29 21:54:08.932 20100-20170/com.example.ids_for_can D/ContentValues: 410A17
2022-01-29 21:54:08.935 20100-20170/com.example.ids_for_can D/ContentValues: fillBuffer -- rawData
2022-01-29 21:54:08.935 20100-20170/com.example.ids_for_can D/ContentValues: 410A17
2022-01-29 21:54:08.935 20100-20170/com.example.ids_for_can D/ContentValues: fillBuffer -- buffer
2022-01-29 21:54:08.935 20100-20170/com.example.ids_for_can D/ContentValues: [65, 10, 23]
2022-01-29 21:54:08.936 20100-20170/com.example.ids_for_can D/com.example.ids_for_can.connectivity.ObdGatewayService: Taking job[25] from queue...
2022-01-29 21:54:08.936 20100-20170/com.example.ids_for_can D/com.example.ids_for_can.connectivity.ObdGatewayService: Job state is NEW. Run it...
2022-01-29 21:54:08.941 20100-20100/com.example.ids_for_can D/com.example.ids_for_can.MainActivity: cmdID: FUEL_PRESSURE, cmdResult: 69kPa
2022-01-29 21:54:08.941 20100-20100/com.example.ids_for_can D/com.example.ids_for_can.MainActivity: cmdID: FUEL_PRESSURE, rawCmdResult: 410A17
2022-01-29 21:54:09.588 20100-20170/com.example.ids_for_can D/ContentValues: readRawData -- ATMAString
2022-01-29 21:54:09.589 20100-20170/com.example.ids_for_can D/ContentValues: 41 23 00 06 
2022-01-29 21:54:09.589 20100-20170/com.example.ids_for_can D/ContentValues: readRawData -- rawData -- SEARCHING_PATTERN
2022-01-29 21:54:09.589 20100-20170/com.example.ids_for_can D/ContentValues: 41 23 00 06 
2022-01-29 21:54:09.590 20100-20170/com.example.ids_for_can D/ContentValues: readRawData -- rawData -- WHITESPACE PATTERN
2022-01-29 21:54:09.590 20100-20170/com.example.ids_for_can D/ContentValues: 41230006
2022-01-29 21:54:09.593 20100-20170/com.example.ids_for_can D/ContentValues: fillBuffer -- rawData
2022-01-29 21:54:09.593 20100-20170/com.example.ids_for_can D/ContentValues: 41230006
2022-01-29 21:54:09.594 20100-20170/com.example.ids_for_can D/ContentValues: fillBuffer -- buffer
2022-01-29 21:54:09.594 20100-20170/com.example.ids_for_can D/ContentValues: [65, 35, 0, 6]
2022-01-29 21:54:09.594 20100-20170/com.example.ids_for_can D/com.example.ids_for_can.connectivity.ObdGatewayService: Taking job[26] from queue...
2022-01-29 21:54:09.594 20100-20170/com.example.ids_for_can D/com.example.ids_for_can.connectivity.ObdGatewayService: Job state is NEW. Run it...
2022-01-29 21:54:09.600 20100-20100/com.example.ids_for_can D/com.example.ids_for_can.MainActivity: cmdID: FUEL_RAIL_PRESSURE, cmdResult: 60kPa
2022-01-29 21:54:09.600 20100-20100/com.example.ids_for_can D/com.example.ids_for_can.MainActivity: cmdID: FUEL_RAIL_PRESSURE, rawCmdResult: 41230006
2022-01-29 21:54:10.194 20100-20170/com.example.ids_for_can D/ContentValues: readRawData -- ATMAString
2022-01-29 21:54:10.194 20100-20170/com.example.ids_for_can D/ContentValues: NO DATA
2022-01-29 21:54:10.194 20100-20170/com.example.ids_for_can D/ContentValues: readRawData -- rawData -- SEARCHING_PATTERN
2022-01-29 21:54:10.194 20100-20170/com.example.ids_for_can D/ContentValues: NO DATA
2022-01-29 21:54:10.194 20100-20170/com.example.ids_for_can D/ContentValues: readRawData -- rawData -- WHITESPACE PATTERN
2022-01-29 21:54:10.195 20100-20170/com.example.ids_for_can D/ContentValues: NODATA
2022-01-29 21:54:10.196 20100-20170/com.example.ids_for_can E/com.example.ids_for_can.connectivity.ObdGatewayService: com.github.pires.obd.exceptions.NoDataException: Error running 01 0B, response: NODATA
2022-01-29 21:54:10.196 20100-20170/com.example.ids_for_can E/com.example.ids_for_can.connectivity.ObdGatewayService: Failed to run command. -> Error running 01 0B, response: NODATA
2022-01-29 21:54:10.197 20100-20170/com.example.ids_for_can D/com.example.ids_for_can.connectivity.ObdGatewayService: Taking job[27] from queue...
2022-01-29 21:54:10.197 20100-20170/com.example.ids_for_can D/com.example.ids_for_can.connectivity.ObdGatewayService: Job state is NEW. Run it...
2022-01-29 21:54:10.203 20100-20100/com.example.ids_for_can D/com.example.ids_for_can.MainActivity: cmdID: INTAKE_MANIFOLD_PRESSURE, cmdResult: NODATA
2022-01-29 21:54:10.203 20100-20100/com.example.ids_for_can D/com.example.ids_for_can.MainActivity: cmdID: INTAKE_MANIFOLD_PRESSURE, rawCmdResult: 
2022-01-29 21:54:10.651 20100-20170/com.example.ids_for_can D/ContentValues: readRawData -- ATMAString
2022-01-29 21:54:10.651 20100-20170/com.example.ids_for_can D/ContentValues: 41 0F 3E 
2022-01-29 21:54:10.651 20100-20170/com.example.ids_for_can D/ContentValues: readRawData -- rawData -- SEARCHING_PATTERN
2022-01-29 21:54:10.651 20100-20170/com.example.ids_for_can D/ContentValues: 41 0F 3E 
2022-01-29 21:54:10.652 20100-20170/com.example.ids_for_can D/ContentValues: readRawData -- rawData -- WHITESPACE PATTERN
2022-01-29 21:54:10.652 20100-20170/com.example.ids_for_can D/ContentValues: 410F3E
2022-01-29 21:54:10.654 20100-20170/com.example.ids_for_can D/ContentValues: fillBuffer -- rawData
2022-01-29 21:54:10.655 20100-20170/com.example.ids_for_can D/ContentValues: 410F3E
2022-01-29 21:54:10.655 20100-20170/com.example.ids_for_can D/ContentValues: fillBuffer -- buffer
2022-01-29 21:54:10.655 20100-20170/com.example.ids_for_can D/ContentValues: [65, 15, 62]
2022-01-29 21:54:10.655 20100-20170/com.example.ids_for_can D/com.example.ids_for_can.connectivity.ObdGatewayService: Taking job[28] from queue...
2022-01-29 21:54:10.655 20100-20170/com.example.ids_for_can D/com.example.ids_for_can.connectivity.ObdGatewayService: Job state is NEW. Run it...
2022-01-29 21:54:10.661 20100-20100/com.example.ids_for_can D/com.example.ids_for_can.MainActivity: cmdID: AIR_INTAKE_TEMP, cmdResult: 22C
2022-01-29 21:54:10.661 20100-20100/com.example.ids_for_can D/com.example.ids_for_can.MainActivity: cmdID: AIR_INTAKE_TEMP, rawCmdResult: 410F3E
2022-01-29 21:54:10.919 20100-20170/com.example.ids_for_can D/ContentValues: readRawData -- ATMAString
2022-01-29 21:54:10.919 20100-20170/com.example.ids_for_can D/ContentValues: 41 46 35 
2022-01-29 21:54:10.920 20100-20170/com.example.ids_for_can D/ContentValues: readRawData -- rawData -- SEARCHING_PATTERN
2022-01-29 21:54:10.920 20100-20170/com.example.ids_for_can D/ContentValues: 41 46 35 
2022-01-29 21:54:10.920 20100-20170/com.example.ids_for_can D/ContentValues: readRawData -- rawData -- WHITESPACE PATTERN
2022-01-29 21:54:10.920 20100-20170/com.example.ids_for_can D/ContentValues: 414635
2022-01-29 21:54:10.922 20100-20170/com.example.ids_for_can D/ContentValues: fillBuffer -- rawData
2022-01-29 21:54:10.922 20100-20170/com.example.ids_for_can D/ContentValues: 414635
2022-01-29 21:54:10.922 20100-20170/com.example.ids_for_can D/ContentValues: fillBuffer -- buffer
2022-01-29 21:54:10.923 20100-20170/com.example.ids_for_can D/ContentValues: [65, 70, 53]
2022-01-29 21:54:10.923 20100-20170/com.example.ids_for_can D/com.example.ids_for_can.connectivity.ObdGatewayService: Taking job[29] from queue...
2022-01-29 21:54:10.923 20100-20170/com.example.ids_for_can D/com.example.ids_for_can.connectivity.ObdGatewayService: Job state is NEW. Run it...
2022-01-29 21:54:10.929 20100-20100/com.example.ids_for_can D/com.example.ids_for_can.MainActivity: cmdID: AMBIENT_AIR_TEMP, cmdResult: 13C
2022-01-29 21:54:10.929 20100-20100/com.example.ids_for_can D/com.example.ids_for_can.MainActivity: cmdID: AMBIENT_AIR_TEMP, rawCmdResult: 414635
2022-01-29 21:54:11.277 20100-20170/com.example.ids_for_can D/ContentValues: readRawData -- ATMAString
2022-01-29 21:54:11.277 20100-20170/com.example.ids_for_can D/ContentValues: 41 05 3F 
2022-01-29 21:54:11.277 20100-20170/com.example.ids_for_can D/ContentValues: readRawData -- rawData -- SEARCHING_PATTERN
2022-01-29 21:54:11.277 20100-20170/com.example.ids_for_can D/ContentValues: 41 05 3F 
2022-01-29 21:54:11.278 20100-20170/com.example.ids_for_can D/ContentValues: readRawData -- rawData -- WHITESPACE PATTERN
2022-01-29 21:54:11.278 20100-20170/com.example.ids_for_can D/ContentValues: 41053F
2022-01-29 21:54:11.280 20100-20170/com.example.ids_for_can D/ContentValues: fillBuffer -- rawData
2022-01-29 21:54:11.280 20100-20170/com.example.ids_for_can D/ContentValues: 41053F
2022-01-29 21:54:11.280 20100-20170/com.example.ids_for_can D/ContentValues: fillBuffer -- buffer
2022-01-29 21:54:11.281 20100-20170/com.example.ids_for_can D/ContentValues: [65, 5, 63]
2022-01-29 21:54:11.281 20100-20170/com.example.ids_for_can D/com.example.ids_for_can.connectivity.ObdGatewayService: Taking job[30] from queue...
2022-01-29 21:54:11.281 20100-20170/com.example.ids_for_can D/com.example.ids_for_can.connectivity.ObdGatewayService: Job state is NEW. Run it...
2022-01-29 21:54:11.287 20100-20100/com.example.ids_for_can D/com.example.ids_for_can.MainActivity: cmdID: ENGINE_COOLANT_TEMP, cmdResult: 23C
2022-01-29 21:54:11.287 20100-20100/com.example.ids_for_can D/com.example.ids_for_can.MainActivity: cmdID: ENGINE_COOLANT_TEMP, rawCmdResult: 41053F
2022-01-29 21:54:11.552 20100-20170/com.example.ids_for_can D/ContentValues: readRawData -- ATMAString
2022-01-29 21:54:11.552 20100-20170/com.example.ids_for_can D/ContentValues: 41 0D 00 
2022-01-29 21:54:11.552 20100-20170/com.example.ids_for_can D/ContentValues: readRawData -- rawData -- SEARCHING_PATTERN
2022-01-29 21:54:11.552 20100-20170/com.example.ids_for_can D/ContentValues: 41 0D 00 
2022-01-29 21:54:11.553 20100-20170/com.example.ids_for_can D/ContentValues: readRawData -- rawData -- WHITESPACE PATTERN
2022-01-29 21:54:11.553 20100-20170/com.example.ids_for_can D/ContentValues: 410D00
2022-01-29 21:54:11.555 20100-20170/com.example.ids_for_can D/ContentValues: fillBuffer -- rawData
2022-01-29 21:54:11.555 20100-20170/com.example.ids_for_can D/ContentValues: 410D00
2022-01-29 21:54:11.556 20100-20170/com.example.ids_for_can D/ContentValues: fillBuffer -- buffer
2022-01-29 21:54:11.556 20100-20170/com.example.ids_for_can D/ContentValues: [65, 13, 0]
2022-01-29 21:54:11.556 20100-20170/com.example.ids_for_can D/com.example.ids_for_can.connectivity.ObdGatewayService: Taking job[31] from queue...
2022-01-29 21:54:11.556 20100-20170/com.example.ids_for_can D/com.example.ids_for_can.connectivity.ObdGatewayService: Job state is NEW. Run it...
2022-01-29 21:54:11.559 20100-20100/com.example.ids_for_can D/com.example.ids_for_can.MainActivity: cmdID: SPEED, cmdResult: 0km/h
2022-01-29 21:54:11.559 20100-20100/com.example.ids_for_can D/com.example.ids_for_can.MainActivity: cmdID: SPEED, rawCmdResult: 410D00
2022-01-29 21:54:11.933 20100-20170/com.example.ids_for_can D/ContentValues: readRawData -- ATMAString
2022-01-29 21:54:11.933 20100-20170/com.example.ids_for_can D/ContentValues: 00 00 00 00 00 00 86 2B 06 BB 06 BB C2 00 <DATA ERROR80 00 3F FE 00 00 00 FF <DATA ERROR00 00 00 0F 0F 00 21 00 00 03 00 <DATA ERROR00 45 C06 0: 00 40 FE 00 00 00 00 40 00 00 00 00 FF 4F FF 0F FF 30 00 00 FF <DATA ERROR000 0: 00 00 10 00 00 00 000 0: 00 00 10 00 00 00 4F BUFFER FULL
2022-01-29 21:54:11.933 20100-20170/com.example.ids_for_can D/ContentValues: readRawData -- rawData -- SEARCHING_PATTERN
2022-01-29 21:54:11.933 20100-20170/com.example.ids_for_can D/ContentValues: 00 00 00 00 00 00 86 2B 06 BB 06 BB C2 00 <DATA ERROR80 00 3F FE 00 00 00 FF <DATA ERROR00 00 00 0F 0F 00 21 00 00 03 00 <DATA ERROR00 45 C06 0: 00 40 FE 00 00 00 00 40 00 00 00 00 FF 4F FF 0F FF 30 00 00 FF <DATA ERROR000 0: 00 00 10 00 00 00 000 0: 00 00 10 00 00 00 4F BUFFER FULL
2022-01-29 21:54:11.934 20100-20170/com.example.ids_for_can D/ContentValues: readRawData -- rawData -- WHITESPACE PATTERN
2022-01-29 21:54:11.934 20100-20170/com.example.ids_for_can D/ContentValues: 000000000000862B06BB06BBC200<DATAERROR80003FFE000000FF<DATAERROR0000000F0F002100000300<DATAERROR0045C060:0040FE000000004000000000FF4FFF0FFF300000FF<DATAERROR0000:0000100000000000:0000100000004FBUFFERFULL
2022-01-29 21:54:11.935 20100-20170/com.example.ids_for_can E/com.example.ids_for_can.connectivity.ObdGatewayService: com.github.pires.obd.exceptions.UnknownErrorException: Error running AT MA, response: 000000000000862B06BB06BBC200<DATAERROR80003FFE000000FF<DATAERROR0000000F0F002100000300<DATAERROR0045C060:0040FE000000004000000000FF4FFF0FFF300000FF<DATAERROR0000:0000100000000000:0000100000004FBUFFERFULL
2022-01-29 21:54:11.935 20100-20170/com.example.ids_for_can E/com.example.ids_for_can.connectivity.ObdGatewayService: Failed to run command. -> Error running AT MA, response: 000000000000862B06BB06BBC200<DATAERROR80003FFE000000FF<DATAERROR0000000F0F002100000300<DATAERROR0045C060:0040FE000000004000000000FF4FFF0FFF300000FF<DATAERROR0000:0000100000000000:0000100000004FBUFFERFULL
2022-01-29 21:54:11.943 20100-20100/com.example.ids_for_can D/com.example.ids_for_can.MainActivity: cmdID: MONITOR_ALL, cmdResult: 000000000000862B06BB06BBC200<DATAERROR80003FFE000000FF<DATAERROR0000000F0F002100000300<DATAERROR0045C060:0040FE000000004000000000FF4FFF0FFF300000FF<DATAERROR0000:0000100000000000:0000100000004FBUFFERFULL
2022-01-29 21:54:11.943 20100-20100/com.example.ids_for_can D/com.example.ids_for_can.MainActivity: cmdID: MONITOR_ALL, rawCmdResult: 
2022-01-29 21:54:12.004 20100-20100/com.example.ids_for_can V/ScrollCaptureInternal: hint: scrollY == 0
2022-01-29 21:54:12.020 20100-20100/com.example.ids_for_can D/com.example.ids_for_can.connectivity.AbstractGatewayService: Adding job[32] to queue...
2022-01-29 21:54:12.020 20100-20100/com.example.ids_for_can D/com.example.ids_for_can.connectivity.AbstractGatewayService: Job queued successfully.
2022-01-29 21:54:12.020 20100-20100/com.example.ids_for_can D/com.example.ids_for_can.connectivity.AbstractGatewayService: Adding job[33] to queue...
2022-01-29 21:54:12.020 20100-20170/com.example.ids_for_can D/com.example.ids_for_can.connectivity.ObdGatewayService: Taking job[32] from queue...
2022-01-29 21:54:12.020 20100-20170/com.example.ids_for_can D/com.example.ids_for_can.connectivity.ObdGatewayService: Job state is NEW. Run it...
2022-01-29 21:54:12.021 20100-20100/com.example.ids_for_can D/com.example.ids_for_can.connectivity.AbstractGatewayService: Job queued successfully.
2022-01-29 21:54:12.021 20100-20100/com.example.ids_for_can D/com.example.ids_for_can.connectivity.AbstractGatewayService: Adding job[34] to queue...
2022-01-29 21:54:12.021 20100-20100/com.example.ids_for_can D/com.example.ids_for_can.connectivity.AbstractGatewayService: Job queued successfully.
2022-01-29 21:54:12.021 20100-20100/com.example.ids_for_can D/com.example.ids_for_can.connectivity.AbstractGatewayService: Adding job[35] to queue...
2022-01-29 21:54:12.021 20100-20100/com.example.ids_for_can D/com.example.ids_for_can.connectivity.AbstractGatewayService: Job queued successfully.
2022-01-29 21:54:12.021 20100-20100/com.example.ids_for_can D/com.example.ids_for_can.connectivity.AbstractGatewayService: Adding job[36] to queue...
2022-01-29 21:54:12.021 20100-20100/com.example.ids_for_can D/com.example.ids_for_can.connectivity.AbstractGatewayService: Job queued successfully.
2022-01-29 21:54:12.021 20100-20100/com.example.ids_for_can D/com.example.ids_for_can.connectivity.AbstractGatewayService: Adding job[37] to queue...
2022-01-29 21:54:12.021 20100-20100/com.example.ids_for_can D/com.example.ids_for_can.connectivity.AbstractGatewayService: Job queued successfully.
2022-01-29 21:54:12.022 20100-20100/com.example.ids_for_can D/com.example.ids_for_can.connectivity.AbstractGatewayService: Adding job[38] to queue...
2022-01-29 21:54:12.022 20100-20100/com.example.ids_for_can D/com.example.ids_for_can.connectivity.AbstractGatewayService: Job queued successfully.
2022-01-29 21:54:12.022 20100-20100/com.example.ids_for_can D/com.example.ids_for_can.connectivity.AbstractGatewayService: Adding job[39] to queue...
2022-01-29 21:54:12.022 20100-20100/com.example.ids_for_can D/com.example.ids_for_can.connectivity.AbstractGatewayService: Job queued successfully.
2022-01-29 21:54:12.022 20100-20100/com.example.ids_for_can D/com.example.ids_for_can.connectivity.AbstractGatewayService: Adding job[40] to queue...
2022-01-29 21:54:12.022 20100-20100/com.example.ids_for_can D/com.example.ids_for_can.connectivity.AbstractGatewayService: Job queued successfully.
2022-01-29 21:54:12.024 20100-20100/com.example.ids_for_can D/com.example.ids_for_can.connectivity.AbstractGatewayService: Adding job[41] to queue...
2022-01-29 21:54:12.025 20100-20100/com.example.ids_for_can D/com.example.ids_for_can.connectivity.AbstractGatewayService: Job queued successfully.
2022-01-29 21:54:12.025 20100-20100/com.example.ids_for_can D/com.example.ids_for_can.connectivity.AbstractGatewayService: Adding job[42] to queue...
2022-01-29 21:54:12.025 20100-20100/com.example.ids_for_can D/com.example.ids_for_can.connectivity.AbstractGatewayService: Job queued successfully.
2022-01-29 21:54:12.026 20100-20100/com.example.ids_for_can D/com.example.ids_for_can.connectivity.AbstractGatewayService: Adding job[43] to queue...
2022-01-29 21:54:12.026 20100-20100/com.example.ids_for_can D/com.example.ids_for_can.connectivity.AbstractGatewayService: Job queued successfully.
2022-01-29 21:54:12.026 20100-20100/com.example.ids_for_can D/com.example.ids_for_can.connectivity.AbstractGatewayService: Adding job[44] to queue...
2022-01-29 21:54:12.026 20100-20100/com.example.ids_for_can D/com.example.ids_for_can.connectivity.AbstractGatewayService: Job queued successfully.
2022-01-29 21:54:12.026 20100-20100/com.example.ids_for_can D/com.example.ids_for_can.connectivity.AbstractGatewayService: Adding job[45] to queue...
2022-01-29 21:54:12.026 20100-20100/com.example.ids_for_can D/com.example.ids_for_can.connectivity.AbstractGatewayService: Job queued successfully.
2022-01-29 21:54:12.027 20100-20100/com.example.ids_for_can D/com.example.ids_for_can.connectivity.AbstractGatewayService: Adding job[46] to queue...
2022-01-29 21:54:12.027 20100-20100/com.example.ids_for_can D/com.example.ids_for_can.connectivity.AbstractGatewayService: Job queued successfully.
2022-01-29 21:54:12.027 20100-20100/com.example.ids_for_can D/com.example.ids_for_can.connectivity.AbstractGatewayService: Adding job[47] to queue...
2022-01-29 21:54:12.027 20100-20100/com.example.ids_for_can D/com.example.ids_for_can.connectivity.AbstractGatewayService: Job queued successfully.
2022-01-29 21:54:12.027 20100-20100/com.example.ids_for_can D/com.example.ids_for_can.connectivity.AbstractGatewayService: Adding job[48] to queue...
2022-01-29 21:54:12.027 20100-20100/com.example.ids_for_can D/com.example.ids_for_can.connectivity.AbstractGatewayService: Job queued successfully.
2022-01-29 21:54:12.027 20100-20100/com.example.ids_for_can D/com.example.ids_for_can.connectivity.AbstractGatewayService: Adding job[49] to queue...
2022-01-29 21:54:12.027 20100-20100/com.example.ids_for_can D/com.example.ids_for_can.connectivity.AbstractGatewayService: Job queued successfully.
2022-01-29 21:54:12.027 20100-20100/com.example.ids_for_can D/com.example.ids_for_can.connectivity.AbstractGatewayService: Adding job[50] to queue...
2022-01-29 21:54:12.027 20100-20100/com.example.ids_for_can D/com.example.ids_for_can.connectivity.AbstractGatewayService: Job queued successfully.
2022-01-29 21:54:12.027 20100-20100/com.example.ids_for_can D/com.example.ids_for_can.connectivity.AbstractGatewayService: Adding job[51] to queue...
2022-01-29 21:54:12.027 20100-20100/com.example.ids_for_can D/com.example.ids_for_can.connectivity.AbstractGatewayService: Job queued successfully.
2022-01-29 21:54:12.027 20100-20100/com.example.ids_for_can D/com.example.ids_for_can.connectivity.AbstractGatewayService: Adding job[52] to queue...
2022-01-29 21:54:12.028 20100-20100/com.example.ids_for_can D/com.example.ids_for_can.connectivity.AbstractGatewayService: Job queued successfully.
2022-01-29 21:54:12.028 20100-20100/com.example.ids_for_can D/com.example.ids_for_can.connectivity.AbstractGatewayService: Adding job[53] to queue...
2022-01-29 21:54:12.028 20100-20100/com.example.ids_for_can D/com.example.ids_for_can.connectivity.AbstractGatewayService: Job queued successfully.
2022-01-29 21:54:12.028 20100-20100/com.example.ids_for_can D/com.example.ids_for_can.connectivity.AbstractGatewayService: Adding job[54] to queue...
2022-01-29 21:54:12.028 20100-20100/com.example.ids_for_can D/com.example.ids_for_can.connectivity.AbstractGatewayService: Job queued successfully.
2022-01-29 21:54:12.028 20100-20100/com.example.ids_for_can D/com.example.ids_for_can.connectivity.AbstractGatewayService: Adding job[55] to queue...
2022-01-29 21:54:12.028 20100-20100/com.example.ids_for_can D/com.example.ids_for_can.connectivity.AbstractGatewayService: Job queued successfully.
2022-01-29 21:54:12.028 20100-20100/com.example.ids_for_can D/com.example.ids_for_can.connectivity.AbstractGatewayService: Adding job[56] to queue...
2022-01-29 21:54:12.028 20100-20100/com.example.ids_for_can D/com.example.ids_for_can.connectivity.AbstractGatewayService: Job queued successfully.
2022-01-29 21:54:12.028 20100-20100/com.example.ids_for_can D/com.example.ids_for_can.connectivity.AbstractGatewayService: Adding job[57] to queue...
2022-01-29 21:54:12.028 20100-20100/com.example.ids_for_can D/com.example.ids_for_can.connectivity.AbstractGatewayService: Job queued successfully.
2022-01-29 21:54:12.028 20100-20100/com.example.ids_for_can D/com.example.ids_for_can.connectivity.AbstractGatewayService: Adding job[58] to queue...
2022-01-29 21:54:12.028 20100-20100/com.example.ids_for_can D/com.example.ids_for_can.connectivity.AbstractGatewayService: Job queued successfully.
2022-01-29 21:54:12.029 20100-20100/com.example.ids_for_can D/com.example.ids_for_can.connectivity.AbstractGatewayService: Adding job[59] to queue...
2022-01-29 21:54:12.029 20100-20100/com.example.ids_for_can D/com.example.ids_for_can.connectivity.AbstractGatewayService: Job queued successfully.
2022-01-29 21:54:12.029 20100-20100/com.example.ids_for_can D/com.example.ids_for_can.connectivity.AbstractGatewayService: Adding job[60] to queue...
2022-01-29 21:54:12.029 20100-20100/com.example.ids_for_can D/com.example.ids_for_can.connectivity.AbstractGatewayService: Job queued successfully.
2022-01-29 21:54:12.029 20100-20100/com.example.ids_for_can D/com.example.ids_for_can.connectivity.AbstractGatewayService: Adding job[61] to queue...
2022-01-29 21:54:12.029 20100-20100/com.example.ids_for_can D/com.example.ids_for_can.connectivity.AbstractGatewayService: Job queued successfully.
2022-01-29 21:54:12.029 20100-20100/com.example.ids_for_can D/com.example.ids_for_can.connectivity.AbstractGatewayService: Adding job[62] to queue...
2022-01-29 21:54:12.029 20100-20100/com.example.ids_for_can D/com.example.ids_for_can.connectivity.AbstractGatewayService: Job queued successfully.
2022-01-29 21:54:12.353 20100-20170/com.example.ids_for_can D/ContentValues: readRawData -- ATMAString
2022-01-29 21:54:12.353 20100-20170/com.example.ids_for_can D/ContentValues: 41 42 00 00 41 42 00 00 41 42 2F AB 
2022-01-29 21:54:12.353 20100-20170/com.example.ids_for_can D/ContentValues: readRawData -- rawData -- SEARCHING_PATTERN
2022-01-29 21:54:12.353 20100-20170/com.example.ids_for_can D/ContentValues: 41 42 00 00 41 42 00 00 41 42 2F AB 
2022-01-29 21:54:12.353 20100-20170/com.example.ids_for_can D/ContentValues: readRawData -- rawData -- WHITESPACE PATTERN
2022-01-29 21:54:12.353 20100-20170/com.example.ids_for_can D/ContentValues: 414200004142000041422FAB
2022-01-29 21:54:12.355 20100-20170/com.example.ids_for_can D/ContentValues: fillBuffer -- rawData
2022-01-29 21:54:12.355 20100-20170/com.example.ids_for_can D/ContentValues: 414200004142000041422FAB
2022-01-29 21:54:12.355 20100-20170/com.example.ids_for_can D/ContentValues: fillBuffer -- buffer
2022-01-29 21:54:12.355 20100-20170/com.example.ids_for_can D/ContentValues: [65, 66, 0, 0, 65, 66, 0, 0, 65, 66, 47, 171]
2022-01-29 21:54:12.355 20100-20170/com.example.ids_for_can D/com.example.ids_for_can.connectivity.ObdGatewayService: Taking job[33] from queue...
2022-01-29 21:54:12.355 20100-20170/com.example.ids_for_can D/com.example.ids_for_can.connectivity.ObdGatewayService: Job state is NEW. Run it...
2022-01-29 21:54:12.357 20100-20100/com.example.ids_for_can D/com.example.ids_for_can.MainActivity: cmdID: CONTROL_MODULE_VOLTAGE, cmdResult: 0.0V
2022-01-29 21:54:12.357 20100-20100/com.example.ids_for_can D/com.example.ids_for_can.MainActivity: cmdID: CONTROL_MODULE_VOLTAGE, rawCmdResult: 414200004142000041422FAB
2022-01-29 21:54:12.665 20100-20170/com.example.ids_for_can D/ContentValues: readRawData -- ATMAString
2022-01-29 21:54:12.665 20100-20170/com.example.ids_for_can D/ContentValues: 41 44 FF FF 
2022-01-29 21:54:12.665 20100-20170/com.example.ids_for_can D/ContentValues: readRawData -- rawData -- SEARCHING_PATTERN
2022-01-29 21:54:12.665 20100-20170/com.example.ids_for_can D/ContentValues: 41 44 FF FF 
2022-01-29 21:54:12.665 20100-20170/com.example.ids_for_can D/ContentValues: readRawData -- rawData -- WHITESPACE PATTERN
2022-01-29 21:54:12.665 20100-20170/com.example.ids_for_can D/ContentValues: 4144FFFF
2022-01-29 21:54:12.666 20100-20170/com.example.ids_for_can D/ContentValues: fillBuffer -- rawData
2022-01-29 21:54:12.666 20100-20170/com.example.ids_for_can D/ContentValues: 4144FFFF
2022-01-29 21:54:12.666 20100-20170/com.example.ids_for_can D/ContentValues: fillBuffer -- buffer
2022-01-29 21:54:12.666 20100-20170/com.example.ids_for_can D/ContentValues: [65, 68, 255, 255]
2022-01-29 21:54:12.666 20100-20170/com.example.ids_for_can D/com.example.ids_for_can.connectivity.ObdGatewayService: Taking job[34] from queue...
2022-01-29 21:54:12.666 20100-20170/com.example.ids_for_can D/com.example.ids_for_can.connectivity.ObdGatewayService: Job state is NEW. Run it...
2022-01-29 21:54:12.668 20100-20100/com.example.ids_for_can D/com.example.ids_for_can.MainActivity: cmdID: EQUIV_RATIO, cmdResult: 1.0%
2022-01-29 21:54:12.668 20100-20100/com.example.ids_for_can D/com.example.ids_for_can.MainActivity: cmdID: EQUIV_RATIO, rawCmdResult: 4144FFFF
2022-01-29 21:54:12.922 20100-20170/com.example.ids_for_can D/ContentValues: readRawData -- ATMAString
2022-01-29 21:54:12.922 20100-20170/com.example.ids_for_can D/ContentValues: 41 21 00 00 41 21 00 00 41 21 00 08 
2022-01-29 21:54:12.922 20100-20170/com.example.ids_for_can D/ContentValues: readRawData -- rawData -- SEARCHING_PATTERN
2022-01-29 21:54:12.922 20100-20170/com.example.ids_for_can D/ContentValues: 41 21 00 00 41 21 00 00 41 21 00 08 
2022-01-29 21:54:12.922 20100-20170/com.example.ids_for_can D/ContentValues: readRawData -- rawData -- WHITESPACE PATTERN
2022-01-29 21:54:12.922 20100-20170/com.example.ids_for_can D/ContentValues: 412100004121000041210008
2022-01-29 21:54:12.924 20100-20170/com.example.ids_for_can D/ContentValues: fillBuffer -- rawData
2022-01-29 21:54:12.924 20100-20170/com.example.ids_for_can D/ContentValues: 412100004121000041210008
2022-01-29 21:54:12.924 20100-20170/com.example.ids_for_can D/ContentValues: fillBuffer -- buffer
2022-01-29 21:54:12.924 20100-20170/com.example.ids_for_can D/ContentValues: [65, 33, 0, 0, 65, 33, 0, 0, 65, 33, 0, 8]
2022-01-29 21:54:12.924 20100-20170/com.example.ids_for_can D/com.example.ids_for_can.connectivity.ObdGatewayService: Taking job[35] from queue...
2022-01-29 21:54:12.924 20100-20170/com.example.ids_for_can D/com.example.ids_for_can.connectivity.ObdGatewayService: Job state is NEW. Run it...
2022-01-29 21:54:12.926 20100-20100/com.example.ids_for_can D/com.example.ids_for_can.MainActivity: cmdID: DISTANCE_TRAVELED_MIL_ON, cmdResult: 0km
2022-01-29 21:54:12.926 20100-20100/com.example.ids_for_can D/com.example.ids_for_can.MainActivity: cmdID: DISTANCE_TRAVELED_MIL_ON, rawCmdResult: 412100004121000041210008
2022-01-29 21:54:13.032 20100-20170/com.example.ids_for_can D/ContentValues: readRawData -- ATMAString
2022-01-29 21:54:13.032 20100-20170/com.example.ids_for_can D/ContentValues: 41 01 00 04 00 00 41 01 00 04 00 00 41 01 01 07 E5 00 
2022-01-29 21:54:13.032 20100-20170/com.example.ids_for_can D/ContentValues: readRawData -- rawData -- SEARCHING_PATTERN
2022-01-29 21:54:13.032 20100-20170/com.example.ids_for_can D/ContentValues: 41 01 00 04 00 00 41 01 00 04 00 00 41 01 01 07 E5 00 
2022-01-29 21:54:13.032 20100-20170/com.example.ids_for_can D/ContentValues: readRawData -- rawData -- WHITESPACE PATTERN
2022-01-29 21:54:13.032 20100-20170/com.example.ids_for_can D/ContentValues: 41010004000041010004000041010107E500
2022-01-29 21:54:13.033 20100-20170/com.example.ids_for_can D/ContentValues: fillBuffer -- rawData
2022-01-29 21:54:13.033 20100-20170/com.example.ids_for_can D/ContentValues: 41010004000041010004000041010107E500
2022-01-29 21:54:13.034 20100-20170/com.example.ids_for_can D/ContentValues: fillBuffer -- buffer
2022-01-29 21:54:13.034 20100-20170/com.example.ids_for_can D/ContentValues: [65, 1, 0, 4, 0, 0, 65, 1, 0, 4, 0, 0, 65, 1, 1, 7, 229, 0]
2022-01-29 21:54:13.034 20100-20170/com.example.ids_for_can D/com.example.ids_for_can.connectivity.ObdGatewayService: Taking job[36] from queue...
2022-01-29 21:54:13.034 20100-20170/com.example.ids_for_can D/com.example.ids_for_can.connectivity.ObdGatewayService: Job state is NEW. Run it...
2022-01-29 21:54:13.035 20100-20100/com.example.ids_for_can D/com.example.ids_for_can.MainActivity: cmdID: DTC_NUMBER, cmdResult: MIL is OFF0 codes
2022-01-29 21:54:13.035 20100-20100/com.example.ids_for_can D/com.example.ids_for_can.MainActivity: cmdID: DTC_NUMBER, rawCmdResult: 41010004000041010004000041010107E500
2022-01-29 21:54:13.223 20100-20170/com.example.ids_for_can D/ContentValues: readRawData -- ATMAString
2022-01-29 21:54:13.223 20100-20170/com.example.ids_for_can D/ContentValues: 41 0E 80 
2022-01-29 21:54:13.223 20100-20170/com.example.ids_for_can D/ContentValues: readRawData -- rawData -- SEARCHING_PATTERN
2022-01-29 21:54:13.223 20100-20170/com.example.ids_for_can D/ContentValues: 41 0E 80 
2022-01-29 21:54:13.224 20100-20170/com.example.ids_for_can D/ContentValues: readRawData -- rawData -- WHITESPACE PATTERN
2022-01-29 21:54:13.224 20100-20170/com.example.ids_for_can D/ContentValues: 410E80
2022-01-29 21:54:13.225 20100-20170/com.example.ids_for_can D/ContentValues: fillBuffer -- rawData
2022-01-29 21:54:13.225 20100-20170/com.example.ids_for_can D/ContentValues: 410E80
2022-01-29 21:54:13.225 20100-20170/com.example.ids_for_can D/ContentValues: fillBuffer -- buffer
2022-01-29 21:54:13.225 20100-20170/com.example.ids_for_can D/ContentValues: [65, 14, 128]
2022-01-29 21:54:13.225 20100-20170/com.example.ids_for_can D/com.example.ids_for_can.connectivity.ObdGatewayService: Taking job[37] from queue...
2022-01-29 21:54:13.225 20100-20170/com.example.ids_for_can D/com.example.ids_for_can.connectivity.ObdGatewayService: Job state is NEW. Run it...
2022-01-29 21:54:13.227 20100-20100/com.example.ids_for_can D/com.example.ids_for_can.MainActivity: cmdID: TIMING_ADVANCE, cmdResult: 50.2%
2022-01-29 21:54:13.227 20100-20100/com.example.ids_for_can D/com.example.ids_for_can.MainActivity: cmdID: TIMING_ADVANCE, rawCmdResult: 410E80
2022-01-29 21:54:13.413 20100-20170/com.example.ids_for_can D/com.example.ids_for_can.connectivity.ObdGatewayService: Taking job[38] from queue...
2022-01-29 21:54:13.413 20100-20170/com.example.ids_for_can D/com.example.ids_for_can.connectivity.ObdGatewayService: Job state is NEW. Run it...
2022-01-29 21:54:13.413 20100-20170/com.example.ids_for_can D/com.example.ids_for_can.connectivity.ObdGatewayService: Taking job[39] from queue...
2022-01-29 21:54:13.413 20100-20170/com.example.ids_for_can D/com.example.ids_for_can.connectivity.ObdGatewayService: Job state is NEW. Run it...
2022-01-29 21:54:13.416 20100-20100/com.example.ids_for_can D/com.example.ids_for_can.MainActivity: cmdID: TROUBLE_CODES, cmdResult: C0300
    C0301
    P0463
2022-01-29 21:54:13.416 20100-20100/com.example.ids_for_can D/com.example.ids_for_can.MainActivity: cmdID: TROUBLE_CODES, rawCmdResult: 4300430043010463
2022-01-29 21:54:13.417 20100-20100/com.example.ids_for_can D/com.example.ids_for_can.MainActivity: cmdID: VIN, cmdResult: 1GNKVGED1BJ311858
2022-01-29 21:54:13.417 20100-20100/com.example.ids_for_can D/com.example.ids_for_can.MainActivity: cmdID: VIN, rawCmdResult: 0140:49020131474E1:4B5647454431422:4A333131383538
2022-01-29 21:54:13.517 20100-20170/com.example.ids_for_can D/ContentValues: readRawData -- ATMAString
2022-01-29 21:54:13.517 20100-20170/com.example.ids_for_can D/ContentValues: 41 04 00 
2022-01-29 21:54:13.517 20100-20170/com.example.ids_for_can D/ContentValues: readRawData -- rawData -- SEARCHING_PATTERN
2022-01-29 21:54:13.517 20100-20170/com.example.ids_for_can D/ContentValues: 41 04 00 
2022-01-29 21:54:13.517 20100-20170/com.example.ids_for_can D/ContentValues: readRawData -- rawData -- WHITESPACE PATTERN
2022-01-29 21:54:13.517 20100-20170/com.example.ids_for_can D/ContentValues: 410400
2022-01-29 21:54:13.518 20100-20170/com.example.ids_for_can D/ContentValues: fillBuffer -- rawData
2022-01-29 21:54:13.518 20100-20170/com.example.ids_for_can D/ContentValues: 410400
2022-01-29 21:54:13.518 20100-20170/com.example.ids_for_can D/ContentValues: fillBuffer -- buffer
2022-01-29 21:54:13.518 20100-20170/com.example.ids_for_can D/ContentValues: [65, 4, 0]
2022-01-29 21:54:13.518 20100-20170/com.example.ids_for_can D/com.example.ids_for_can.connectivity.ObdGatewayService: Taking job[40] from queue...
2022-01-29 21:54:13.518 20100-20170/com.example.ids_for_can D/com.example.ids_for_can.connectivity.ObdGatewayService: Job state is NEW. Run it...
2022-01-29 21:54:13.520 20100-20100/com.example.ids_for_can D/com.example.ids_for_can.MainActivity: cmdID: ENGINE_LOAD, cmdResult: 0.0%
2022-01-29 21:54:13.520 20100-20100/com.example.ids_for_can D/com.example.ids_for_can.MainActivity: cmdID: ENGINE_LOAD, rawCmdResult: 410400
2022-01-29 21:54:13.637 20100-20170/com.example.ids_for_can D/ContentValues: readRawData -- ATMAString
2022-01-29 21:54:13.637 20100-20170/com.example.ids_for_can D/ContentValues: 41 0C 00 00 
2022-01-29 21:54:13.637 20100-20170/com.example.ids_for_can D/ContentValues: readRawData -- rawData -- SEARCHING_PATTERN
2022-01-29 21:54:13.637 20100-20170/com.example.ids_for_can D/ContentValues: 41 0C 00 00 
2022-01-29 21:54:13.638 20100-20170/com.example.ids_for_can D/ContentValues: readRawData -- rawData -- WHITESPACE PATTERN
2022-01-29 21:54:13.638 20100-20170/com.example.ids_for_can D/ContentValues: 410C0000
2022-01-29 21:54:13.640 20100-20170/com.example.ids_for_can D/ContentValues: fillBuffer -- rawData
2022-01-29 21:54:13.640 20100-20170/com.example.ids_for_can D/ContentValues: 410C0000
2022-01-29 21:54:13.640 20100-20170/com.example.ids_for_can D/ContentValues: fillBuffer -- buffer
2022-01-29 21:54:13.640 20100-20170/com.example.ids_for_can D/ContentValues: [65, 12, 0, 0]
2022-01-29 21:54:13.640 20100-20170/com.example.ids_for_can D/com.example.ids_for_can.connectivity.ObdGatewayService: Taking job[41] from queue...
2022-01-29 21:54:13.640 20100-20170/com.example.ids_for_can D/com.example.ids_for_can.connectivity.ObdGatewayService: Job state is NEW. Run it...
2022-01-29 21:54:13.643 20100-20100/com.example.ids_for_can D/com.example.ids_for_can.MainActivity: cmdID: ENGINE_RPM, cmdResult: 0RPM
2022-01-29 21:54:13.643 20100-20100/com.example.ids_for_can D/com.example.ids_for_can.MainActivity: cmdID: ENGINE_RPM, rawCmdResult: 410C0000
2022-01-29 21:54:13.814 20100-20170/com.example.ids_for_can D/ContentValues: readRawData -- ATMAString
2022-01-29 21:54:13.814 20100-20170/com.example.ids_for_can D/ContentValues: 41 1F 00 00 
2022-01-29 21:54:13.815 20100-20170/com.example.ids_for_can D/ContentValues: readRawData -- rawData -- SEARCHING_PATTERN
2022-01-29 21:54:13.815 20100-20170/com.example.ids_for_can D/ContentValues: 41 1F 00 00 
2022-01-29 21:54:13.815 20100-20170/com.example.ids_for_can D/ContentValues: readRawData -- rawData -- WHITESPACE PATTERN
2022-01-29 21:54:13.815 20100-20170/com.example.ids_for_can D/ContentValues: 411F0000
2022-01-29 21:54:13.817 20100-20170/com.example.ids_for_can D/ContentValues: fillBuffer -- rawData
2022-01-29 21:54:13.817 20100-20170/com.example.ids_for_can D/ContentValues: 411F0000
2022-01-29 21:54:13.818 20100-20170/com.example.ids_for_can D/ContentValues: fillBuffer -- buffer
2022-01-29 21:54:13.818 20100-20170/com.example.ids_for_can D/ContentValues: [65, 31, 0, 0]
2022-01-29 21:54:13.818 20100-20170/com.example.ids_for_can D/com.example.ids_for_can.connectivity.ObdGatewayService: Taking job[42] from queue...
2022-01-29 21:54:13.818 20100-20170/com.example.ids_for_can D/com.example.ids_for_can.connectivity.ObdGatewayService: Job state is NEW. Run it...
2022-01-29 21:54:13.822 20100-20100/com.example.ids_for_can D/com.example.ids_for_can.MainActivity: cmdID: ENGINE_RUNTIME, cmdResult: 00:00:00
2022-01-29 21:54:13.822 20100-20100/com.example.ids_for_can D/com.example.ids_for_can.MainActivity: cmdID: ENGINE_RUNTIME, rawCmdResult: 411F0000
2022-01-29 21:54:13.962 20100-20170/com.example.ids_for_can D/ContentValues: readRawData -- ATMAString
2022-01-29 21:54:13.962 20100-20170/com.example.ids_for_can D/ContentValues: 41 10 00 00 
2022-01-29 21:54:13.962 20100-20170/com.example.ids_for_can D/ContentValues: readRawData -- rawData -- SEARCHING_PATTERN
2022-01-29 21:54:13.962 20100-20170/com.example.ids_for_can D/ContentValues: 41 10 00 00 
2022-01-29 21:54:13.962 20100-20170/com.example.ids_for_can D/ContentValues: readRawData -- rawData -- WHITESPACE PATTERN
2022-01-29 21:54:13.962 20100-20170/com.example.ids_for_can D/ContentValues: 41100000
2022-01-29 21:54:13.964 20100-20170/com.example.ids_for_can D/ContentValues: fillBuffer -- rawData
2022-01-29 21:54:13.965 20100-20170/com.example.ids_for_can D/ContentValues: 41100000
2022-01-29 21:54:13.965 20100-20170/com.example.ids_for_can D/ContentValues: fillBuffer -- buffer
2022-01-29 21:54:13.965 20100-20170/com.example.ids_for_can D/ContentValues: [65, 16, 0, 0]
2022-01-29 21:54:13.965 20100-20170/com.example.ids_for_can D/com.example.ids_for_can.connectivity.ObdGatewayService: Taking job[43] from queue...
2022-01-29 21:54:13.965 20100-20170/com.example.ids_for_can D/com.example.ids_for_can.connectivity.ObdGatewayService: Job state is NEW. Run it...
2022-01-29 21:54:13.968 20100-20100/com.example.ids_for_can D/com.example.ids_for_can.MainActivity: cmdID: MAF, cmdResult: 0.00g/s
2022-01-29 21:54:13.968 20100-20100/com.example.ids_for_can D/com.example.ids_for_can.MainActivity: cmdID: MAF, rawCmdResult: 41100000
2022-01-29 21:54:14.108 20100-20170/com.example.ids_for_can D/ContentValues: readRawData -- ATMAString
2022-01-29 21:54:14.108 20100-20170/com.example.ids_for_can D/ContentValues: 41 11 54 
2022-01-29 21:54:14.109 20100-20170/com.example.ids_for_can D/ContentValues: readRawData -- rawData -- SEARCHING_PATTERN
2022-01-29 21:54:14.109 20100-20170/com.example.ids_for_can D/ContentValues: 41 11 54 
2022-01-29 21:54:14.109 20100-20170/com.example.ids_for_can D/ContentValues: readRawData -- rawData -- WHITESPACE PATTERN
2022-01-29 21:54:14.109 20100-20170/com.example.ids_for_can D/ContentValues: 411154
2022-01-29 21:54:14.111 20100-20170/com.example.ids_for_can D/ContentValues: fillBuffer -- rawData
2022-01-29 21:54:14.112 20100-20170/com.example.ids_for_can D/ContentValues: 411154
2022-01-29 21:54:14.112 20100-20170/com.example.ids_for_can D/ContentValues: fillBuffer -- buffer
2022-01-29 21:54:14.112 20100-20170/com.example.ids_for_can D/ContentValues: [65, 17, 84]
2022-01-29 21:54:14.112 20100-20170/com.example.ids_for_can D/com.example.ids_for_can.connectivity.ObdGatewayService: Taking job[44] from queue...
2022-01-29 21:54:14.112 20100-20170/com.example.ids_for_can D/com.example.ids_for_can.connectivity.ObdGatewayService: Job state is NEW. Run it...
2022-01-29 21:54:14.116 20100-20100/com.example.ids_for_can D/com.example.ids_for_can.MainActivity: cmdID: THROTTLE_POS, cmdResult: 32.9%
2022-01-29 21:54:14.116 20100-20100/com.example.ids_for_can D/com.example.ids_for_can.MainActivity: cmdID: THROTTLE_POS, rawCmdResult: 411154
2022-01-29 21:54:14.451 20100-20170/com.example.ids_for_can D/ContentValues: readRawData -- ATMAString
2022-01-29 21:54:14.451 20100-20170/com.example.ids_for_can D/ContentValues: NO DATA
2022-01-29 21:54:14.451 20100-20170/com.example.ids_for_can D/ContentValues: readRawData -- rawData -- SEARCHING_PATTERN
2022-01-29 21:54:14.451 20100-20170/com.example.ids_for_can D/ContentValues: NO DATA
2022-01-29 21:54:14.451 20100-20170/com.example.ids_for_can D/ContentValues: readRawData -- rawData -- WHITESPACE PATTERN
2022-01-29 21:54:14.451 20100-20170/com.example.ids_for_can D/ContentValues: NODATA
2022-01-29 21:54:14.452 20100-20170/com.example.ids_for_can E/com.example.ids_for_can.connectivity.ObdGatewayService: com.github.pires.obd.exceptions.NoDataException: Error running 01 51, response: NODATA
