2022-01-29 21:54:26.839 20100-20372/com.example.ids_for_can D/ContentValues: OK
2022-01-29 21:54:26.839 20100-20372/com.example.ids_for_can E/com.example.ids_for_can.connectivity.ObdGatewayService: java.lang.ArrayIndexOutOfBoundsException: length=1; index=1
2022-01-29 21:54:26.839 20100-20372/com.example.ids_for_can E/com.example.ids_for_can.connectivity.ObdGatewayService: Failed to run command. -> length=1; index=1
2022-01-29 21:54:26.840 20100-20372/com.example.ids_for_can D/com.example.ids_for_can.connectivity.ObdGatewayService: Taking job[4] from queue...
2022-01-29 21:54:26.840 20100-20372/com.example.ids_for_can D/com.example.ids_for_can.connectivity.ObdGatewayService: Job state is NEW. Run it...
2022-01-29 21:54:26.842 20100-20100/com.example.ids_for_can D/com.example.ids_for_can.MainActivity: cmdID: Echo Off, cmdResult: ATE0OK
2022-01-29 21:54:26.842 20100-20100/com.example.ids_for_can D/com.example.ids_for_can.MainActivity: cmdID: Echo Off, rawCmdResult: 
2022-01-29 21:54:26.959 20100-20372/com.example.ids_for_can D/ContentValues: readRawData -- ATMAString
2022-01-29 21:54:26.959 20100-20372/com.example.ids_for_can D/ContentValues: OK
2022-01-29 21:54:26.959 20100-20372/com.example.ids_for_can D/ContentValues: readRawData -- rawData -- SEARCHING_PATTERN
2022-01-29 21:54:26.959 20100-20372/com.example.ids_for_can D/ContentValues: OK
2022-01-29 21:54:26.959 20100-20372/com.example.ids_for_can D/ContentValues: readRawData -- rawData -- WHITESPACE PATTERN
2022-01-29 21:54:26.960 20100-20372/com.example.ids_for_can D/ContentValues: OK
2022-01-29 21:54:26.960 20100-20372/com.example.ids_for_can D/ContentValues: ATMAArray
2022-01-29 21:54:26.960 20100-20372/com.example.ids_for_can D/ContentValues: OK
2022-01-29 21:54:26.960 20100-20372/com.example.ids_for_can E/com.example.ids_for_can.connectivity.ObdGatewayService: java.lang.ArrayIndexOutOfBoundsException: length=1; index=1
2022-01-29 21:54:26.960 20100-20372/com.example.ids_for_can E/com.example.ids_for_can.connectivity.ObdGatewayService: Failed to run command. -> length=1; index=1
2022-01-29 21:54:26.961 20100-20372/com.example.ids_for_can D/com.example.ids_for_can.connectivity.ObdGatewayService: Taking job[5] from queue...
2022-01-29 21:54:26.961 20100-20372/com.example.ids_for_can D/com.example.ids_for_can.connectivity.ObdGatewayService: Job state is NEW. Run it...
2022-01-29 21:54:26.971 20100-20100/com.example.ids_for_can D/com.example.ids_for_can.MainActivity: cmdID: Spaces On, cmdResult: OK
2022-01-29 21:54:26.971 20100-20100/com.example.ids_for_can D/com.example.ids_for_can.MainActivity: cmdID: Spaces On, rawCmdResult: 
2022-01-29 21:54:27.117 20100-20372/com.example.ids_for_can D/ContentValues: readRawData -- ATMAString
2022-01-29 21:54:27.117 20100-20372/com.example.ids_for_can D/ContentValues: OK
2022-01-29 21:54:27.118 20100-20372/com.example.ids_for_can D/ContentValues: readRawData -- rawData -- SEARCHING_PATTERN
2022-01-29 21:54:27.118 20100-20372/com.example.ids_for_can D/ContentValues: OK
2022-01-29 21:54:27.118 20100-20372/com.example.ids_for_can D/ContentValues: readRawData -- rawData -- WHITESPACE PATTERN
2022-01-29 21:54:27.118 20100-20372/com.example.ids_for_can D/ContentValues: OK
2022-01-29 21:54:27.118 20100-20372/com.example.ids_for_can D/ContentValues: ATMAArray
2022-01-29 21:54:27.118 20100-20372/com.example.ids_for_can D/ContentValues: OK
2022-01-29 21:54:27.119 20100-20372/com.example.ids_for_can E/com.example.ids_for_can.connectivity.ObdGatewayService: java.lang.ArrayIndexOutOfBoundsException: length=1; index=1
2022-01-29 21:54:27.119 20100-20372/com.example.ids_for_can E/com.example.ids_for_can.connectivity.ObdGatewayService: Failed to run command. -> length=1; index=1
2022-01-29 21:54:27.119 20100-20372/com.example.ids_for_can D/com.example.ids_for_can.connectivity.ObdGatewayService: Taking job[6] from queue...
2022-01-29 21:54:27.119 20100-20372/com.example.ids_for_can D/com.example.ids_for_can.connectivity.ObdGatewayService: Job state is NEW. Run it...
2022-01-29 21:54:27.123 20100-20100/com.example.ids_for_can D/com.example.ids_for_can.MainActivity: cmdID: Headers Enabled, cmdResult: OK
2022-01-29 21:54:27.123 20100-20100/com.example.ids_for_can D/com.example.ids_for_can.MainActivity: cmdID: Headers Enabled, rawCmdResult: 
2022-01-29 21:54:27.236 20100-20372/com.example.ids_for_can D/ContentValues: readRawData -- ATMAString
2022-01-29 21:54:27.236 20100-20372/com.example.ids_for_can D/ContentValues: OK
2022-01-29 21:54:27.236 20100-20372/com.example.ids_for_can D/ContentValues: readRawData -- rawData -- SEARCHING_PATTERN
2022-01-29 21:54:27.236 20100-20372/com.example.ids_for_can D/ContentValues: OK
2022-01-29 21:54:27.236 20100-20372/com.example.ids_for_can D/ContentValues: readRawData -- rawData -- WHITESPACE PATTERN
2022-01-29 21:54:27.236 20100-20372/com.example.ids_for_can D/ContentValues: OK
2022-01-29 21:54:27.237 20100-20372/com.example.ids_for_can D/ContentValues: ATMAArray
2022-01-29 21:54:27.237 20100-20372/com.example.ids_for_can D/ContentValues: OK
2022-01-29 21:54:27.237 20100-20372/com.example.ids_for_can E/com.example.ids_for_can.connectivity.ObdGatewayService: java.lang.ArrayIndexOutOfBoundsException: length=1; index=1
2022-01-29 21:54:27.237 20100-20372/com.example.ids_for_can E/com.example.ids_for_can.connectivity.ObdGatewayService: Failed to run command. -> length=1; index=1
2022-01-29 21:54:27.237 20100-20372/com.example.ids_for_can D/com.example.ids_for_can.connectivity.ObdGatewayService: Taking job[7] from queue...
2022-01-29 21:54:27.237 20100-20372/com.example.ids_for_can D/com.example.ids_for_can.connectivity.ObdGatewayService: Job state is NEW. Run it...
2022-01-29 21:54:27.241 20100-20100/com.example.ids_for_can D/com.example.ids_for_can.MainActivity: cmdID: Select Protocol ISO_15765_4_CAN, cmdResult: OK
2022-01-29 21:54:27.241 20100-20100/com.example.ids_for_can D/com.example.ids_for_can.MainActivity: cmdID: Select Protocol ISO_15765_4_CAN, rawCmdResult: 
2022-01-29 21:54:27.562 20100-20372/com.example.ids_for_can D/ContentValues: readRawData -- ATMAString
2022-01-29 21:54:27.562 20100-20372/com.example.ids_for_can D/ContentValues: 19D 80 00 3F FE 00 00 00 FF <DATA ERROR
    1AF 00 00 00 
    1F5 0F 0F 00 21 00 00 03 00 <DATA ERROR
    0F1 34 06 00 
    0C9 00 00 00 0D 00 00 00 00 
    191 06 2B 09 0C 09 0C 00 
    1ED 00 00 00 00 00 00 08 00 
    1EF 00 00 00 00 
    1A1 00 10 00 00 00 00 00 00 
    1C3 06 2B 06 2B 00 00 00 
    BUFFER FULL
2022-01-29 21:54:27.562 20100-20372/com.example.ids_for_can D/ContentValues: readRawData -- rawData -- SEARCHING_PATTERN
2022-01-29 21:54:27.562 20100-20372/com.example.ids_for_can D/ContentValues: 19D 80 00 3F FE 00 00 00 FF <DATA ERROR
    1AF 00 00 00 
    1F5 0F 0F 00 21 00 00 03 00 <DATA ERROR
    0F1 34 06 00 
    0C9 00 00 00 0D 00 00 00 00 
    191 06 2B 09 0C 09 0C 00 
    1ED 00 00 00 00 00 00 08 00 
    1EF 00 00 00 00 
    1A1 00 10 00 00 00 00 00 00 
    1C3 06 2B 06 2B 00 00 00 
    BUFFER FULL
2022-01-29 21:54:27.564 20100-20372/com.example.ids_for_can D/ContentValues: readRawData -- rawData -- WHITESPACE PATTERN
2022-01-29 21:54:27.564 20100-20372/com.example.ids_for_can D/ContentValues: 19D80003FFE000000FF<DATAERROR1AF0000001F50F0F002100000300<DATAERROR0F13406000C90000000D00000000191062B090C090C001ED00000000000008001EF000000001A100100000000000001C3062B062B000000BUFFERFULL
2022-01-29 21:54:27.565 20100-20372/com.example.ids_for_can D/ContentValues: ATMAArray
2022-01-29 21:54:27.565 20100-20372/com.example.ids_for_can D/ContentValues: 19D 80 00 3F FE 00 00 00 FF <DATA ERROR
2022-01-29 21:54:27.565 20100-20372/com.example.ids_for_can D/ContentValues: 1AF 00 00 00 
2022-01-29 21:54:27.565 20100-20372/com.example.ids_for_can D/ContentValues: 1F5 0F 0F 00 21 00 00 03 00 <DATA ERROR
2022-01-29 21:54:27.565 20100-20372/com.example.ids_for_can D/ContentValues: 0F1 34 06 00 
2022-01-29 21:54:27.565 20100-20372/com.example.ids_for_can D/ContentValues: 0C9 00 00 00 0D 00 00 00 00 
2022-01-29 21:54:27.565 20100-20372/com.example.ids_for_can D/ContentValues: 191 06 2B 09 0C 09 0C 00 
2022-01-29 21:54:27.565 20100-20372/com.example.ids_for_can D/ContentValues: 1ED 00 00 00 00 00 00 08 00 
2022-01-29 21:54:27.565 20100-20372/com.example.ids_for_can D/ContentValues: 1EF 00 00 00 00 
2022-01-29 21:54:27.565 20100-20372/com.example.ids_for_can D/ContentValues: 1A1 00 10 00 00 00 00 00 00 
2022-01-29 21:54:27.565 20100-20372/com.example.ids_for_can D/ContentValues: 1C3 06 2B 06 2B 00 00 00 
2022-01-29 21:54:27.565 20100-20372/com.example.ids_for_can D/ContentValues: BUFFER FULL
2022-01-29 21:54:27.565 20100-20372/com.example.ids_for_can D/ContentValues: ATMAMap
2022-01-29 21:54:27.566 20100-20372/com.example.ids_for_can D/ContentValues: {1F5=[0F 0F 00 21 00 00 03 00 <DATA ERROR], 1ED=[00 00 00 00 00 00 08 00], 1A1=[00 10 00 00 00 00 00 00], 1C3=[06 2B 06 2B 00 00 00], 1EF=[00 00 00 00], ELM327=[v1.5, v1.5], AT=[E0OK, L1OK, E0], 1AF=[00 00 00], 0C9=[00 00 00 0D 00 00 00 00], 191=[06 2B 09 0C 09 0C 00], 0F1=[34 06 00], 19D=[80 00 3F FE 00 00 00 FF <DATA ERROR]}
2022-01-29 21:54:27.567 20100-20100/com.example.ids_for_can D/ContentValues: rawData: 19D80003FFE000000FF<DATAERROR1AF0000001F50F0F002100000300<DATAERROR0F13406000C90000000D00000000191062B090C090C001ED00000000000008001EF000000001A100100000000000001C3062B062B000000BUFFERFULL
2022-01-29 21:54:27.567 20100-20100/com.example.ids_for_can D/ContentValues: buffer: []
2022-01-29 21:54:27.571 20100-20100/com.example.ids_for_can D/com.example.ids_for_can.MainActivity: cmdID: MONITOR_ALL, cmdResult: 19D80003FFE000000FF<DATAERROR1AF0000001F50F0F002100000300<DATAERROR0F13406000C90000000D00000000191062B090C090C001ED00000000000008001EF000000001A100100000000000001C3062B062B000000BUFFERFULL
2022-01-29 21:54:27.571 20100-20100/com.example.ids_for_can D/com.example.ids_for_can.MainActivity: cmdID: MONITOR_ALL, rawCmdResult: 19D80003FFE000000FF<DATAERROR1AF0000001F50F0F002100000300<DATAERROR0F13406000C90000000D00000000191062B090C090C001ED00000000000008001EF000000001A100100000000000001C3062B062B000000BUFFERFULL
2022-01-29 21:54:28.047 20100-20100/com.example.ids_for_can D/com.example.ids_for_can.connectivity.AbstractGatewayService: Adding job[8] to queue...
2022-01-29 21:54:28.047 20100-20100/com.example.ids_for_can D/com.example.ids_for_can.connectivity.AbstractGatewayService: Job queued successfully.
2022-01-29 21:54:28.047 20100-20100/com.example.ids_for_can D/com.example.ids_for_can.connectivity.AbstractGatewayService: Adding job[9] to queue...
2022-01-29 21:54:28.047 20100-20100/com.example.ids_for_can D/com.example.ids_for_can.connectivity.AbstractGatewayService: Job queued successfully.
2022-01-29 21:54:28.048 20100-20100/com.example.ids_for_can D/com.example.ids_for_can.connectivity.AbstractGatewayService: Adding job[10] to queue...
2022-01-29 21:54:28.048 20100-20100/com.example.ids_for_can D/com.example.ids_for_can.connectivity.AbstractGatewayService: Job queued successfully.
2022-01-29 21:54:28.048 20100-20100/com.example.ids_for_can D/com.example.ids_for_can.connectivity.AbstractGatewayService: Adding job[11] to queue...
2022-01-29 21:54:28.048 20100-20372/com.example.ids_for_can D/com.example.ids_for_can.connectivity.ObdGatewayService: Taking job[8] from queue...
2022-01-29 21:54:28.048 20100-20100/com.example.ids_for_can D/com.example.ids_for_can.connectivity.AbstractGatewayService: Job queued successfully.
2022-01-29 21:54:28.048 20100-20372/com.example.ids_for_can D/com.example.ids_for_can.connectivity.ObdGatewayService: Job state is NEW. Run it...
2022-01-29 21:54:28.048 20100-20100/com.example.ids_for_can D/com.example.ids_for_can.connectivity.AbstractGatewayService: Adding job[12] to queue...
2022-01-29 21:54:28.048 20100-20100/com.example.ids_for_can D/com.example.ids_for_can.connectivity.AbstractGatewayService: Job queued successfully.
2022-01-29 21:54:28.048 20100-20100/com.example.ids_for_can D/com.example.ids_for_can.connectivity.AbstractGatewayService: Adding job[13] to queue...
2022-01-29 21:54:28.048 20100-20100/com.example.ids_for_can D/com.example.ids_for_can.connectivity.AbstractGatewayService: Job queued successfully.
2022-01-29 21:54:28.049 20100-20100/com.example.ids_for_can D/com.example.ids_for_can.connectivity.AbstractGatewayService: Adding job[14] to queue...
2022-01-29 21:54:28.049 20100-20100/com.example.ids_for_can D/com.example.ids_for_can.connectivity.AbstractGatewayService: Job queued successfully.
2022-01-29 21:54:28.049 20100-20100/com.example.ids_for_can D/com.example.ids_for_can.connectivity.AbstractGatewayService: Adding job[15] to queue...
2022-01-29 21:54:28.049 20100-20100/com.example.ids_for_can D/com.example.ids_for_can.connectivity.AbstractGatewayService: Job queued successfully.
2022-01-29 21:54:28.049 20100-20100/com.example.ids_for_can D/com.example.ids_for_can.connectivity.AbstractGatewayService: Adding job[16] to queue...
2022-01-29 21:54:28.049 20100-20100/com.example.ids_for_can D/com.example.ids_for_can.connectivity.AbstractGatewayService: Job queued successfully.
2022-01-29 21:54:28.049 20100-20100/com.example.ids_for_can D/com.example.ids_for_can.connectivity.AbstractGatewayService: Adding job[17] to queue...
2022-01-29 21:54:28.049 20100-20100/com.example.ids_for_can D/com.example.ids_for_can.connectivity.AbstractGatewayService: Job queued successfully.
2022-01-29 21:54:28.050 20100-20100/com.example.ids_for_can D/com.example.ids_for_can.connectivity.AbstractGatewayService: Adding job[18] to queue...
2022-01-29 21:54:28.050 20100-20100/com.example.ids_for_can D/com.example.ids_for_can.connectivity.AbstractGatewayService: Job queued successfully.
2022-01-29 21:54:28.050 20100-20100/com.example.ids_for_can D/com.example.ids_for_can.connectivity.AbstractGatewayService: Adding job[19] to queue...
2022-01-29 21:54:28.050 20100-20100/com.example.ids_for_can D/com.example.ids_for_can.connectivity.AbstractGatewayService: Job queued successfully.
2022-01-29 21:54:28.050 20100-20100/com.example.ids_for_can D/com.example.ids_for_can.connectivity.AbstractGatewayService: Adding job[20] to queue...
2022-01-29 21:54:28.050 20100-20100/com.example.ids_for_can D/com.example.ids_for_can.connectivity.AbstractGatewayService: Job queued successfully.
2022-01-29 21:54:28.050 20100-20100/com.example.ids_for_can D/com.example.ids_for_can.connectivity.AbstractGatewayService: Adding job[21] to queue...
2022-01-29 21:54:28.050 20100-20100/com.example.ids_for_can D/com.example.ids_for_can.connectivity.AbstractGatewayService: Job queued successfully.
2022-01-29 21:54:28.050 20100-20100/com.example.ids_for_can D/com.example.ids_for_can.connectivity.AbstractGatewayService: Adding job[22] to queue...
2022-01-29 21:54:28.050 20100-20100/com.example.ids_for_can D/com.example.ids_for_can.connectivity.AbstractGatewayService: Job queued successfully.
2022-01-29 21:54:28.051 20100-20100/com.example.ids_for_can D/com.example.ids_for_can.connectivity.AbstractGatewayService: Adding job[23] to queue...
2022-01-29 21:54:28.051 20100-20100/com.example.ids_for_can D/com.example.ids_for_can.connectivity.AbstractGatewayService: Job queued successfully.
2022-01-29 21:54:28.051 20100-20100/com.example.ids_for_can D/com.example.ids_for_can.connectivity.AbstractGatewayService: Adding job[24] to queue...
2022-01-29 21:54:28.051 20100-20100/com.example.ids_for_can D/com.example.ids_for_can.connectivity.AbstractGatewayService: Job queued successfully.
2022-01-29 21:54:28.051 20100-20100/com.example.ids_for_can D/com.example.ids_for_can.connectivity.AbstractGatewayService: Adding job[25] to queue...
2022-01-29 21:54:28.051 20100-20100/com.example.ids_for_can D/com.example.ids_for_can.connectivity.AbstractGatewayService: Job queued successfully.
2022-01-29 21:54:28.051 20100-20100/com.example.ids_for_can D/com.example.ids_for_can.connectivity.AbstractGatewayService: Adding job[26] to queue...
2022-01-29 21:54:28.051 20100-20100/com.example.ids_for_can D/com.example.ids_for_can.connectivity.AbstractGatewayService: Job queued successfully.
2022-01-29 21:54:28.051 20100-20100/com.example.ids_for_can D/com.example.ids_for_can.connectivity.AbstractGatewayService: Adding job[27] to queue...
2022-01-29 21:54:28.052 20100-20100/com.example.ids_for_can D/com.example.ids_for_can.connectivity.AbstractGatewayService: Job queued successfully.
2022-01-29 21:54:28.052 20100-20100/com.example.ids_for_can D/com.example.ids_for_can.connectivity.AbstractGatewayService: Adding job[28] to queue...
2022-01-29 21:54:28.052 20100-20100/com.example.ids_for_can D/com.example.ids_for_can.connectivity.AbstractGatewayService: Job queued successfully.
2022-01-29 21:54:28.052 20100-20100/com.example.ids_for_can D/com.example.ids_for_can.connectivity.AbstractGatewayService: Adding job[29] to queue...
2022-01-29 21:54:28.052 20100-20100/com.example.ids_for_can D/com.example.ids_for_can.connectivity.AbstractGatewayService: Job queued successfully.
2022-01-29 21:54:28.052 20100-20100/com.example.ids_for_can D/com.example.ids_for_can.connectivity.AbstractGatewayService: Adding job[30] to queue...
2022-01-29 21:54:28.052 20100-20100/com.example.ids_for_can D/com.example.ids_for_can.connectivity.AbstractGatewayService: Job queued successfully.
2022-01-29 21:54:28.052 20100-20100/com.example.ids_for_can D/com.example.ids_for_can.connectivity.AbstractGatewayService: Adding job[31] to queue...
2022-01-29 21:54:28.052 20100-20100/com.example.ids_for_can D/com.example.ids_for_can.connectivity.AbstractGatewayService: Job queued successfully.
2022-01-29 21:54:28.053 20100-20100/com.example.ids_for_can D/com.example.ids_for_can.connectivity.AbstractGatewayService: Adding job[32] to queue...
2022-01-29 21:54:28.053 20100-20100/com.example.ids_for_can D/com.example.ids_for_can.connectivity.AbstractGatewayService: Job queued successfully.
2022-01-29 21:54:28.053 20100-20100/com.example.ids_for_can D/com.example.ids_for_can.connectivity.AbstractGatewayService: Adding job[33] to queue...
2022-01-29 21:54:28.053 20100-20100/com.example.ids_for_can D/com.example.ids_for_can.connectivity.AbstractGatewayService: Job queued successfully.
2022-01-29 21:54:28.053 20100-20100/com.example.ids_for_can D/com.example.ids_for_can.connectivity.AbstractGatewayService: Adding job[34] to queue...
2022-01-29 21:54:28.053 20100-20100/com.example.ids_for_can D/com.example.ids_for_can.connectivity.AbstractGatewayService: Job queued successfully.
2022-01-29 21:54:28.053 20100-20100/com.example.ids_for_can D/com.example.ids_for_can.connectivity.AbstractGatewayService: Adding job[35] to queue...
2022-01-29 21:54:28.053 20100-20100/com.example.ids_for_can D/com.example.ids_for_can.connectivity.AbstractGatewayService: Job queued successfully.
2022-01-29 21:54:28.054 20100-20100/com.example.ids_for_can D/com.example.ids_for_can.connectivity.AbstractGatewayService: Adding job[36] to queue...
2022-01-29 21:54:28.054 20100-20100/com.example.ids_for_can D/com.example.ids_for_can.connectivity.AbstractGatewayService: Job queued successfully.
2022-01-29 21:54:28.054 20100-20100/com.example.ids_for_can D/com.example.ids_for_can.connectivity.AbstractGatewayService: Adding job[37] to queue...
2022-01-29 21:54:28.054 20100-20100/com.example.ids_for_can D/com.example.ids_for_can.connectivity.AbstractGatewayService: Job queued successfully.
2022-01-29 21:54:28.054 20100-20100/com.example.ids_for_can D/com.example.ids_for_can.connectivity.AbstractGatewayService: Adding job[38] to queue...
2022-01-29 21:54:28.054 20100-20100/com.example.ids_for_can D/com.example.ids_for_can.connectivity.AbstractGatewayService: Job queued successfully.
2022-01-29 21:54:28.377 20100-20372/com.example.ids_for_can D/ContentValues: readRawData -- ATMAString
2022-01-29 21:54:28.377 20100-20372/com.example.ids_for_can D/ContentValues: 7EA 04 41 42 00 00 
    7EB 04 41 42 00 00 
    7E8 04 41 42 2F AB 
2022-01-29 21:54:28.377 20100-20372/com.example.ids_for_can D/ContentValues: readRawData -- rawData -- SEARCHING_PATTERN
2022-01-29 21:54:28.377 20100-20372/com.example.ids_for_can D/ContentValues: 7EA 04 41 42 00 00 
    7EB 04 41 42 00 00 
    7E8 04 41 42 2F AB 
2022-01-29 21:54:28.377 20100-20372/com.example.ids_for_can D/ContentValues: readRawData -- rawData -- WHITESPACE PATTERN
2022-01-29 21:54:28.378 20100-20372/com.example.ids_for_can D/ContentValues: 7EA04414200007EB04414200007E80441422FAB
2022-01-29 21:54:28.378 20100-20372/com.example.ids_for_can D/ContentValues: ATMAArray
2022-01-29 21:54:28.378 20100-20372/com.example.ids_for_can D/ContentValues: 7EA 04 41 42 00 00 
2022-01-29 21:54:28.378 20100-20372/com.example.ids_for_can D/ContentValues: 7EB 04 41 42 00 00 
2022-01-29 21:54:28.378 20100-20372/com.example.ids_for_can D/ContentValues: 7E8 04 41 42 2F AB 
2022-01-29 21:54:28.378 20100-20372/com.example.ids_for_can D/ContentValues: ATMAMap
2022-01-29 21:54:28.378 20100-20372/com.example.ids_for_can D/ContentValues: {1F5=[0F 0F 00 21 00 00 03 00 <DATA ERROR], 1A1=[00 10 00 00 00 00 00 00], 1C3=[06 2B 06 2B 00 00 00], ELM327=[v1.5, v1.5], 0C9=[00 00 00 0D 00 00 00 00], 191=[06 2B 09 0C 09 0C 00], 7E8=[04 41 42 2F AB], 1ED=[00 00 00 00 00 00 08 00], 1EF=[00 00 00 00], AT=[E0OK, L1OK, E0], 7EA=[04 41 42 00 00], 7EB=[04 41 42 00 00], 1AF=[00 00 00], 0F1=[34 06 00], 19D=[80 00 3F FE 00 00 00 FF <DATA ERROR]}
2022-01-29 21:54:28.379 20100-20372/com.example.ids_for_can D/com.example.ids_for_can.connectivity.ObdGatewayService: Taking job[9] from queue...
2022-01-29 21:54:28.379 20100-20372/com.example.ids_for_can D/com.example.ids_for_can.connectivity.ObdGatewayService: Job state is NEW. Run it...
2022-01-29 21:54:28.383 20100-20100/com.example.ids_for_can D/com.example.ids_for_can.MainActivity: cmdID: CONTROL_MODULE_VOLTAGE, cmdResult: 0.0V
2022-01-29 21:54:28.384 20100-20100/com.example.ids_for_can D/com.example.ids_for_can.MainActivity: cmdID: CONTROL_MODULE_VOLTAGE, rawCmdResult: 7EA04414200007EB04414200007E80441422FAB
2022-01-29 21:54:28.663 20100-20372/com.example.ids_for_can D/ContentValues: readRawData -- ATMAString
2022-01-29 21:54:28.663 20100-20372/com.example.ids_for_can D/ContentValues: 7E8 04 41 44 FF FF 
2022-01-29 21:54:28.664 20100-20372/com.example.ids_for_can D/ContentValues: readRawData -- rawData -- SEARCHING_PATTERN
2022-01-29 21:54:28.664 20100-20372/com.example.ids_for_can D/ContentValues: 7E8 04 41 44 FF FF 
2022-01-29 21:54:28.664 20100-20372/com.example.ids_for_can D/ContentValues: readRawData -- rawData -- WHITESPACE PATTERN
2022-01-29 21:54:28.664 20100-20372/com.example.ids_for_can D/ContentValues: 7E8044144FFFF
2022-01-29 21:54:28.664 20100-20372/com.example.ids_for_can D/ContentValues: ATMAArray
2022-01-29 21:54:28.664 20100-20372/com.example.ids_for_can D/ContentValues: 7E8 04 41 44 FF FF 
2022-01-29 21:54:28.665 20100-20372/com.example.ids_for_can D/ContentValues: ATMAMap
2022-01-29 21:54:28.665 20100-20372/com.example.ids_for_can D/ContentValues: {1F5=[0F 0F 00 21 00 00 03 00 <DATA ERROR], 1A1=[00 10 00 00 00 00 00 00], 1C3=[06 2B 06 2B 00 00 00], ELM327=[v1.5, v1.5], 0C9=[00 00 00 0D 00 00 00 00], 191=[06 2B 09 0C 09 0C 00], 7E8=[04 41 42 2F AB, 04 41 44 FF FF], 1ED=[00 00 00 00 00 00 08 00], 1EF=[00 00 00 00], AT=[E0OK, L1OK, E0], 7EA=[04 41 42 00 00], 7EB=[04 41 42 00 00], 1AF=[00 00 00], 0F1=[34 06 00], 19D=[80 00 3F FE 00 00 00 FF <DATA ERROR]}
2022-01-29 21:54:28.665 20100-20372/com.example.ids_for_can D/com.example.ids_for_can.connectivity.ObdGatewayService: Taking job[10] from queue...
2022-01-29 21:54:28.665 20100-20372/com.example.ids_for_can D/com.example.ids_for_can.connectivity.ObdGatewayService: Job state is NEW. Run it...
2022-01-29 21:54:28.671 20100-20100/com.example.ids_for_can D/com.example.ids_for_can.MainActivity: cmdID: EQUIV_RATIO, cmdResult: 0.0%
2022-01-29 21:54:28.671 20100-20100/com.example.ids_for_can D/com.example.ids_for_can.MainActivity: cmdID: EQUIV_RATIO, rawCmdResult: 7E8044144FFFF
2022-01-29 21:54:28.952 20100-20372/com.example.ids_for_can D/ContentValues: readRawData -- ATMAString
2022-01-29 21:54:28.953 20100-20372/com.example.ids_for_can D/ContentValues: 7EA 04 41 21 00 00 
    7EB 04 41 21 00 00 
    7E8 04 41 21 00 08 
2022-01-29 21:54:28.953 20100-20372/com.example.ids_for_can D/ContentValues: readRawData -- rawData -- SEARCHING_PATTERN
2022-01-29 21:54:28.953 20100-20372/com.example.ids_for_can D/ContentValues: 7EA 04 41 21 00 00 
    7EB 04 41 21 00 00 
    7E8 04 41 21 00 08 
2022-01-29 21:54:28.953 20100-20372/com.example.ids_for_can D/ContentValues: readRawData -- rawData -- WHITESPACE PATTERN
2022-01-29 21:54:28.953 20100-20372/com.example.ids_for_can D/ContentValues: 7EA04412100007EB04412100007E80441210008
2022-01-29 21:54:28.954 20100-20372/com.example.ids_for_can D/ContentValues: ATMAArray
2022-01-29 21:54:28.954 20100-20372/com.example.ids_for_can D/ContentValues: 7EA 04 41 21 00 00 
2022-01-29 21:54:28.954 20100-20372/com.example.ids_for_can D/ContentValues: 7EB 04 41 21 00 00 
2022-01-29 21:54:28.954 20100-20372/com.example.ids_for_can D/ContentValues: 7E8 04 41 21 00 08 
2022-01-29 21:54:28.954 20100-20372/com.example.ids_for_can D/ContentValues: ATMAMap
2022-01-29 21:54:28.955 20100-20372/com.example.ids_for_can D/ContentValues: {1F5=[0F 0F 00 21 00 00 03 00 <DATA ERROR], 1A1=[00 10 00 00 00 00 00 00], 1C3=[06 2B 06 2B 00 00 00], ELM327=[v1.5, v1.5], 0C9=[00 00 00 0D 00 00 00 00], 191=[06 2B 09 0C 09 0C 00], 7E8=[04 41 42 2F AB, 04 41 44 FF FF, 04 41 21 00 08], 1ED=[00 00 00 00 00 00 08 00], 1EF=[00 00 00 00], AT=[E0OK, L1OK, E0], 7EA=[04 41 42 00 00, 04 41 21 00 00], 7EB=[04 41 42 00 00, 04 41 21 00 00], 1AF=[00 00 00], 0F1=[34 06 00], 19D=[80 00 3F FE 00 00 00 FF <DATA ERROR]}
2022-01-29 21:54:28.955 20100-20372/com.example.ids_for_can D/com.example.ids_for_can.connectivity.ObdGatewayService: Taking job[11] from queue...
2022-01-29 21:54:28.955 20100-20372/com.example.ids_for_can D/com.example.ids_for_can.connectivity.ObdGatewayService: Job state is NEW. Run it...
2022-01-29 21:54:28.960 20100-20100/com.example.ids_for_can D/com.example.ids_for_can.MainActivity: cmdID: DISTANCE_TRAVELED_MIL_ON, cmdResult: 0km
2022-01-29 21:54:28.960 20100-20100/com.example.ids_for_can D/com.example.ids_for_can.MainActivity: cmdID: DISTANCE_TRAVELED_MIL_ON, rawCmdResult: 7EA04412100007EB04412100007E80441210008
2022-01-29 21:54:29.217 20100-20372/com.example.ids_for_can D/ContentValues: readRawData -- ATMAString
2022-01-29 21:54:29.217 20100-20372/com.example.ids_for_can D/ContentValues: 7EB 06 41 01 00 04 00 00 
    7EA 06 41 01 00 04 00 00 
    7E8 06 41 01 01 07 E5 00 
2022-01-29 21:54:29.217 20100-20372/com.example.ids_for_can D/ContentValues: readRawData -- rawData -- SEARCHING_PATTERN
2022-01-29 21:54:29.217 20100-20372/com.example.ids_for_can D/ContentValues: 7EB 06 41 01 00 04 00 00 
    7EA 06 41 01 00 04 00 00 
    7E8 06 41 01 01 07 E5 00 
2022-01-29 21:54:29.218 20100-20372/com.example.ids_for_can D/ContentValues: readRawData -- rawData -- WHITESPACE PATTERN
2022-01-29 21:54:29.218 20100-20372/com.example.ids_for_can D/ContentValues: 7EB064101000400007EA064101000400007E80641010107E500
2022-01-29 21:54:29.219 20100-20372/com.example.ids_for_can D/ContentValues: ATMAArray
2022-01-29 21:54:29.219 20100-20372/com.example.ids_for_can D/ContentValues: 7EB 06 41 01 00 04 00 00 
2022-01-29 21:54:29.219 20100-20372/com.example.ids_for_can D/ContentValues: 7EA 06 41 01 00 04 00 00 
2022-01-29 21:54:29.219 20100-20372/com.example.ids_for_can D/ContentValues: 7E8 06 41 01 01 07 E5 00 
2022-01-29 21:54:29.219 20100-20372/com.example.ids_for_can D/ContentValues: ATMAMap
2022-01-29 21:54:29.220 20100-20372/com.example.ids_for_can D/ContentValues: {1F5=[0F 0F 00 21 00 00 03 00 <DATA ERROR], 1A1=[00 10 00 00 00 00 00 00], 1C3=[06 2B 06 2B 00 00 00], ELM327=[v1.5, v1.5], 0C9=[00 00 00 0D 00 00 00 00], 191=[06 2B 09 0C 09 0C 00], 7E8=[04 41 42 2F AB, 04 41 44 FF FF, 04 41 21 00 08, 06 41 01 01 07 E5 00], 1ED=[00 00 00 00 00 00 08 00], 1EF=[00 00 00 00], AT=[E0OK, L1OK, E0], 7EA=[04 41 42 00 00, 04 41 21 00 00, 06 41 01 00 04 00 00], 7EB=[04 41 42 00 00, 04 41 21 00 00, 06 41 01 00 04 00 00], 1AF=[00 00 00], 0F1=[34 06 00], 19D=[80 00 3F FE 00 00 00 FF <DATA ERROR]}
2022-01-29 21:54:29.220 20100-20372/com.example.ids_for_can D/com.example.ids_for_can.connectivity.ObdGatewayService: Taking job[12] from queue...
2022-01-29 21:54:29.220 20100-20372/com.example.ids_for_can D/com.example.ids_for_can.connectivity.ObdGatewayService: Job state is NEW. Run it...
2022-01-29 21:54:29.224 20100-20100/com.example.ids_for_can D/com.example.ids_for_can.MainActivity: cmdID: DTC_NUMBER, cmdResult: MIL is OFF0 codes
2022-01-29 21:54:29.224 20100-20100/com.example.ids_for_can D/com.example.ids_for_can.MainActivity: cmdID: DTC_NUMBER, rawCmdResult: 7EB064101000400007EA064101000400007E80641010107E500
2022-01-29 21:54:29.439 20100-20372/com.example.ids_for_can D/ContentValues: readRawData -- ATMAString
2022-01-29 21:54:29.439 20100-20372/com.example.ids_for_can D/ContentValues: 7E8 03 41 0E 80 
2022-01-29 21:54:29.439 20100-20372/com.example.ids_for_can D/ContentValues: readRawData -- rawData -- SEARCHING_PATTERN
2022-01-29 21:54:29.439 20100-20372/com.example.ids_for_can D/ContentValues: 7E8 03 41 0E 80 
2022-01-29 21:54:29.439 20100-20372/com.example.ids_for_can D/ContentValues: readRawData -- rawData -- WHITESPACE PATTERN
2022-01-29 21:54:29.439 20100-20372/com.example.ids_for_can D/ContentValues: 7E803410E80
2022-01-29 21:54:29.440 20100-20372/com.example.ids_for_can D/ContentValues: ATMAArray
2022-01-29 21:54:29.440 20100-20372/com.example.ids_for_can D/ContentValues: 7E8 03 41 0E 80 
2022-01-29 21:54:29.440 20100-20372/com.example.ids_for_can D/ContentValues: ATMAMap
2022-01-29 21:54:29.440 20100-20372/com.example.ids_for_can D/ContentValues: {1F5=[0F 0F 00 21 00 00 03 00 <DATA ERROR], 1A1=[00 10 00 00 00 00 00 00], 1C3=[06 2B 06 2B 00 00 00], ELM327=[v1.5, v1.5], 0C9=[00 00 00 0D 00 00 00 00], 191=[06 2B 09 0C 09 0C 00], 7E8=[04 41 42 2F AB, 04 41 44 FF FF, 04 41 21 00 08, 06 41 01 01 07 E5 00, 03 41 0E 80], 1ED=[00 00 00 00 00 00 08 00], 1EF=[00 00 00 00], AT=[E0OK, L1OK, E0], 7EA=[04 41 42 00 00, 04 41 21 00 00, 06 41 01 00 04 00 00], 7EB=[04 41 42 00 00, 04 41 21 00 00, 06 41 01 00 04 00 00], 1AF=[00 00 00], 0F1=[34 06 00], 19D=[80 00 3F FE 00 00 00 FF <DATA ERROR]}
2022-01-29 21:54:29.441 20100-20372/com.example.ids_for_can D/com.example.ids_for_can.connectivity.ObdGatewayService: Taking job[13] from queue...
2022-01-29 21:54:29.441 20100-20372/com.example.ids_for_can D/com.example.ids_for_can.connectivity.ObdGatewayService: Job state is NEW. Run it...
2022-01-29 21:54:29.445 20100-20100/com.example.ids_for_can D/com.example.ids_for_can.MainActivity: cmdID: TIMING_ADVANCE, cmdResult: 0.0%
2022-01-29 21:54:29.445 20100-20100/com.example.ids_for_can D/com.example.ids_for_can.MainActivity: cmdID: TIMING_ADVANCE, rawCmdResult: 7E803410E80
2022-01-29 21:54:29.673 20100-20372/com.example.ids_for_can E/com.example.ids_for_can.connectivity.ObdGatewayService: java.lang.NullPointerException: Attempt to invoke virtual method 'java.lang.String[] java.lang.String.split(java.lang.String)' on a null object reference
2022-01-29 21:54:29.673 20100-20372/com.example.ids_for_can E/com.example.ids_for_can.connectivity.ObdGatewayService: Failed to run command. -> Attempt to invoke virtual method 'java.lang.String[] java.lang.String.split(java.lang.String)' on a null object reference
2022-01-29 21:54:29.673 20100-20372/com.example.ids_for_can D/com.example.ids_for_can.connectivity.ObdGatewayService: Taking job[14] from queue...
2022-01-29 21:54:29.673 20100-20372/com.example.ids_for_can D/com.example.ids_for_can.connectivity.ObdGatewayService: Job state is NEW. Run it...
2022-01-29 21:54:29.674 20100-20372/com.example.ids_for_can D/com.example.ids_for_can.connectivity.ObdGatewayService: Taking job[15] from queue...
2022-01-29 21:54:29.674 20100-20372/com.example.ids_for_can D/com.example.ids_for_can.connectivity.ObdGatewayService: Job state is NEW. Run it...
2022-01-29 21:54:29.689 20100-20100/com.example.ids_for_can D/com.example.ids_for_can.MainActivity: cmdID: TROUBLE_CODES, cmdResult: 7EA024300
    7EB024300
    7E80443010463
2022-01-29 21:54:29.689 20100-20100/com.example.ids_for_can D/com.example.ids_for_can.MainActivity: cmdID: TROUBLE_CODES, rawCmdResult: 
2022-01-29 21:54:29.695 20100-20100/com.example.ids_for_can D/com.example.ids_for_can.MainActivity: cmdID: VIN, cmdResult: 1GNKVGED1BJ311858
2022-01-29 21:54:29.695 20100-20100/com.example.ids_for_can D/com.example.ids_for_can.MainActivity: cmdID: VIN, rawCmdResult: 0140:49020131474E1:4B5647454431422:4A333131383538
2022-01-29 21:54:29.832 20100-20372/com.example.ids_for_can D/ContentValues: readRawData -- ATMAString
2022-01-29 21:54:29.832 20100-20372/com.example.ids_for_can D/ContentValues: 7E8 03 41 04 00 
2022-01-29 21:54:29.832 20100-20372/com.example.ids_for_can D/ContentValues: readRawData -- rawData -- SEARCHING_PATTERN
2022-01-29 21:54:29.832 20100-20372/com.example.ids_for_can D/ContentValues: 7E8 03 41 04 00 
2022-01-29 21:54:29.833 20100-20372/com.example.ids_for_can D/ContentValues: readRawData -- rawData -- WHITESPACE PATTERN
2022-01-29 21:54:29.833 20100-20372/com.example.ids_for_can D/ContentValues: 7E803410400
2022-01-29 21:54:29.833 20100-20372/com.example.ids_for_can D/ContentValues: ATMAArray
2022-01-29 21:54:29.833 20100-20372/com.example.ids_for_can D/ContentValues: 7E8 03 41 04 00 
2022-01-29 21:54:29.833 20100-20372/com.example.ids_for_can D/ContentValues: ATMAMap
2022-01-29 21:54:29.834 20100-20372/com.example.ids_for_can D/ContentValues: {1F5=[0F 0F 00 21 00 00 03 00 <DATA ERROR], 1A1=[00 10 00 00 00 00 00 00], 1C3=[06 2B 06 2B 00 00 00], ELM327=[v1.5, v1.5], 0C9=[00 00 00 0D 00 00 00 00], 191=[06 2B 09 0C 09 0C 00], 7E8=[04 41 42 2F AB, 04 41 44 FF FF, 04 41 21 00 08, 06 41 01 01 07 E5 00, 03 41 0E 80, 03 41 04 00], 1ED=[00 00 00 00 00 00 08 00], 1EF=[00 00 00 00], AT=[E0OK, L1OK, E0], 7EA=[04 41 42 00 00, 04 41 21 00 00, 06 41 01 00 04 00 00], 7EB=[04 41 42 00 00, 04 41 21 00 00, 06 41 01 00 04 00 00], 1AF=[00 00 00], 0F1=[34 06 00], 19D=[80 00 3F FE 00 00 00 FF <DATA ERROR]}
2022-01-29 21:54:29.834 20100-20372/com.example.ids_for_can D/com.example.ids_for_can.connectivity.ObdGatewayService: Taking job[16] from queue...
2022-01-29 21:54:29.834 20100-20372/com.example.ids_for_can D/com.example.ids_for_can.connectivity.ObdGatewayService: Job state is NEW. Run it...
2022-01-29 21:54:29.837 20100-20100/com.example.ids_for_can D/com.example.ids_for_can.MainActivity: cmdID: ENGINE_LOAD, cmdResult: 0.0%
2022-01-29 21:54:29.838 20100-20100/com.example.ids_for_can D/com.example.ids_for_can.MainActivity: cmdID: ENGINE_LOAD, rawCmdResult: 7E803410400
2022-01-29 21:54:30.021 20100-20372/com.example.ids_for_can D/ContentValues: readRawData -- ATMAString
2022-01-29 21:54:30.022 20100-20372/com.example.ids_for_can D/ContentValues: 7E8 04 41 0C 00 00 
2022-01-29 21:54:30.022 20100-20372/com.example.ids_for_can D/ContentValues: readRawData -- rawData -- SEARCHING_PATTERN
2022-01-29 21:54:30.022 20100-20372/com.example.ids_for_can D/ContentValues: 7E8 04 41 0C 00 00 
2022-01-29 21:54:30.022 20100-20372/com.example.ids_for_can D/ContentValues: readRawData -- rawData -- WHITESPACE PATTERN
2022-01-29 21:54:30.022 20100-20372/com.example.ids_for_can D/ContentValues: 7E804410C0000
2022-01-29 21:54:30.023 20100-20372/com.example.ids_for_can D/ContentValues: ATMAArray
2022-01-29 21:54:30.023 20100-20372/com.example.ids_for_can D/ContentValues: 7E8 04 41 0C 00 00 
2022-01-29 21:54:30.023 20100-20372/com.example.ids_for_can D/ContentValues: ATMAMap
2022-01-29 21:54:30.024 20100-20372/com.example.ids_for_can D/ContentValues: {1F5=[0F 0F 00 21 00 00 03 00 <DATA ERROR], 1A1=[00 10 00 00 00 00 00 00], 1C3=[06 2B 06 2B 00 00 00], ELM327=[v1.5, v1.5], 0C9=[00 00 00 0D 00 00 00 00], 191=[06 2B 09 0C 09 0C 00], 7E8=[04 41 42 2F AB, 04 41 44 FF FF, 04 41 21 00 08, 06 41 01 01 07 E5 00, 03 41 0E 80, 03 41 04 00, 04 41 0C 00 00], 1ED=[00 00 00 00 00 00 08 00], 1EF=[00 00 00 00], AT=[E0OK, L1OK, E0], 7EA=[04 41 42 00 00, 04 41 21 00 00, 06 41 01 00 04 00 00], 7EB=[04 41 42 00 00, 04 41 21 00 00, 06 41 01 00 04 00 00], 1AF=[00 00 00], 0F1=[34 06 00], 19D=[80 00 3F FE 00 00 00 FF <DATA ERROR]}
2022-01-29 21:54:30.024 20100-20372/com.example.ids_for_can D/com.example.ids_for_can.connectivity.ObdGatewayService: Taking job[17] from queue...
2022-01-29 21:54:30.024 20100-20372/com.example.ids_for_can D/com.example.ids_for_can.connectivity.ObdGatewayService: Job state is NEW. Run it...
2022-01-29 21:54:30.026 20100-20100/com.example.ids_for_can D/com.example.ids_for_can.MainActivity: cmdID: ENGINE_RPM, cmdResult: -1RPM
2022-01-29 21:54:30.026 20100-20100/com.example.ids_for_can D/com.example.ids_for_can.MainActivity: cmdID: ENGINE_RPM, rawCmdResult: 7E804410C0000
2022-01-29 21:54:30.244 20100-20372/com.example.ids_for_can D/ContentValues: readRawData -- ATMAString
2022-01-29 21:54:30.244 20100-20372/com.example.ids_for_can D/ContentValues: 7E8 04 41 1F 00 00 
2022-01-29 21:54:30.244 20100-20372/com.example.ids_for_can D/ContentValues: readRawData -- rawData -- SEARCHING_PATTERN
2022-01-29 21:54:30.244 20100-20372/com.example.ids_for_can D/ContentValues: 7E8 04 41 1F 00 00 
2022-01-29 21:54:30.244 20100-20372/com.example.ids_for_can D/ContentValues: readRawData -- rawData -- WHITESPACE PATTERN
2022-01-29 21:54:30.245 20100-20372/com.example.ids_for_can D/ContentValues: 7E804411F0000
2022-01-29 21:54:30.245 20100-20372/com.example.ids_for_can D/ContentValues: ATMAArray
2022-01-29 21:54:30.245 20100-20372/com.example.ids_for_can D/ContentValues: 7E8 04 41 1F 00 00 
2022-01-29 21:54:30.245 20100-20372/com.example.ids_for_can D/ContentValues: ATMAMap
2022-01-29 21:54:30.245 20100-20372/com.example.ids_for_can D/ContentValues: {1F5=[0F 0F 00 21 00 00 03 00 <DATA ERROR], 1A1=[00 10 00 00 00 00 00 00], 1C3=[06 2B 06 2B 00 00 00], ELM327=[v1.5, v1.5], 0C9=[00 00 00 0D 00 00 00 00], 191=[06 2B 09 0C 09 0C 00], 7E8=[04 41 42 2F AB, 04 41 44 FF FF, 04 41 21 00 08, 06 41 01 01 07 E5 00, 03 41 0E 80, 03 41 04 00, 04 41 0C 00 00, 04 41 1F 00 00], 1ED=[00 00 00 00 00 00 08 00], 1EF=[00 00 00 00], AT=[E0OK, L1OK, E0], 7EA=[04 41 42 00 00, 04 41 21 00 00, 06 41 01 00 04 00 00], 7EB=[04 41 42 00 00, 04 41 21 00 00, 06 41 01 00 04 00 00], 1AF=[00 00 00], 0F1=[34 06 00], 19D=[80 00 3F FE 00 00 00 FF <DATA ERROR]}
2022-01-29 21:54:30.246 20100-20372/com.example.ids_for_can D/com.example.ids_for_can.connectivity.ObdGatewayService: Taking job[18] from queue...
2022-01-29 21:54:30.246 20100-20372/com.example.ids_for_can D/com.example.ids_for_can.connectivity.ObdGatewayService: Job state is NEW. Run it...
2022-01-29 21:54:30.252 20100-20100/com.example.ids_for_can D/com.example.ids_for_can.MainActivity: cmdID: ENGINE_RUNTIME, cmdResult: 00:00:00
2022-01-29 21:54:30.252 20100-20100/com.example.ids_for_can D/com.example.ids_for_can.MainActivity: cmdID: ENGINE_RUNTIME, rawCmdResult: 7E804411F0000
2022-01-29 21:54:30.431 20100-20372/com.example.ids_for_can D/ContentValues: readRawData -- ATMAString
2022-01-29 21:54:30.431 20100-20372/com.example.ids_for_can D/ContentValues: 7E8 04 41 10 00 00 
2022-01-29 21:54:30.431 20100-20372/com.example.ids_for_can D/ContentValues: readRawData -- rawData -- SEARCHING_PATTERN
2022-01-29 21:54:30.431 20100-20372/com.example.ids_for_can D/ContentValues: 7E8 04 41 10 00 00 
2022-01-29 21:54:30.432 20100-20372/com.example.ids_for_can D/ContentValues: readRawData -- rawData -- WHITESPACE PATTERN
2022-01-29 21:54:30.432 20100-20372/com.example.ids_for_can D/ContentValues: 7E80441100000
2022-01-29 21:54:30.432 20100-20372/com.example.ids_for_can D/ContentValues: ATMAArray
2022-01-29 21:54:30.433 20100-20372/com.example.ids_for_can D/ContentValues: 7E8 04 41 10 00 00 
2022-01-29 21:54:30.433 20100-20372/com.example.ids_for_can D/ContentValues: ATMAMap
2022-01-29 21:54:30.434 20100-20372/com.example.ids_for_can D/ContentValues: {1F5=[0F 0F 00 21 00 00 03 00 <DATA ERROR], 1A1=[00 10 00 00 00 00 00 00], 1C3=[06 2B 06 2B 00 00 00], ELM327=[v1.5, v1.5], 0C9=[00 00 00 0D 00 00 00 00], 191=[06 2B 09 0C 09 0C 00], 7E8=[04 41 42 2F AB, 04 41 44 FF FF, 04 41 21 00 08, 06 41 01 01 07 E5 00, 03 41 0E 80, 03 41 04 00, 04 41 0C 00 00, 04 41 1F 00 00, 04 41 10 00 00], 1ED=[00 00 00 00 00 00 08 00], 1EF=[00 00 00 00], AT=[E0OK, L1OK, E0], 7EA=[04 41 42 00 00, 04 41 21 00 00, 06 41 01 00 04 00 00], 7EB=[04 41 42 00 00, 04 41 21 00 00, 06 41 01 00 04 00 00], 1AF=[00 00 00], 0F1=[34 06 00], 19D=[80 00 3F FE 00 00 00 FF <DATA ERROR]}
2022-01-29 21:54:30.434 20100-20372/com.example.ids_for_can D/com.example.ids_for_can.connectivity.ObdGatewayService: Taking job[19] from queue...
2022-01-29 21:54:30.434 20100-20372/com.example.ids_for_can D/com.example.ids_for_can.connectivity.ObdGatewayService: Job state is NEW. Run it...
2022-01-29 21:54:30.444 20100-20100/com.example.ids_for_can D/com.example.ids_for_can.MainActivity: cmdID: MAF, cmdResult: -1.00g/s
2022-01-29 21:54:30.445 20100-20100/com.example.ids_for_can D/com.example.ids_for_can.MainActivity: cmdID: MAF, rawCmdResult: 7E80441100000
2022-01-29 21:54:30.633 20100-20372/com.example.ids_for_can D/ContentValues: readRawData -- ATMAString
2022-01-29 21:54:30.633 20100-20372/com.example.ids_for_can D/ContentValues: 7E8 03 41 11 54 
2022-01-29 21:54:30.633 20100-20372/com.example.ids_for_can D/ContentValues: readRawData -- rawData -- SEARCHING_PATTERN
2022-01-29 21:54:30.633 20100-20372/com.example.ids_for_can D/ContentValues: 7E8 03 41 11 54 
2022-01-29 21:54:30.634 20100-20372/com.example.ids_for_can D/ContentValues: readRawData -- rawData -- WHITESPACE PATTERN
2022-01-29 21:54:30.634 20100-20372/com.example.ids_for_can D/ContentValues: 7E803411154
2022-01-29 21:54:30.634 20100-20372/com.example.ids_for_can D/ContentValues: ATMAArray
2022-01-29 21:54:30.635 20100-20372/com.example.ids_for_can D/ContentValues: 7E8 03 41 11 54 
2022-01-29 21:54:30.635 20100-20372/com.example.ids_for_can D/ContentValues: ATMAMap
2022-01-29 21:54:30.635 20100-20372/com.example.ids_for_can D/ContentValues: {1F5=[0F 0F 00 21 00 00 03 00 <DATA ERROR], 1A1=[00 10 00 00 00 00 00 00], 1C3=[06 2B 06 2B 00 00 00], ELM327=[v1.5, v1.5], 0C9=[00 00 00 0D 00 00 00 00], 191=[06 2B 09 0C 09 0C 00], 7E8=[04 41 42 2F AB, 04 41 44 FF FF, 04 41 21 00 08, 06 41 01 01 07 E5 00, 03 41 0E 80, 03 41 04 00, 04 41 0C 00 00, 04 41 1F 00 00, 04 41 10 00 00, 03 41 11 54], 1ED=[00 00 00 00 00 00 08 00], 1EF=[00 00 00 00], AT=[E0OK, L1OK, E0], 7EA=[04 41 42 00 00, 04 41 21 00 00, 06 41 01 00 04 00 00], 7EB=[04 41 42 00 00, 04 41 21 00 00, 06 41 01 00 04 00 00], 1AF=[00 00 00], 0F1=[34 06 00], 19D=[80 00 3F FE 00 00 00 FF <DATA ERROR]}
2022-01-29 21:54:30.636 20100-20372/com.example.ids_for_can D/com.example.ids_for_can.connectivity.ObdGatewayService: Taking job[20] from queue...
2022-01-29 21:54:30.636 20100-20372/com.example.ids_for_can D/com.example.ids_for_can.connectivity.ObdGatewayService: Job state is NEW. Run it...
2022-01-29 21:54:30.641 20100-20100/com.example.ids_for_can D/com.example.ids_for_can.MainActivity: cmdID: THROTTLE_POS, cmdResult: 0.0%
2022-01-29 21:54:30.642 20100-20100/com.example.ids_for_can D/com.example.ids_for_can.MainActivity: cmdID: THROTTLE_POS, rawCmdResult: 7E803411154
2022-01-29 21:54:30.931 20100-20372/com.example.ids_for_can D/ContentValues: readRawData -- ATMAString
2022-01-29 21:54:30.931 20100-20372/com.example.ids_for_can D/ContentValues: NO DATA
2022-01-29 21:54:30.932 20100-20372/com.example.ids_for_can D/ContentValues: readRawData -- rawData -- SEARCHING_PATTERN
2022-01-29 21:54:30.932 20100-20372/com.example.ids_for_can D/ContentValues: NO DATA
2022-01-29 21:54:30.932 20100-20372/com.example.ids_for_can D/ContentValues: readRawData -- rawData -- WHITESPACE PATTERN
2022-01-29 21:54:30.932 20100-20372/com.example.ids_for_can D/ContentValues: NODATA
2022-01-29 21:54:30.932 20100-20372/com.example.ids_for_can D/ContentValues: ATMAArray
2022-01-29 21:54:30.932 20100-20372/com.example.ids_for_can D/ContentValues: NO DATA
2022-01-29 21:54:30.932 20100-20372/com.example.ids_for_can D/ContentValues: ATMAMap
2022-01-29 21:54:30.933 20100-20372/com.example.ids_for_can D/ContentValues: {1F5=[0F 0F 00 21 00 00 03 00 <DATA ERROR], 1A1=[00 10 00 00 00 00 00 00], 1C3=[06 2B 06 2B 00 00 00], NO=[DATA], ELM327=[v1.5, v1.5], 0C9=[00 00 00 0D 00 00 00 00], 191=[06 2B 09 0C 09 0C 00], 7E8=[04 41 42 2F AB, 04 41 44 FF FF, 04 41 21 00 08, 06 41 01 01 07 E5 00, 03 41 0E 80, 03 41 04 00, 04 41 0C 00 00, 04 41 1F 00 00, 04 41 10 00 00, 03 41 11 54], 1ED=[00 00 00 00 00 00 08 00], 1EF=[00 00 00 00], AT=[E0OK, L1OK, E0], 7EA=[04 41 42 00 00, 04 41 21 00 00, 06 41 01 00 04 00 00], 7EB=[04 41 42 00 00, 04 41 21 00 00, 06 41 01 00 04 00 00], 1AF=[00 00 00], 0F1=[34 06 00], 19D=[80 00 3F FE 00 00 00 FF <DATA ERROR]}
2022-01-29 21:54:30.933 20100-20372/com.example.ids_for_can D/com.example.ids_for_can.connectivity.ObdGatewayService: Taking job[21] from queue...
2022-01-29 21:54:30.933 20100-20372/com.example.ids_for_can D/com.example.ids_for_can.connectivity.ObdGatewayService: Job state is NEW. Run it...
2022-01-29 21:54:30.939 20100-20100/com.example.ids_for_can D/com.example.ids_for_can.MainActivity: cmdID: FUEL_TYPE, cmdResult: -
2022-01-29 21:54:30.939 20100-20100/com.example.ids_for_can D/com.example.ids_for_can.MainActivity: cmdID: FUEL_TYPE, rawCmdResult: NODATA
2022-01-29 21:54:31.277 20100-20372/com.example.ids_for_can D/ContentValues: readRawData -- ATMAString
2022-01-29 21:54:31.277 20100-20372/com.example.ids_for_can D/ContentValues: NO DATA
2022-01-29 21:54:31.277 20100-20372/com.example.ids_for_can D/ContentValues: readRawData -- rawData -- SEARCHING_PATTERN
2022-01-29 21:54:31.277 20100-20372/com.example.ids_for_can D/ContentValues: NO DATA
2022-01-29 21:54:31.277 20100-20372/com.example.ids_for_can D/ContentValues: readRawData -- rawData -- WHITESPACE PATTERN
2022-01-29 21:54:31.277 20100-20372/com.example.ids_for_can D/ContentValues: NODATA
2022-01-29 21:54:31.278 20100-20372/com.example.ids_for_can D/ContentValues: ATMAArray
2022-01-29 21:54:31.278 20100-20372/com.example.ids_for_can D/ContentValues: NO DATA
2022-01-29 21:54:31.278 20100-20372/com.example.ids_for_can D/ContentValues: ATMAMap
2022-01-29 21:54:31.278 20100-20372/com.example.ids_for_can D/ContentValues: {1F5=[0F 0F 00 21 00 00 03 00 <DATA ERROR], 1A1=[00 10 00 00 00 00 00 00], 1C3=[06 2B 06 2B 00 00 00], NO=[DATA, DATA], ELM327=[v1.5, v1.5], 0C9=[00 00 00 0D 00 00 00 00], 191=[06 2B 09 0C 09 0C 00], 7E8=[04 41 42 2F AB, 04 41 44 FF FF, 04 41 21 00 08, 06 41 01 01 07 E5 00, 03 41 0E 80, 03 41 04 00, 04 41 0C 00 00, 04 41 1F 00 00, 04 41 10 00 00, 03 41 11 54], 1ED=[00 00 00 00 00 00 08 00], 1EF=[00 00 00 00], AT=[E0OK, L1OK, E0], 7EA=[04 41 42 00 00, 04 41 21 00 00, 06 41 01 00 04 00 00], 7EB=[04 41 42 00 00, 04 41 21 00 00, 06 41 01 00 04 00 00], 1AF=[00 00 00], 0F1=[34 06 00], 19D=[80 00 3F FE 00 00 00 FF <DATA ERROR]}
2022-01-29 21:54:31.278 20100-20372/com.example.ids_for_can D/com.example.ids_for_can.connectivity.ObdGatewayService: Taking job[22] from queue...
2022-01-29 21:54:31.278 20100-20372/com.example.ids_for_can D/com.example.ids_for_can.connectivity.ObdGatewayService: Job state is NEW. Run it...
2022-01-29 21:54:31.283 20100-20100/com.example.ids_for_can D/com.example.ids_for_can.MainActivity: cmdID: FUEL_CONSUMPTION_RATE, cmdResult: -1.0L/h
2022-01-29 21:54:31.283 20100-20100/com.example.ids_for_can D/com.example.ids_for_can.MainActivity: cmdID: FUEL_CONSUMPTION_RATE, rawCmdResult: NODATA
2022-01-29 21:54:31.426 20100-20372/com.example.ids_for_can D/ContentValues: readRawData -- ATMAString
2022-01-29 21:54:31.426 20100-20372/com.example.ids_for_can D/ContentValues: 7E8 03 41 2F BC 
2022-01-29 21:54:31.426 20100-20372/com.example.ids_for_can D/ContentValues: readRawData -- rawData -- SEARCHING_PATTERN
2022-01-29 21:54:31.426 20100-20372/com.example.ids_for_can D/ContentValues: 7E8 03 41 2F BC 
2022-01-29 21:54:31.427 20100-20372/com.example.ids_for_can D/ContentValues: readRawData -- rawData -- WHITESPACE PATTERN
2022-01-29 21:54:31.427 20100-20372/com.example.ids_for_can D/ContentValues: 7E803412FBC
2022-01-29 21:54:31.427 20100-20372/com.example.ids_for_can D/ContentValues: ATMAArray
2022-01-29 21:54:31.427 20100-20372/com.example.ids_for_can D/ContentValues: 7E8 03 41 2F BC 
2022-01-29 21:54:31.427 20100-20372/com.example.ids_for_can D/ContentValues: ATMAMap
2022-01-29 21:54:31.428 20100-20372/com.example.ids_for_can D/ContentValues: {1F5=[0F 0F 00 21 00 00 03 00 <DATA ERROR], 1A1=[00 10 00 00 00 00 00 00], 1C3=[06 2B 06 2B 00 00 00], NO=[DATA, DATA], ELM327=[v1.5, v1.5], 0C9=[00 00 00 0D 00 00 00 00], 191=[06 2B 09 0C 09 0C 00], 7E8=[04 41 42 2F AB, 04 41 44 FF FF, 04 41 21 00 08, 06 41 01 01 07 E5 00, 03 41 0E 80, 03 41 04 00, 04 41 0C 00 00, 04 41 1F 00 00, 04 41 10 00 00, 03 41 11 54, 03 41 2F BC], 1ED=[00 00 00 00 00 00 08 00], 1EF=[00 00 00 00], AT=[E0OK, L1OK, E0], 7EA=[04 41 42 00 00, 04 41 21 00 00, 06 41 01 00 04 00 00], 7EB=[04 41 42 00 00, 04 41 21 00 00, 06 41 01 00 04 00 00], 1AF=[00 00 00], 0F1=[34 06 00], 19D=[80 00 3F FE 00 00 00 FF <DATA ERROR]}
2022-01-29 21:54:31.428 20100-20372/com.example.ids_for_can D/com.example.ids_for_can.connectivity.ObdGatewayService: Taking job[23] from queue...
2022-01-29 21:54:31.428 20100-20372/com.example.ids_for_can D/com.example.ids_for_can.connectivity.ObdGatewayService: Job state is NEW. Run it...
2022-01-29 21:54:31.432 20100-20100/com.example.ids_for_can D/com.example.ids_for_can.MainActivity: cmdID: FUEL_LEVEL, cmdResult: 0.0%
2022-01-29 21:54:31.432 20100-20100/com.example.ids_for_can D/com.example.ids_for_can.MainActivity: cmdID: FUEL_LEVEL, rawCmdResult: 7E803412FBC
2022-01-29 21:54:31.771 20100-20372/com.example.ids_for_can D/ContentValues: readRawData -- ATMAString
2022-01-29 21:54:31.771 20100-20372/com.example.ids_for_can D/ContentValues: 7E8 03 41 07 7F 
