2022-01-29 19:19:21.376 29705-29920/com.example.ids_for_can D/ContentValues: 7EB064101000400007EA064101000400007E80641010107E500
2022-01-29 19:19:21.377 29705-29920/com.example.ids_for_can D/ContentValues: fillBuffer -- buffer
2022-01-29 19:19:21.377 29705-29920/com.example.ids_for_can D/ContentValues: [126, 176, 100, 16, 16, 0, 64, 0, 7, 234, 6, 65, 1, 0, 4, 0, 0, 126, 128, 100, 16, 16, 16, 126, 80]
2022-01-29 19:19:21.378 29705-29920/com.example.ids_for_can D/com.example.ids_for_can.connectivity.ObdGatewayService: Taking job[13] from queue...
2022-01-29 19:19:21.378 29705-29920/com.example.ids_for_can D/com.example.ids_for_can.connectivity.ObdGatewayService: Job state is NEW. Run it...
2022-01-29 19:19:21.383 29705-29705/com.example.ids_for_can D/com.example.ids_for_can.MainActivity: cmdID: DTC_NUMBER, cmdResult: MIL is OFF100 codes
2022-01-29 19:19:21.383 29705-29705/com.example.ids_for_can D/com.example.ids_for_can.MainActivity: cmdID: DTC_NUMBER, rawCmdResult: 7EB064101000400007EA064101000400007E80641010107E500
2022-01-29 19:19:21.807 29705-29920/com.example.ids_for_can D/ContentValues: readRawData -- res
2022-01-29 19:19:21.807 29705-29920/com.example.ids_for_can D/ContentValues: 7E8 03 41 0E 80 
2022-01-29 19:19:21.807 29705-29920/com.example.ids_for_can D/ContentValues: readRawData -- rawData -- SEARCHING_PATTERN
2022-01-29 19:19:21.807 29705-29920/com.example.ids_for_can D/ContentValues: 7E8 03 41 0E 80 
2022-01-29 19:19:21.808 29705-29920/com.example.ids_for_can D/ContentValues: readRawData -- rawData -- WHITESPACE PATTERN
2022-01-29 19:19:21.808 29705-29920/com.example.ids_for_can D/ContentValues: 7E803410E80
2022-01-29 19:19:21.811 29705-29920/com.example.ids_for_can D/ContentValues: fillBuffer -- rawData
2022-01-29 19:19:21.811 29705-29920/com.example.ids_for_can D/ContentValues: 7E803410E80
2022-01-29 19:19:21.811 29705-29920/com.example.ids_for_can D/ContentValues: fillBuffer -- buffer
2022-01-29 19:19:21.811 29705-29920/com.example.ids_for_can D/ContentValues: [126, 128, 52, 16, 232]
2022-01-29 19:19:21.811 29705-29920/com.example.ids_for_can D/com.example.ids_for_can.connectivity.ObdGatewayService: Taking job[14] from queue...
2022-01-29 19:19:21.811 29705-29920/com.example.ids_for_can D/com.example.ids_for_can.connectivity.ObdGatewayService: Job state is NEW. Run it...
2022-01-29 19:19:21.817 29705-29705/com.example.ids_for_can D/com.example.ids_for_can.MainActivity: cmdID: TIMING_ADVANCE, cmdResult: 20.4%
2022-01-29 19:19:21.817 29705-29705/com.example.ids_for_can D/com.example.ids_for_can.MainActivity: cmdID: TIMING_ADVANCE, rawCmdResult: 7E803410E80
2022-01-29 19:19:22.184 29705-29920/com.example.ids_for_can E/com.example.ids_for_can.connectivity.ObdGatewayService: java.lang.StringIndexOutOfBoundsException: length=31; index=32
2022-01-29 19:19:22.184 29705-29920/com.example.ids_for_can E/com.example.ids_for_can.connectivity.ObdGatewayService: Failed to run command. -> length=31; index=32
2022-01-29 19:19:22.184 29705-29920/com.example.ids_for_can D/com.example.ids_for_can.connectivity.ObdGatewayService: Taking job[15] from queue...
2022-01-29 19:19:22.184 29705-29920/com.example.ids_for_can D/com.example.ids_for_can.connectivity.ObdGatewayService: Job state is NEW. Run it...
2022-01-29 19:19:22.191 29705-29705/com.example.ids_for_can D/com.example.ids_for_can.MainActivity: cmdID: TROUBLE_CODES, cmdResult: 7EB024300
    7EA024300
    7E80443010463
2022-01-29 19:19:22.192 29705-29705/com.example.ids_for_can D/com.example.ids_for_can.MainActivity: cmdID: TROUBLE_CODES, rawCmdResult: 
2022-01-29 19:19:22.609 29705-29920/com.example.ids_for_can D/ContentValues: readRawData -- res
2022-01-29 19:19:22.609 29705-29920/com.example.ids_for_can D/ContentValues: 7E8 10 14 49 02 01 31 47 4E 
    7E8 21 4B 56 47 45 44 31 42 
    7E8 22 4A 33 31 31 38 35 38 
2022-01-29 19:19:22.609 29705-29920/com.example.ids_for_can D/ContentValues: readRawData -- rawData -- SEARCHING_PATTERN
2022-01-29 19:19:22.609 29705-29920/com.example.ids_for_can D/ContentValues: 7E8 10 14 49 02 01 31 47 4E 
    7E8 21 4B 56 47 45 44 31 42 
    7E8 22 4A 33 31 31 38 35 38 
2022-01-29 19:19:22.610 29705-29920/com.example.ids_for_can D/ContentValues: readRawData -- rawData -- WHITESPACE PATTERN
2022-01-29 19:19:22.610 29705-29920/com.example.ids_for_can D/ContentValues: 7E8101449020131474E7E8214B5647454431427E8224A333131383538
2022-01-29 19:19:22.614 29705-29920/com.example.ids_for_can D/com.example.ids_for_can.connectivity.ObdGatewayService: Taking job[16] from queue...
2022-01-29 19:19:22.614 29705-29920/com.example.ids_for_can D/com.example.ids_for_can.connectivity.ObdGatewayService: Job state is NEW. Run it...
2022-01-29 19:19:22.619 29705-29705/com.example.ids_for_can D/com.example.ids_for_can.MainActivity: cmdID: VIN, cmdResult: ~Ct!KVGED1B~$3S
2022-01-29 19:19:22.619 29705-29705/com.example.ids_for_can D/com.example.ids_for_can.MainActivity: cmdID: VIN, rawCmdResult: 7E8101449020131474E7E8214B5647454431427E8224A333131383538
2022-01-29 19:19:23.022 29705-29920/com.example.ids_for_can D/ContentValues: readRawData -- res
2022-01-29 19:19:23.023 29705-29920/com.example.ids_for_can D/ContentValues: 7E8 03 41 04 00 
2022-01-29 19:19:23.023 29705-29920/com.example.ids_for_can D/ContentValues: readRawData -- rawData -- SEARCHING_PATTERN
2022-01-29 19:19:23.023 29705-29920/com.example.ids_for_can D/ContentValues: 7E8 03 41 04 00 
2022-01-29 19:19:23.023 29705-29920/com.example.ids_for_can D/ContentValues: readRawData -- rawData -- WHITESPACE PATTERN
2022-01-29 19:19:23.023 29705-29920/com.example.ids_for_can D/ContentValues: 7E803410400
2022-01-29 19:19:23.026 29705-29920/com.example.ids_for_can D/ContentValues: fillBuffer -- rawData
2022-01-29 19:19:23.026 29705-29920/com.example.ids_for_can D/ContentValues: 7E803410400
2022-01-29 19:19:23.026 29705-29920/com.example.ids_for_can D/ContentValues: fillBuffer -- buffer
2022-01-29 19:19:23.026 29705-29920/com.example.ids_for_can D/ContentValues: [126, 128, 52, 16, 64]
2022-01-29 19:19:23.027 29705-29920/com.example.ids_for_can D/com.example.ids_for_can.connectivity.ObdGatewayService: Taking job[17] from queue...
2022-01-29 19:19:23.027 29705-29920/com.example.ids_for_can D/com.example.ids_for_can.connectivity.ObdGatewayService: Job state is NEW. Run it...
2022-01-29 19:19:23.032 29705-29705/com.example.ids_for_can D/com.example.ids_for_can.MainActivity: cmdID: ENGINE_LOAD, cmdResult: 20.4%
2022-01-29 19:19:23.033 29705-29705/com.example.ids_for_can D/com.example.ids_for_can.MainActivity: cmdID: ENGINE_LOAD, rawCmdResult: 7E803410400
2022-01-29 19:19:23.313 29705-29920/com.example.ids_for_can D/ContentValues: readRawData -- res
2022-01-29 19:19:23.314 29705-29920/com.example.ids_for_can D/ContentValues: 7E8 04 41 0C 00 00 
2022-01-29 19:19:23.314 29705-29920/com.example.ids_for_can D/ContentValues: readRawData -- rawData -- SEARCHING_PATTERN
2022-01-29 19:19:23.314 29705-29920/com.example.ids_for_can D/ContentValues: 7E8 04 41 0C 00 00 
2022-01-29 19:19:23.314 29705-29920/com.example.ids_for_can D/ContentValues: readRawData -- rawData -- WHITESPACE PATTERN
2022-01-29 19:19:23.314 29705-29920/com.example.ids_for_can D/ContentValues: 7E804410C0000
2022-01-29 19:19:23.317 29705-29920/com.example.ids_for_can D/ContentValues: fillBuffer -- rawData
2022-01-29 19:19:23.317 29705-29920/com.example.ids_for_can D/ContentValues: 7E804410C0000
2022-01-29 19:19:23.317 29705-29920/com.example.ids_for_can D/ContentValues: fillBuffer -- buffer
2022-01-29 19:19:23.317 29705-29920/com.example.ids_for_can D/ContentValues: [126, 128, 68, 16, 192, 0]
2022-01-29 19:19:23.318 29705-29920/com.example.ids_for_can D/com.example.ids_for_can.connectivity.ObdGatewayService: Taking job[18] from queue...
2022-01-29 19:19:23.318 29705-29920/com.example.ids_for_can D/com.example.ids_for_can.connectivity.ObdGatewayService: Job state is NEW. Run it...
2022-01-29 19:19:23.320 29705-29705/com.example.ids_for_can D/com.example.ids_for_can.MainActivity: cmdID: ENGINE_RPM, cmdResult: 4356RPM
2022-01-29 19:19:23.321 29705-29705/com.example.ids_for_can D/com.example.ids_for_can.MainActivity: cmdID: ENGINE_RPM, rawCmdResult: 7E804410C0000
2022-01-29 19:19:23.516 29705-29920/com.example.ids_for_can D/ContentValues: readRawData -- res
2022-01-29 19:19:23.516 29705-29920/com.example.ids_for_can D/ContentValues: 7E8 04 41 1F 00 00 
2022-01-29 19:19:23.516 29705-29920/com.example.ids_for_can D/ContentValues: readRawData -- rawData -- SEARCHING_PATTERN
2022-01-29 19:19:23.516 29705-29920/com.example.ids_for_can D/ContentValues: 7E8 04 41 1F 00 00 
2022-01-29 19:19:23.517 29705-29920/com.example.ids_for_can D/ContentValues: readRawData -- rawData -- WHITESPACE PATTERN
2022-01-29 19:19:23.517 29705-29920/com.example.ids_for_can D/ContentValues: 7E804411F0000
2022-01-29 19:19:23.519 29705-29920/com.example.ids_for_can D/ContentValues: fillBuffer -- rawData
2022-01-29 19:19:23.519 29705-29920/com.example.ids_for_can D/ContentValues: 7E804411F0000
2022-01-29 19:19:23.520 29705-29920/com.example.ids_for_can D/ContentValues: fillBuffer -- buffer
2022-01-29 19:19:23.520 29705-29920/com.example.ids_for_can D/ContentValues: [126, 128, 68, 17, 240, 0]
2022-01-29 19:19:23.520 29705-29920/com.example.ids_for_can D/com.example.ids_for_can.connectivity.ObdGatewayService: Taking job[19] from queue...
2022-01-29 19:19:23.520 29705-29920/com.example.ids_for_can D/com.example.ids_for_can.connectivity.ObdGatewayService: Job state is NEW. Run it...
2022-01-29 19:19:23.527 29705-29705/com.example.ids_for_can D/com.example.ids_for_can.MainActivity: cmdID: ENGINE_RUNTIME, cmdResult: 04:50:25
2022-01-29 19:19:23.527 29705-29705/com.example.ids_for_can D/com.example.ids_for_can.MainActivity: cmdID: ENGINE_RUNTIME, rawCmdResult: 7E804411F0000
2022-01-29 19:19:23.795 29705-29920/com.example.ids_for_can D/ContentValues: readRawData -- res
2022-01-29 19:19:23.795 29705-29920/com.example.ids_for_can D/ContentValues: 7E8 04 41 10 00 00 
2022-01-29 19:19:23.796 29705-29920/com.example.ids_for_can D/ContentValues: readRawData -- rawData -- SEARCHING_PATTERN
2022-01-29 19:19:23.796 29705-29920/com.example.ids_for_can D/ContentValues: 7E8 04 41 10 00 00 
2022-01-29 19:19:23.796 29705-29920/com.example.ids_for_can D/ContentValues: readRawData -- rawData -- WHITESPACE PATTERN
2022-01-29 19:19:23.796 29705-29920/com.example.ids_for_can D/ContentValues: 7E80441100000
2022-01-29 19:19:23.799 29705-29920/com.example.ids_for_can D/ContentValues: fillBuffer -- rawData
2022-01-29 19:19:23.799 29705-29920/com.example.ids_for_can D/ContentValues: 7E80441100000
2022-01-29 19:19:23.799 29705-29920/com.example.ids_for_can D/ContentValues: fillBuffer -- buffer
2022-01-29 19:19:23.799 29705-29920/com.example.ids_for_can D/ContentValues: [126, 128, 68, 17, 0, 0]
2022-01-29 19:19:23.799 29705-29920/com.example.ids_for_can D/com.example.ids_for_can.connectivity.ObdGatewayService: Taking job[20] from queue...
2022-01-29 19:19:23.799 29705-29920/com.example.ids_for_can D/com.example.ids_for_can.connectivity.ObdGatewayService: Job state is NEW. Run it...
2022-01-29 19:19:23.810 29705-29705/com.example.ids_for_can D/com.example.ids_for_can.MainActivity: cmdID: MAF, cmdResult: 174.25g/s
2022-01-29 19:19:23.811 29705-29705/com.example.ids_for_can D/com.example.ids_for_can.MainActivity: cmdID: MAF, rawCmdResult: 7E80441100000
2022-01-29 19:19:23.983 29705-29920/com.example.ids_for_can D/ContentValues: readRawData -- res
2022-01-29 19:19:23.983 29705-29920/com.example.ids_for_can D/ContentValues: 7E8 03 41 11 54 
2022-01-29 19:19:23.984 29705-29920/com.example.ids_for_can D/ContentValues: readRawData -- rawData -- SEARCHING_PATTERN
2022-01-29 19:19:23.984 29705-29920/com.example.ids_for_can D/ContentValues: 7E8 03 41 11 54 
2022-01-29 19:19:23.984 29705-29920/com.example.ids_for_can D/ContentValues: readRawData -- rawData -- WHITESPACE PATTERN
2022-01-29 19:19:23.984 29705-29920/com.example.ids_for_can D/ContentValues: 7E803411154
2022-01-29 19:19:23.986 29705-29920/com.example.ids_for_can D/ContentValues: fillBuffer -- rawData
2022-01-29 19:19:23.986 29705-29920/com.example.ids_for_can D/ContentValues: 7E803411154
2022-01-29 19:19:23.987 29705-29920/com.example.ids_for_can D/ContentValues: fillBuffer -- buffer
2022-01-29 19:19:23.987 29705-29920/com.example.ids_for_can D/ContentValues: [126, 128, 52, 17, 21]
2022-01-29 19:19:23.987 29705-29920/com.example.ids_for_can D/com.example.ids_for_can.connectivity.ObdGatewayService: Taking job[21] from queue...
2022-01-29 19:19:23.987 29705-29920/com.example.ids_for_can D/com.example.ids_for_can.connectivity.ObdGatewayService: Job state is NEW. Run it...
2022-01-29 19:19:23.992 29705-29705/com.example.ids_for_can D/com.example.ids_for_can.MainActivity: cmdID: THROTTLE_POS, cmdResult: 20.4%
2022-01-29 19:19:23.992 29705-29705/com.example.ids_for_can D/com.example.ids_for_can.MainActivity: cmdID: THROTTLE_POS, rawCmdResult: 7E803411154
2022-01-29 19:19:24.486 29705-29920/com.example.ids_for_can D/ContentValues: readRawData -- res
2022-01-29 19:19:24.487 29705-29920/com.example.ids_for_can D/ContentValues: NO DATA
2022-01-29 19:19:24.487 29705-29920/com.example.ids_for_can D/ContentValues: readRawData -- rawData -- SEARCHING_PATTERN
2022-01-29 19:19:24.487 29705-29920/com.example.ids_for_can D/ContentValues: NO DATA
2022-01-29 19:19:24.487 29705-29920/com.example.ids_for_can D/ContentValues: readRawData -- rawData -- WHITESPACE PATTERN
2022-01-29 19:19:24.487 29705-29920/com.example.ids_for_can D/ContentValues: NODATA
2022-01-29 19:19:24.489 29705-29920/com.example.ids_for_can E/com.example.ids_for_can.connectivity.ObdGatewayService: com.github.pires.obd.exceptions.NoDataException: Error running 01 51, response: NODATA
2022-01-29 19:19:24.489 29705-29920/com.example.ids_for_can E/com.example.ids_for_can.connectivity.ObdGatewayService: Failed to run command. -> Error running 01 51, response: NODATA
2022-01-29 19:19:24.490 29705-29920/com.example.ids_for_can D/com.example.ids_for_can.connectivity.ObdGatewayService: Taking job[22] from queue...
2022-01-29 19:19:24.490 29705-29920/com.example.ids_for_can D/com.example.ids_for_can.connectivity.ObdGatewayService: Job state is NEW. Run it...
2022-01-29 19:19:24.496 29705-29705/com.example.ids_for_can D/com.example.ids_for_can.MainActivity: cmdID: FUEL_TYPE, cmdResult: NODATA
2022-01-29 19:19:24.496 29705-29705/com.example.ids_for_can D/com.example.ids_for_can.MainActivity: cmdID: FUEL_TYPE, rawCmdResult: 
2022-01-29 19:19:25.022 29705-29920/com.example.ids_for_can D/ContentValues: readRawData -- res
2022-01-29 19:19:25.022 29705-29920/com.example.ids_for_can D/ContentValues: NO DATA
2022-01-29 19:19:25.022 29705-29920/com.example.ids_for_can D/ContentValues: readRawData -- rawData -- SEARCHING_PATTERN
2022-01-29 19:19:25.022 29705-29920/com.example.ids_for_can D/ContentValues: NO DATA
2022-01-29 19:19:25.023 29705-29920/com.example.ids_for_can D/ContentValues: readRawData -- rawData -- WHITESPACE PATTERN
2022-01-29 19:19:25.023 29705-29920/com.example.ids_for_can D/ContentValues: NODATA
2022-01-29 19:19:25.024 29705-29920/com.example.ids_for_can E/com.example.ids_for_can.connectivity.ObdGatewayService: com.github.pires.obd.exceptions.NoDataException: Error running 01 5E, response: NODATA
2022-01-29 19:19:25.024 29705-29920/com.example.ids_for_can E/com.example.ids_for_can.connectivity.ObdGatewayService: Failed to run command. -> Error running 01 5E, response: NODATA
2022-01-29 19:19:25.024 29705-29920/com.example.ids_for_can D/com.example.ids_for_can.connectivity.ObdGatewayService: Taking job[23] from queue...
2022-01-29 19:19:25.025 29705-29920/com.example.ids_for_can D/com.example.ids_for_can.connectivity.ObdGatewayService: Job state is NEW. Run it...
2022-01-29 19:19:25.029 29705-29705/com.example.ids_for_can D/com.example.ids_for_can.MainActivity: cmdID: FUEL_CONSUMPTION_RATE, cmdResult: NODATA
2022-01-29 19:19:25.029 29705-29705/com.example.ids_for_can D/com.example.ids_for_can.MainActivity: cmdID: FUEL_CONSUMPTION_RATE, rawCmdResult: 
2022-01-29 19:19:25.583 29705-29920/com.example.ids_for_can D/ContentValues: readRawData -- res
2022-01-29 19:19:25.583 29705-29920/com.example.ids_for_can D/ContentValues: 7E8 03 41 2F AE 
2022-01-29 19:19:25.583 29705-29920/com.example.ids_for_can D/ContentValues: readRawData -- rawData -- SEARCHING_PATTERN
2022-01-29 19:19:25.583 29705-29920/com.example.ids_for_can D/ContentValues: 7E8 03 41 2F AE 
2022-01-29 19:19:25.583 29705-29920/com.example.ids_for_can D/ContentValues: readRawData -- rawData -- WHITESPACE PATTERN
2022-01-29 19:19:25.584 29705-29920/com.example.ids_for_can D/ContentValues: 7E803412FAE
2022-01-29 19:19:25.586 29705-29920/com.example.ids_for_can D/ContentValues: fillBuffer -- rawData
2022-01-29 19:19:25.586 29705-29920/com.example.ids_for_can D/ContentValues: 7E803412FAE
2022-01-29 19:19:25.587 29705-29920/com.example.ids_for_can D/ContentValues: fillBuffer -- buffer
2022-01-29 19:19:25.587 29705-29920/com.example.ids_for_can D/ContentValues: [126, 128, 52, 18, 250]
2022-01-29 19:19:25.587 29705-29920/com.example.ids_for_can D/com.example.ids_for_can.connectivity.ObdGatewayService: Taking job[24] from queue...
2022-01-29 19:19:25.588 29705-29920/com.example.ids_for_can D/com.example.ids_for_can.connectivity.ObdGatewayService: Job state is NEW. Run it...
2022-01-29 19:19:25.594 29705-29705/com.example.ids_for_can D/com.example.ids_for_can.MainActivity: cmdID: FUEL_LEVEL, cmdResult: 20.4%
2022-01-29 19:19:25.594 29705-29705/com.example.ids_for_can D/com.example.ids_for_can.MainActivity: cmdID: FUEL_LEVEL, rawCmdResult: 7E803412FAE
2022-01-29 19:19:25.860 29705-29920/com.example.ids_for_can D/ContentValues: readRawData -- res
2022-01-29 19:19:25.860 29705-29920/com.example.ids_for_can D/ContentValues: 7E8 03 41 07 7F 
2022-01-29 19:19:25.861 29705-29920/com.example.ids_for_can D/ContentValues: readRawData -- rawData -- SEARCHING_PATTERN
2022-01-29 19:19:25.861 29705-29920/com.example.ids_for_can D/ContentValues: 7E8 03 41 07 7F 
2022-01-29 19:19:25.861 29705-29920/com.example.ids_for_can D/ContentValues: readRawData -- rawData -- WHITESPACE PATTERN
2022-01-29 19:19:25.861 29705-29920/com.example.ids_for_can D/ContentValues: 7E80341077F
2022-01-29 19:19:25.863 29705-29920/com.example.ids_for_can D/ContentValues: fillBuffer -- rawData
2022-01-29 19:19:25.863 29705-29920/com.example.ids_for_can D/ContentValues: 7E80341077F
2022-01-29 19:19:25.864 29705-29920/com.example.ids_for_can D/ContentValues: fillBuffer -- buffer
2022-01-29 19:19:25.864 29705-29920/com.example.ids_for_can D/ContentValues: [126, 128, 52, 16, 119]
2022-01-29 19:19:25.864 29705-29920/com.example.ids_for_can D/com.example.ids_for_can.connectivity.ObdGatewayService: Taking job[25] from queue...
2022-01-29 19:19:25.864 29705-29920/com.example.ids_for_can D/com.example.ids_for_can.connectivity.ObdGatewayService: Job state is NEW. Run it...
2022-01-29 19:19:25.870 29705-29705/com.example.ids_for_can D/com.example.ids_for_can.MainActivity: cmdID: Long Term Fuel Trim Bank 1, cmdResult: -59.4%
2022-01-29 19:19:25.870 29705-29705/com.example.ids_for_can D/com.example.ids_for_can.MainActivity: cmdID: Long Term Fuel Trim Bank 1, rawCmdResult: 7E80341077F
2022-01-29 19:19:26.151 29705-29920/com.example.ids_for_can D/ContentValues: readRawData -- res
2022-01-29 19:19:26.152 29705-29920/com.example.ids_for_can D/ContentValues: 7E8 03 41 09 7F 
2022-01-29 19:19:26.152 29705-29920/com.example.ids_for_can D/ContentValues: readRawData -- rawData -- SEARCHING_PATTERN
2022-01-29 19:19:26.152 29705-29920/com.example.ids_for_can D/ContentValues: 7E8 03 41 09 7F 
2022-01-29 19:19:26.152 29705-29920/com.example.ids_for_can D/ContentValues: readRawData -- rawData -- WHITESPACE PATTERN
2022-01-29 19:19:26.152 29705-29920/com.example.ids_for_can D/ContentValues: 7E80341097F
2022-01-29 19:19:26.155 29705-29920/com.example.ids_for_can D/ContentValues: fillBuffer -- rawData
2022-01-29 19:19:26.155 29705-29920/com.example.ids_for_can D/ContentValues: 7E80341097F
2022-01-29 19:19:26.155 29705-29920/com.example.ids_for_can D/ContentValues: fillBuffer -- buffer
2022-01-29 19:19:26.155 29705-29920/com.example.ids_for_can D/ContentValues: [126, 128, 52, 16, 151]
2022-01-29 19:19:26.156 29705-29920/com.example.ids_for_can D/com.example.ids_for_can.connectivity.ObdGatewayService: Taking job[26] from queue...
2022-01-29 19:19:26.156 29705-29920/com.example.ids_for_can D/com.example.ids_for_can.connectivity.ObdGatewayService: Job state is NEW. Run it...
2022-01-29 19:19:26.161 29705-29705/com.example.ids_for_can D/com.example.ids_for_can.MainActivity: cmdID: Long Term Fuel Trim Bank 2, cmdResult: -59.4%
2022-01-29 19:19:26.161 29705-29705/com.example.ids_for_can D/com.example.ids_for_can.MainActivity: cmdID: Long Term Fuel Trim Bank 2, rawCmdResult: 7E80341097F
2022-01-29 19:19:26.389 29705-29920/com.example.ids_for_can D/ContentValues: readRawData -- res
2022-01-29 19:19:26.389 29705-29920/com.example.ids_for_can D/ContentValues: 7E8 03 41 06 80 
2022-01-29 19:19:26.389 29705-29920/com.example.ids_for_can D/ContentValues: readRawData -- rawData -- SEARCHING_PATTERN
2022-01-29 19:19:26.389 29705-29920/com.example.ids_for_can D/ContentValues: 7E8 03 41 06 80 
2022-01-29 19:19:26.389 29705-29920/com.example.ids_for_can D/ContentValues: readRawData -- rawData -- WHITESPACE PATTERN
2022-01-29 19:19:26.389 29705-29920/com.example.ids_for_can D/ContentValues: 7E803410680
2022-01-29 19:19:26.392 29705-29920/com.example.ids_for_can D/ContentValues: fillBuffer -- rawData
2022-01-29 19:19:26.392 29705-29920/com.example.ids_for_can D/ContentValues: 7E803410680
2022-01-29 19:19:26.392 29705-29920/com.example.ids_for_can D/ContentValues: fillBuffer -- buffer
2022-01-29 19:19:26.393 29705-29920/com.example.ids_for_can D/ContentValues: [126, 128, 52, 16, 104]
2022-01-29 19:19:26.393 29705-29920/com.example.ids_for_can D/com.example.ids_for_can.connectivity.ObdGatewayService: Taking job[27] from queue...
2022-01-29 19:19:26.393 29705-29920/com.example.ids_for_can D/com.example.ids_for_can.connectivity.ObdGatewayService: Job state is NEW. Run it...
2022-01-29 19:19:26.398 29705-29705/com.example.ids_for_can D/com.example.ids_for_can.MainActivity: cmdID: Short Term Fuel Trim Bank 1, cmdResult: -59.4%
2022-01-29 19:19:26.399 29705-29705/com.example.ids_for_can D/com.example.ids_for_can.MainActivity: cmdID: Short Term Fuel Trim Bank 1, rawCmdResult: 7E803410680
2022-01-29 19:19:26.719 29705-29920/com.example.ids_for_can D/ContentValues: readRawData -- res
2022-01-29 19:19:26.720 29705-29920/com.example.ids_for_can D/ContentValues: 7E8 03 41 08 80 
2022-01-29 19:19:26.720 29705-29920/com.example.ids_for_can D/ContentValues: readRawData -- rawData -- SEARCHING_PATTERN
2022-01-29 19:19:26.720 29705-29920/com.example.ids_for_can D/ContentValues: 7E8 03 41 08 80 
2022-01-29 19:19:26.720 29705-29920/com.example.ids_for_can D/ContentValues: readRawData -- rawData -- WHITESPACE PATTERN
2022-01-29 19:19:26.720 29705-29920/com.example.ids_for_can D/ContentValues: 7E803410880
2022-01-29 19:19:26.722 29705-29920/com.example.ids_for_can D/ContentValues: fillBuffer -- rawData
2022-01-29 19:19:26.722 29705-29920/com.example.ids_for_can D/ContentValues: 7E803410880
2022-01-29 19:19:26.723 29705-29920/com.example.ids_for_can D/ContentValues: fillBuffer -- buffer
2022-01-29 19:19:26.723 29705-29920/com.example.ids_for_can D/ContentValues: [126, 128, 52, 16, 136]
2022-01-29 19:19:26.723 29705-29920/com.example.ids_for_can D/com.example.ids_for_can.connectivity.ObdGatewayService: Taking job[28] from queue...
2022-01-29 19:19:26.723 29705-29920/com.example.ids_for_can D/com.example.ids_for_can.connectivity.ObdGatewayService: Job state is NEW. Run it...
2022-01-29 19:19:26.728 29705-29705/com.example.ids_for_can D/com.example.ids_for_can.MainActivity: cmdID: Short Term Fuel Trim Bank 2, cmdResult: -59.4%
2022-01-29 19:19:26.728 29705-29705/com.example.ids_for_can D/com.example.ids_for_can.MainActivity: cmdID: Short Term Fuel Trim Bank 2, rawCmdResult: 7E803410880
2022-01-29 19:19:26.921 29705-29920/com.example.ids_for_can D/ContentValues: readRawData -- res
2022-01-29 19:19:26.921 29705-29920/com.example.ids_for_can D/ContentValues: 7E8 04 41 44 FF FF 
2022-01-29 19:19:26.922 29705-29920/com.example.ids_for_can D/ContentValues: readRawData -- rawData -- SEARCHING_PATTERN
2022-01-29 19:19:26.922 29705-29920/com.example.ids_for_can D/ContentValues: 7E8 04 41 44 FF FF 
2022-01-29 19:19:26.922 29705-29920/com.example.ids_for_can D/ContentValues: readRawData -- rawData -- WHITESPACE PATTERN
2022-01-29 19:19:26.922 29705-29920/com.example.ids_for_can D/ContentValues: 7E8044144FFFF
2022-01-29 19:19:26.924 29705-29920/com.example.ids_for_can D/ContentValues: fillBuffer -- rawData
2022-01-29 19:19:26.925 29705-29920/com.example.ids_for_can D/ContentValues: 7E8044144FFFF
2022-01-29 19:19:26.925 29705-29920/com.example.ids_for_can D/ContentValues: fillBuffer -- buffer
2022-01-29 19:19:26.925 29705-29920/com.example.ids_for_can D/ContentValues: [126, 128, 68, 20, 79, 255]
2022-01-29 19:19:26.925 29705-29920/com.example.ids_for_can D/com.example.ids_for_can.connectivity.ObdGatewayService: Taking job[29] from queue...
2022-01-29 19:19:26.926 29705-29920/com.example.ids_for_can D/com.example.ids_for_can.connectivity.ObdGatewayService: Job state is NEW. Run it...
2022-01-29 19:19:26.932 29705-29705/com.example.ids_for_can D/com.example.ids_for_can.MainActivity: cmdID: AIR_FUEL_RATIO, cmdResult: 7.82:1 AFR
2022-01-29 19:19:26.932 29705-29705/com.example.ids_for_can D/com.example.ids_for_can.MainActivity: cmdID: AIR_FUEL_RATIO, rawCmdResult: 7E8044144FFFF
2022-01-29 19:19:27.319 29705-29920/com.example.ids_for_can D/ContentValues: readRawData -- res
2022-01-29 19:19:27.319 29705-29920/com.example.ids_for_can D/ContentValues: NO DATA
2022-01-29 19:19:27.320 29705-29920/com.example.ids_for_can D/ContentValues: readRawData -- rawData -- SEARCHING_PATTERN
2022-01-29 19:19:27.320 29705-29920/com.example.ids_for_can D/ContentValues: NO DATA
2022-01-29 19:19:27.320 29705-29920/com.example.ids_for_can D/ContentValues: readRawData -- rawData -- WHITESPACE PATTERN
2022-01-29 19:19:27.320 29705-29920/com.example.ids_for_can D/ContentValues: NODATA
2022-01-29 19:19:27.322 29705-29920/com.example.ids_for_can E/com.example.ids_for_can.connectivity.ObdGatewayService: com.github.pires.obd.exceptions.NoDataException: Error running 01 34, response: NODATA
2022-01-29 19:19:27.322 29705-29920/com.example.ids_for_can E/com.example.ids_for_can.connectivity.ObdGatewayService: Failed to run command. -> Error running 01 34, response: NODATA
2022-01-29 19:19:27.322 29705-29920/com.example.ids_for_can D/com.example.ids_for_can.connectivity.ObdGatewayService: Taking job[30] from queue...
2022-01-29 19:19:27.322 29705-29920/com.example.ids_for_can D/com.example.ids_for_can.connectivity.ObdGatewayService: Job state is NEW. Run it...
2022-01-29 19:19:27.327 29705-29705/com.example.ids_for_can D/com.example.ids_for_can.MainActivity: cmdID: WIDEBAND_AIR_FUEL_RATIO, cmdResult: NODATA
2022-01-29 19:19:27.327 29705-29705/com.example.ids_for_can D/com.example.ids_for_can.MainActivity: cmdID: WIDEBAND_AIR_FUEL_RATIO, rawCmdResult: 
2022-01-29 19:19:27.642 29705-29920/com.example.ids_for_can D/ContentValues: readRawData -- res
2022-01-29 19:19:27.643 29705-29920/com.example.ids_for_can D/ContentValues: NO DATA
2022-01-29 19:19:27.643 29705-29920/com.example.ids_for_can D/ContentValues: readRawData -- rawData -- SEARCHING_PATTERN
2022-01-29 19:19:27.643 29705-29920/com.example.ids_for_can D/ContentValues: NO DATA
2022-01-29 19:19:27.643 29705-29920/com.example.ids_for_can D/ContentValues: readRawData -- rawData -- WHITESPACE PATTERN
2022-01-29 19:19:27.643 29705-29920/com.example.ids_for_can D/ContentValues: NODATA
2022-01-29 19:19:27.644 29705-29920/com.example.ids_for_can E/com.example.ids_for_can.connectivity.ObdGatewayService: com.github.pires.obd.exceptions.NoDataException: Error running 01 5C, response: NODATA
2022-01-29 19:19:27.645 29705-29920/com.example.ids_for_can E/com.example.ids_for_can.connectivity.ObdGatewayService: Failed to run command. -> Error running 01 5C, response: NODATA
2022-01-29 19:19:27.645 29705-29920/com.example.ids_for_can D/com.example.ids_for_can.connectivity.ObdGatewayService: Taking job[31] from queue...
2022-01-29 19:19:27.645 29705-29920/com.example.ids_for_can D/com.example.ids_for_can.connectivity.ObdGatewayService: Job state is NEW. Run it...
2022-01-29 19:19:27.649 29705-29705/com.example.ids_for_can D/com.example.ids_for_can.MainActivity: cmdID: ENGINE_OIL_TEMP, cmdResult: NODATA
2022-01-29 19:19:27.649 29705-29705/com.example.ids_for_can D/com.example.ids_for_can.MainActivity: cmdID: ENGINE_OIL_TEMP, rawCmdResult: 
2022-01-29 19:19:27.821 29705-29920/com.example.ids_for_can D/ContentValues: readRawData -- res
2022-01-29 19:19:27.821 29705-29920/com.example.ids_for_can D/ContentValues: 7E8 03 41 33 60 
2022-01-29 19:19:27.821 29705-29920/com.example.ids_for_can D/ContentValues: readRawData -- rawData -- SEARCHING_PATTERN
2022-01-29 19:19:27.821 29705-29920/com.example.ids_for_can D/ContentValues: 7E8 03 41 33 60 
2022-01-29 19:19:27.822 29705-29920/com.example.ids_for_can D/ContentValues: readRawData -- rawData -- WHITESPACE PATTERN
2022-01-29 19:19:27.822 29705-29920/com.example.ids_for_can D/ContentValues: 7E803413360
2022-01-29 19:19:27.824 29705-29920/com.example.ids_for_can D/ContentValues: fillBuffer -- rawData
2022-01-29 19:19:27.824 29705-29920/com.example.ids_for_can D/ContentValues: 7E803413360
2022-01-29 19:19:27.825 29705-29920/com.example.ids_for_can D/ContentValues: fillBuffer -- buffer
2022-01-29 19:19:27.825 29705-29920/com.example.ids_for_can D/ContentValues: [126, 128, 52, 19, 54]
2022-01-29 19:19:27.825 29705-29920/com.example.ids_for_can D/com.example.ids_for_can.connectivity.ObdGatewayService: Taking job[32] from queue...
2022-01-29 19:19:27.825 29705-29920/com.example.ids_for_can D/com.example.ids_for_can.connectivity.ObdGatewayService: Job state is NEW. Run it...
2022-01-29 19:19:27.830 29705-29705/com.example.ids_for_can D/com.example.ids_for_can.MainActivity: cmdID: BAROMETRIC_PRESSURE, cmdResult: 52kPa
2022-01-29 19:19:27.830 29705-29705/com.example.ids_for_can D/com.example.ids_for_can.MainActivity: cmdID: BAROMETRIC_PRESSURE, rawCmdResult: 7E803413360
2022-01-29 19:19:27.999 29705-29920/com.example.ids_for_can D/ContentValues: readRawData -- res
2022-01-29 19:19:27.999 29705-29920/com.example.ids_for_can D/ContentValues: 7EB 03 41 0A 80 
2022-01-29 19:19:27.999 29705-29920/com.example.ids_for_can D/ContentValues: readRawData -- rawData -- SEARCHING_PATTERN
2022-01-29 19:19:27.999 29705-29920/com.example.ids_for_can D/ContentValues: 7EB 03 41 0A 80 
2022-01-29 19:19:28.000 29705-29920/com.example.ids_for_can D/ContentValues: readRawData -- rawData -- WHITESPACE PATTERN
2022-01-29 19:19:28.000 29705-29920/com.example.ids_for_can D/ContentValues: 7EB03410A80
2022-01-29 19:19:28.001 29705-29920/com.example.ids_for_can D/ContentValues: fillBuffer -- rawData
2022-01-29 19:19:28.001 29705-29920/com.example.ids_for_can D/ContentValues: 7EB03410A80
2022-01-29 19:19:28.001 29705-29920/com.example.ids_for_can D/ContentValues: fillBuffer -- buffer
2022-01-29 19:19:28.001 29705-29920/com.example.ids_for_can D/ContentValues: [126, 176, 52, 16, 168]
2022-01-29 19:19:28.001 29705-29920/com.example.ids_for_can D/com.example.ids_for_can.connectivity.ObdGatewayService: Taking job[33] from queue...
2022-01-29 19:19:28.001 29705-29920/com.example.ids_for_can D/com.example.ids_for_can.connectivity.ObdGatewayService: Job state is NEW. Run it...
2022-01-29 19:19:28.005 29705-29705/com.example.ids_for_can D/com.example.ids_for_can.MainActivity: cmdID: FUEL_PRESSURE, cmdResult: 156kPa
2022-01-29 19:19:28.005 29705-29705/com.example.ids_for_can D/com.example.ids_for_can.MainActivity: cmdID: FUEL_PRESSURE, rawCmdResult: 7EB03410A80
2022-01-29 19:19:28.155 29705-29920/com.example.ids_for_can D/ContentValues: readRawData -- res
2022-01-29 19:19:28.155 29705-29920/com.example.ids_for_can D/ContentValues: 7E8 04 41 23 00 26 
2022-01-29 19:19:28.155 29705-29920/com.example.ids_for_can D/ContentValues: readRawData -- rawData -- SEARCHING_PATTERN
2022-01-29 19:19:28.155 29705-29920/com.example.ids_for_can D/ContentValues: 7E8 04 41 23 00 26 
2022-01-29 19:19:28.156 29705-29920/com.example.ids_for_can D/ContentValues: readRawData -- rawData -- WHITESPACE PATTERN
2022-01-29 19:19:28.156 29705-29920/com.example.ids_for_can D/ContentValues: 7E80441230026
2022-01-29 19:19:28.157 29705-29920/com.example.ids_for_can D/ContentValues: fillBuffer -- rawData
2022-01-29 19:19:28.157 29705-29920/com.example.ids_for_can D/ContentValues: 7E80441230026
2022-01-29 19:19:28.157 29705-29920/com.example.ids_for_can D/ContentValues: fillBuffer -- buffer
2022-01-29 19:19:28.157 29705-29920/com.example.ids_for_can D/ContentValues: [126, 128, 68, 18, 48, 2]
2022-01-29 19:19:28.157 29705-29920/com.example.ids_for_can D/com.example.ids_for_can.connectivity.ObdGatewayService: Taking job[34] from queue...
2022-01-29 19:19:28.157 29705-29920/com.example.ids_for_can D/com.example.ids_for_can.connectivity.ObdGatewayService: Job state is NEW. Run it...
2022-01-29 19:19:28.160 29705-29705/com.example.ids_for_can D/com.example.ids_for_can.MainActivity: cmdID: FUEL_RAIL_PRESSURE, cmdResult: 174260kPa
2022-01-29 19:19:28.160 29705-29705/com.example.ids_for_can D/com.example.ids_for_can.MainActivity: cmdID: FUEL_RAIL_PRESSURE, rawCmdResult: 7E80441230026
2022-01-29 19:19:28.524 29705-29920/com.example.ids_for_can D/ContentValues: readRawData -- res
2022-01-29 19:19:28.524 29705-29920/com.example.ids_for_can D/ContentValues: NO DATA
2022-01-29 19:19:28.524 29705-29920/com.example.ids_for_can D/ContentValues: readRawData -- rawData -- SEARCHING_PATTERN
2022-01-29 19:19:28.524 29705-29920/com.example.ids_for_can D/ContentValues: NO DATA
2022-01-29 19:19:28.524 29705-29920/com.example.ids_for_can D/ContentValues: readRawData -- rawData -- WHITESPACE PATTERN
2022-01-29 19:19:28.524 29705-29920/com.example.ids_for_can D/ContentValues: NODATA
2022-01-29 19:19:28.525 29705-29920/com.example.ids_for_can E/com.example.ids_for_can.connectivity.ObdGatewayService: com.github.pires.obd.exceptions.NoDataException: Error running 01 0B, response: NODATA
2022-01-29 19:19:28.525 29705-29920/com.example.ids_for_can E/com.example.ids_for_can.connectivity.ObdGatewayService: Failed to run command. -> Error running 01 0B, response: NODATA
2022-01-29 19:19:28.525 29705-29920/com.example.ids_for_can D/com.example.ids_for_can.connectivity.ObdGatewayService: Taking job[35] from queue...
2022-01-29 19:19:28.525 29705-29920/com.example.ids_for_can D/com.example.ids_for_can.connectivity.ObdGatewayService: Job state is NEW. Run it...
2022-01-29 19:19:28.528 29705-29705/com.example.ids_for_can D/com.example.ids_for_can.MainActivity: cmdID: INTAKE_MANIFOLD_PRESSURE, cmdResult: NODATA
2022-01-29 19:19:28.528 29705-29705/com.example.ids_for_can D/com.example.ids_for_can.MainActivity: cmdID: INTAKE_MANIFOLD_PRESSURE, rawCmdResult: 
2022-01-29 19:19:28.648 29705-29920/com.example.ids_for_can D/ContentValues: readRawData -- res
2022-01-29 19:19:28.648 29705-29920/com.example.ids_for_can D/ContentValues: 7E8 03 41 0F 45 
2022-01-29 19:19:28.648 29705-29920/com.example.ids_for_can D/ContentValues: readRawData -- rawData -- SEARCHING_PATTERN
2022-01-29 19:19:28.648 29705-29920/com.example.ids_for_can D/ContentValues: 7E8 03 41 0F 45 
2022-01-29 19:19:28.648 29705-29920/com.example.ids_for_can D/ContentValues: readRawData -- rawData -- WHITESPACE PATTERN
2022-01-29 19:19:28.648 29705-29920/com.example.ids_for_can D/ContentValues: 7E803410F45
2022-01-29 19:19:28.650 29705-29920/com.example.ids_for_can D/ContentValues: fillBuffer -- rawData
2022-01-29 19:19:28.650 29705-29920/com.example.ids_for_can D/ContentValues: 7E803410F45
2022-01-29 19:19:28.650 29705-29920/com.example.ids_for_can D/ContentValues: fillBuffer -- buffer
2022-01-29 19:19:28.650 29705-29920/com.example.ids_for_can D/ContentValues: [126, 128, 52, 16, 244]
2022-01-29 19:19:28.650 29705-29920/com.example.ids_for_can D/com.example.ids_for_can.connectivity.ObdGatewayService: Taking job[36] from queue...
2022-01-29 19:19:28.650 29705-29920/com.example.ids_for_can D/com.example.ids_for_can.connectivity.ObdGatewayService: Job state is NEW. Run it...
2022-01-29 19:19:28.654 29705-29705/com.example.ids_for_can D/com.example.ids_for_can.MainActivity: cmdID: AIR_INTAKE_TEMP, cmdResult: 12C
2022-01-29 19:19:28.654 29705-29705/com.example.ids_for_can D/com.example.ids_for_can.MainActivity: cmdID: AIR_INTAKE_TEMP, rawCmdResult: 7E803410F45
2022-01-29 19:19:28.876 29705-29920/com.example.ids_for_can D/ContentValues: readRawData -- res
2022-01-29 19:19:28.876 29705-29920/com.example.ids_for_can D/ContentValues: 7E8 03 41 46 35 
2022-01-29 19:19:28.876 29705-29920/com.example.ids_for_can D/ContentValues: readRawData -- rawData -- SEARCHING_PATTERN
2022-01-29 19:19:28.876 29705-29920/com.example.ids_for_can D/ContentValues: 7E8 03 41 46 35 
2022-01-29 19:19:28.876 29705-29920/com.example.ids_for_can D/ContentValues: readRawData -- rawData -- WHITESPACE PATTERN
2022-01-29 19:19:28.876 29705-29920/com.example.ids_for_can D/ContentValues: 7E803414635
2022-01-29 19:19:28.877 29705-29920/com.example.ids_for_can D/ContentValues: fillBuffer -- rawData
2022-01-29 19:19:28.877 29705-29920/com.example.ids_for_can D/ContentValues: 7E803414635
2022-01-29 19:19:28.878 29705-29920/com.example.ids_for_can D/ContentValues: fillBuffer -- buffer
2022-01-29 19:19:28.878 29705-29920/com.example.ids_for_can D/ContentValues: [126, 128, 52, 20, 99]
2022-01-29 19:19:28.878 29705-29920/com.example.ids_for_can D/com.example.ids_for_can.connectivity.ObdGatewayService: Taking job[37] from queue...
2022-01-29 19:19:28.878 29705-29920/com.example.ids_for_can D/com.example.ids_for_can.connectivity.ObdGatewayService: Job state is NEW. Run it...
2022-01-29 19:19:28.885 29705-29705/com.example.ids_for_can D/com.example.ids_for_can.MainActivity: cmdID: AMBIENT_AIR_TEMP, cmdResult: 12C
2022-01-29 19:19:28.885 29705-29705/com.example.ids_for_can D/com.example.ids_for_can.MainActivity: cmdID: AMBIENT_AIR_TEMP, rawCmdResult: 7E803414635
2022-01-29 19:19:29.034 29705-29920/com.example.ids_for_can D/ContentValues: readRawData -- res
2022-01-29 19:19:29.034 29705-29920/com.example.ids_for_can D/ContentValues: 7E8 03 41 05 47 
2022-01-29 19:19:29.034 29705-29920/com.example.ids_for_can D/ContentValues: readRawData -- rawData -- SEARCHING_PATTERN
2022-01-29 19:19:29.034 29705-29920/com.example.ids_for_can D/ContentValues: 7E8 03 41 05 47 
2022-01-29 19:19:29.035 29705-29920/com.example.ids_for_can D/ContentValues: readRawData -- rawData -- WHITESPACE PATTERN
2022-01-29 19:19:29.035 29705-29920/com.example.ids_for_can D/ContentValues: 7E803410547
2022-01-29 19:19:29.036 29705-29920/com.example.ids_for_can D/ContentValues: fillBuffer -- rawData
2022-01-29 19:19:29.036 29705-29920/com.example.ids_for_can D/ContentValues: 7E803410547
2022-01-29 19:19:29.036 29705-29920/com.example.ids_for_can D/ContentValues: fillBuffer -- buffer
2022-01-29 19:19:29.036 29705-29920/com.example.ids_for_can D/ContentValues: [126, 128, 52, 16, 84]
2022-01-29 19:19:29.037 29705-29920/com.example.ids_for_can D/com.example.ids_for_can.connectivity.ObdGatewayService: Taking job[38] from queue...
2022-01-29 19:19:29.037 29705-29920/com.example.ids_for_can D/com.example.ids_for_can.connectivity.ObdGatewayService: Job state is NEW. Run it...
2022-01-29 19:19:29.041 29705-29705/com.example.ids_for_can D/com.example.ids_for_can.MainActivity: cmdID: ENGINE_COOLANT_TEMP, cmdResult: 12C
2022-01-29 19:19:29.041 29705-29705/com.example.ids_for_can D/com.example.ids_for_can.MainActivity: cmdID: ENGINE_COOLANT_TEMP, rawCmdResult: 7E803410547
2022-01-29 19:19:29.484 29705-29920/com.example.ids_for_can D/ContentValues: readRawData -- res
2022-01-29 19:19:29.485 29705-29920/com.example.ids_for_can D/ContentValues: 7E8 03 41 0D 00 
2022-01-29 19:19:29.485 29705-29920/com.example.ids_for_can D/ContentValues: readRawData -- rawData -- SEARCHING_PATTERN
2022-01-29 19:19:29.485 29705-29920/com.example.ids_for_can D/ContentValues: 7E8 03 41 0D 00 
2022-01-29 19:19:29.485 29705-29920/com.example.ids_for_can D/ContentValues: readRawData -- rawData -- WHITESPACE PATTERN
2022-01-29 19:19:29.485 29705-29920/com.example.ids_for_can D/ContentValues: 7E803410D00
2022-01-29 19:19:29.487 29705-29920/com.example.ids_for_can D/ContentValues: fillBuffer -- rawData
2022-01-29 19:19:29.487 29705-29920/com.example.ids_for_can D/ContentValues: 7E803410D00
2022-01-29 19:19:29.487 29705-29920/com.example.ids_for_can D/ContentValues: fillBuffer -- buffer
2022-01-29 19:19:29.487 29705-29920/com.example.ids_for_can D/ContentValues: [126, 128, 52, 16, 208]
2022-01-29 19:19:29.487 29705-29920/com.example.ids_for_can D/com.example.ids_for_can.connectivity.ObdGatewayService: Taking job[39] from queue...
2022-01-29 19:19:29.487 29705-29920/com.example.ids_for_can D/com.example.ids_for_can.connectivity.ObdGatewayService: Job state is NEW. Run it...
2022-01-29 19:19:29.490 29705-29705/com.example.ids_for_can D/com.example.ids_for_can.MainActivity: cmdID: SPEED, cmdResult: 52km/h
2022-01-29 19:19:29.490 29705-29705/com.example.ids_for_can D/com.example.ids_for_can.MainActivity: cmdID: SPEED, rawCmdResult: 7E803410D00
2022-01-29 19:19:30.701 29705-29705/com.example.ids_for_can D/com.example.ids_for_can.connectivity.AbstractGatewayService: Adding job[40] to queue...
2022-01-29 19:19:30.702 29705-29705/com.example.ids_for_can D/com.example.ids_for_can.connectivity.AbstractGatewayService: Job queued successfully.

