2022-01-29 18:12:48.426 11320-11391/com.example.ids_for_can D/ContentValues: readRawData -- rawData -- WHITESPACE PATTERN
2022-01-29 18:12:48.426 11320-11391/com.example.ids_for_can D/ContentValues: NODATA
2022-01-29 18:12:48.428 11320-11391/com.example.ids_for_can E/com.example.ids_for_can.connectivity.ObdGatewayService: com.github.pires.obd.exceptions.NoDataException: Error running 01 5E, response: NODATA
2022-01-29 18:12:48.428 11320-11391/com.example.ids_for_can E/com.example.ids_for_can.connectivity.ObdGatewayService: Failed to run command. -> Error running 01 5E, response: NODATA
2022-01-29 18:12:48.428 11320-11391/com.example.ids_for_can D/com.example.ids_for_can.connectivity.ObdGatewayService: Taking job[15] from queue...
2022-01-29 18:12:48.428 11320-11391/com.example.ids_for_can D/com.example.ids_for_can.connectivity.ObdGatewayService: Job state is NEW. Run it...
2022-01-29 18:12:48.435 11320-11320/com.example.ids_for_can D/com.example.ids_for_can.MainActivity: cmdID: FUEL_CONSUMPTION_RATE, cmdResult: NODATA
2022-01-29 18:12:48.435 11320-11320/com.example.ids_for_can D/com.example.ids_for_can.MainActivity: cmdID: FUEL_CONSUMPTION_RATE, rawCmdResult: 
2022-01-29 18:12:48.858 11320-11391/com.example.ids_for_can D/ContentValues: readRawData -- res
2022-01-29 18:12:48.858 11320-11391/com.example.ids_for_can D/ContentValues: 7E8 03 41 2F B8 
2022-01-29 18:12:48.859 11320-11391/com.example.ids_for_can D/ContentValues: readRawData -- rawData -- SEARCHING_PATTERN
2022-01-29 18:12:48.859 11320-11391/com.example.ids_for_can D/ContentValues: 7E8 03 41 2F B8 
2022-01-29 18:12:48.859 11320-11391/com.example.ids_for_can D/ContentValues: readRawData -- rawData -- WHITESPACE PATTERN
2022-01-29 18:12:48.859 11320-11391/com.example.ids_for_can D/ContentValues: 7E803412FB8
2022-01-29 18:12:48.862 11320-11391/com.example.ids_for_can D/ContentValues: fillBuffer -- rawData
2022-01-29 18:12:48.862 11320-11391/com.example.ids_for_can D/ContentValues: 7E803412FB8
2022-01-29 18:12:48.863 11320-11391/com.example.ids_for_can D/ContentValues: fillBuffer -- buffer
2022-01-29 18:12:48.863 11320-11391/com.example.ids_for_can D/ContentValues: [126, 128, 52, 18, 251]
2022-01-29 18:12:48.863 11320-11391/com.example.ids_for_can D/com.example.ids_for_can.connectivity.ObdGatewayService: Taking job[16] from queue...
2022-01-29 18:12:48.863 11320-11391/com.example.ids_for_can D/com.example.ids_for_can.connectivity.ObdGatewayService: Job state is NEW. Run it...
2022-01-29 18:12:48.870 11320-11320/com.example.ids_for_can D/com.example.ids_for_can.MainActivity: cmdID: FUEL_LEVEL, cmdResult: 20.4%
2022-01-29 18:12:48.870 11320-11320/com.example.ids_for_can D/com.example.ids_for_can.MainActivity: cmdID: FUEL_LEVEL, rawCmdResult: 7E803412FB8
2022-01-29 18:12:49.158 11320-11391/com.example.ids_for_can D/ContentValues: readRawData -- res
2022-01-29 18:12:49.158 11320-11391/com.example.ids_for_can D/ContentValues: 7E8 03 41 07 7F 
2022-01-29 18:12:49.158 11320-11391/com.example.ids_for_can D/ContentValues: readRawData -- rawData -- SEARCHING_PATTERN
2022-01-29 18:12:49.158 11320-11391/com.example.ids_for_can D/ContentValues: 7E8 03 41 07 7F 
2022-01-29 18:12:49.159 11320-11391/com.example.ids_for_can D/ContentValues: readRawData -- rawData -- WHITESPACE PATTERN
2022-01-29 18:12:49.159 11320-11391/com.example.ids_for_can D/ContentValues: 7E80341077F
2022-01-29 18:12:49.163 11320-11391/com.example.ids_for_can D/ContentValues: fillBuffer -- rawData
2022-01-29 18:12:49.163 11320-11391/com.example.ids_for_can D/ContentValues: 7E80341077F
2022-01-29 18:12:49.163 11320-11391/com.example.ids_for_can D/ContentValues: fillBuffer -- buffer
2022-01-29 18:12:49.164 11320-11391/com.example.ids_for_can D/ContentValues: [126, 128, 52, 16, 119]
2022-01-29 18:12:49.164 11320-11391/com.example.ids_for_can D/com.example.ids_for_can.connectivity.ObdGatewayService: Taking job[17] from queue...
2022-01-29 18:12:49.164 11320-11391/com.example.ids_for_can D/com.example.ids_for_can.connectivity.ObdGatewayService: Job state is NEW. Run it...
2022-01-29 18:12:49.171 11320-11320/com.example.ids_for_can D/com.example.ids_for_can.MainActivity: cmdID: Long Term Fuel Trim Bank 1, cmdResult: -59.4%
2022-01-29 18:12:49.171 11320-11320/com.example.ids_for_can D/com.example.ids_for_can.MainActivity: cmdID: Long Term Fuel Trim Bank 1, rawCmdResult: 7E80341077F
2022-01-29 18:12:49.425 11320-11391/com.example.ids_for_can D/ContentValues: readRawData -- res
2022-01-29 18:12:49.425 11320-11391/com.example.ids_for_can D/ContentValues: 7E8 03 41 09 7F 
2022-01-29 18:12:49.425 11320-11391/com.example.ids_for_can D/ContentValues: readRawData -- rawData -- SEARCHING_PATTERN
2022-01-29 18:12:49.425 11320-11391/com.example.ids_for_can D/ContentValues: 7E8 03 41 09 7F 
2022-01-29 18:12:49.426 11320-11391/com.example.ids_for_can D/ContentValues: readRawData -- rawData -- WHITESPACE PATTERN
2022-01-29 18:12:49.426 11320-11391/com.example.ids_for_can D/ContentValues: 7E80341097F
2022-01-29 18:12:49.429 11320-11391/com.example.ids_for_can D/ContentValues: fillBuffer -- rawData
2022-01-29 18:12:49.429 11320-11391/com.example.ids_for_can D/ContentValues: 7E80341097F
2022-01-29 18:12:49.429 11320-11391/com.example.ids_for_can D/ContentValues: fillBuffer -- buffer
2022-01-29 18:12:49.429 11320-11391/com.example.ids_for_can D/ContentValues: [126, 128, 52, 16, 151]
2022-01-29 18:12:49.429 11320-11391/com.example.ids_for_can D/com.example.ids_for_can.connectivity.ObdGatewayService: Taking job[18] from queue...
2022-01-29 18:12:49.429 11320-11391/com.example.ids_for_can D/com.example.ids_for_can.connectivity.ObdGatewayService: Job state is NEW. Run it...
2022-01-29 18:12:49.436 11320-11320/com.example.ids_for_can D/com.example.ids_for_can.MainActivity: cmdID: Long Term Fuel Trim Bank 2, cmdResult: -59.4%
2022-01-29 18:12:49.436 11320-11320/com.example.ids_for_can D/com.example.ids_for_can.MainActivity: cmdID: Long Term Fuel Trim Bank 2, rawCmdResult: 7E80341097F
2022-01-29 18:12:49.664 11320-11391/com.example.ids_for_can D/ContentValues: readRawData -- res
2022-01-29 18:12:49.664 11320-11391/com.example.ids_for_can D/ContentValues: 7E8 03 41 06 80 
2022-01-29 18:12:49.665 11320-11391/com.example.ids_for_can D/ContentValues: readRawData -- rawData -- SEARCHING_PATTERN
2022-01-29 18:12:49.665 11320-11391/com.example.ids_for_can D/ContentValues: 7E8 03 41 06 80 
2022-01-29 18:12:49.665 11320-11391/com.example.ids_for_can D/ContentValues: readRawData -- rawData -- WHITESPACE PATTERN
2022-01-29 18:12:49.665 11320-11391/com.example.ids_for_can D/ContentValues: 7E803410680
2022-01-29 18:12:49.668 11320-11391/com.example.ids_for_can D/ContentValues: fillBuffer -- rawData
2022-01-29 18:12:49.668 11320-11391/com.example.ids_for_can D/ContentValues: 7E803410680
2022-01-29 18:12:49.668 11320-11391/com.example.ids_for_can D/ContentValues: fillBuffer -- buffer
2022-01-29 18:12:49.669 11320-11391/com.example.ids_for_can D/ContentValues: [126, 128, 52, 16, 104]
2022-01-29 18:12:49.669 11320-11391/com.example.ids_for_can D/com.example.ids_for_can.connectivity.ObdGatewayService: Taking job[19] from queue...
2022-01-29 18:12:49.669 11320-11391/com.example.ids_for_can D/com.example.ids_for_can.connectivity.ObdGatewayService: Job state is NEW. Run it...
2022-01-29 18:12:49.676 11320-11320/com.example.ids_for_can D/com.example.ids_for_can.MainActivity: cmdID: Short Term Fuel Trim Bank 1, cmdResult: -59.4%
2022-01-29 18:12:49.676 11320-11320/com.example.ids_for_can D/com.example.ids_for_can.MainActivity: cmdID: Short Term Fuel Trim Bank 1, rawCmdResult: 7E803410680
2022-01-29 18:12:50.188 11320-11391/com.example.ids_for_can D/ContentValues: readRawData -- res
2022-01-29 18:12:50.188 11320-11391/com.example.ids_for_can D/ContentValues: 7E8 03 41 08 80 
2022-01-29 18:12:50.188 11320-11391/com.example.ids_for_can D/ContentValues: readRawData -- rawData -- SEARCHING_PATTERN
2022-01-29 18:12:50.188 11320-11391/com.example.ids_for_can D/ContentValues: 7E8 03 41 08 80 
2022-01-29 18:12:50.189 11320-11391/com.example.ids_for_can D/ContentValues: readRawData -- rawData -- WHITESPACE PATTERN
2022-01-29 18:12:50.189 11320-11391/com.example.ids_for_can D/ContentValues: 7E803410880
2022-01-29 18:12:50.192 11320-11391/com.example.ids_for_can D/ContentValues: fillBuffer -- rawData
2022-01-29 18:12:50.192 11320-11391/com.example.ids_for_can D/ContentValues: 7E803410880
2022-01-29 18:12:50.193 11320-11391/com.example.ids_for_can D/ContentValues: fillBuffer -- buffer
2022-01-29 18:12:50.193 11320-11391/com.example.ids_for_can D/ContentValues: [126, 128, 52, 16, 136]
2022-01-29 18:12:50.193 11320-11391/com.example.ids_for_can D/com.example.ids_for_can.connectivity.ObdGatewayService: Taking job[20] from queue...
2022-01-29 18:12:50.193 11320-11391/com.example.ids_for_can D/com.example.ids_for_can.connectivity.ObdGatewayService: Job state is NEW. Run it...
2022-01-29 18:12:50.200 11320-11320/com.example.ids_for_can D/com.example.ids_for_can.MainActivity: cmdID: Short Term Fuel Trim Bank 2, cmdResult: -59.4%
2022-01-29 18:12:50.201 11320-11320/com.example.ids_for_can D/com.example.ids_for_can.MainActivity: cmdID: Short Term Fuel Trim Bank 2, rawCmdResult: 7E803410880
2022-01-29 18:12:50.537 11320-11391/com.example.ids_for_can D/ContentValues: readRawData -- res
2022-01-29 18:12:50.537 11320-11391/com.example.ids_for_can D/ContentValues: 7E8 04 41 44 FF FF 
2022-01-29 18:12:50.538 11320-11391/com.example.ids_for_can D/ContentValues: readRawData -- rawData -- SEARCHING_PATTERN
2022-01-29 18:12:50.538 11320-11391/com.example.ids_for_can D/ContentValues: 7E8 04 41 44 FF FF 
2022-01-29 18:12:50.538 11320-11391/com.example.ids_for_can D/ContentValues: readRawData -- rawData -- WHITESPACE PATTERN
2022-01-29 18:12:50.538 11320-11391/com.example.ids_for_can D/ContentValues: 7E8044144FFFF
2022-01-29 18:12:50.547 11320-11391/com.example.ids_for_can D/ContentValues: fillBuffer -- rawData
2022-01-29 18:12:50.547 11320-11391/com.example.ids_for_can D/ContentValues: 7E8044144FFFF
2022-01-29 18:12:50.549 11320-11391/com.example.ids_for_can D/ContentValues: fillBuffer -- buffer
2022-01-29 18:12:50.549 11320-11391/com.example.ids_for_can D/ContentValues: [126, 128, 68, 20, 79, 255]
2022-01-29 18:12:50.550 11320-11391/com.example.ids_for_can D/com.example.ids_for_can.connectivity.ObdGatewayService: Taking job[21] from queue...
2022-01-29 18:12:50.550 11320-11391/com.example.ids_for_can D/com.example.ids_for_can.connectivity.ObdGatewayService: Job state is NEW. Run it...
2022-01-29 18:12:50.557 11320-11320/com.example.ids_for_can D/com.example.ids_for_can.MainActivity: cmdID: AIR_FUEL_RATIO, cmdResult: 7.82:1 AFR
2022-01-29 18:12:50.557 11320-11320/com.example.ids_for_can D/com.example.ids_for_can.MainActivity: cmdID: AIR_FUEL_RATIO, rawCmdResult: 7E8044144FFFF
2022-01-29 18:12:50.997 11320-11391/com.example.ids_for_can D/ContentValues: readRawData -- res
2022-01-29 18:12:50.997 11320-11391/com.example.ids_for_can D/ContentValues: NO DATA
2022-01-29 18:12:50.997 11320-11391/com.example.ids_for_can D/ContentValues: readRawData -- rawData -- SEARCHING_PATTERN
2022-01-29 18:12:50.997 11320-11391/com.example.ids_for_can D/ContentValues: NO DATA
2022-01-29 18:12:50.997 11320-11391/com.example.ids_for_can D/ContentValues: readRawData -- rawData -- WHITESPACE PATTERN
2022-01-29 18:12:50.997 11320-11391/com.example.ids_for_can D/ContentValues: NODATA
2022-01-29 18:12:50.999 11320-11391/com.example.ids_for_can E/com.example.ids_for_can.connectivity.ObdGatewayService: com.github.pires.obd.exceptions.NoDataException: Error running 01 34, response: NODATA
2022-01-29 18:12:50.999 11320-11391/com.example.ids_for_can E/com.example.ids_for_can.connectivity.ObdGatewayService: Failed to run command. -> Error running 01 34, response: NODATA
2022-01-29 18:12:51.000 11320-11391/com.example.ids_for_can D/com.example.ids_for_can.connectivity.ObdGatewayService: Taking job[22] from queue...
2022-01-29 18:12:51.000 11320-11391/com.example.ids_for_can D/com.example.ids_for_can.connectivity.ObdGatewayService: Job state is NEW. Run it...
2022-01-29 18:12:51.006 11320-11320/com.example.ids_for_can D/com.example.ids_for_can.MainActivity: cmdID: WIDEBAND_AIR_FUEL_RATIO, cmdResult: NODATA
2022-01-29 18:12:51.006 11320-11320/com.example.ids_for_can D/com.example.ids_for_can.MainActivity: cmdID: WIDEBAND_AIR_FUEL_RATIO, rawCmdResult: 
2022-01-29 18:12:51.410 11320-11391/com.example.ids_for_can D/ContentValues: readRawData -- res
2022-01-29 18:12:51.410 11320-11391/com.example.ids_for_can D/ContentValues: NO DATA
2022-01-29 18:12:51.410 11320-11391/com.example.ids_for_can D/ContentValues: readRawData -- rawData -- SEARCHING_PATTERN
2022-01-29 18:12:51.410 11320-11391/com.example.ids_for_can D/ContentValues: NO DATA
2022-01-29 18:12:51.411 11320-11391/com.example.ids_for_can D/ContentValues: readRawData -- rawData -- WHITESPACE PATTERN
2022-01-29 18:12:51.411 11320-11391/com.example.ids_for_can D/ContentValues: NODATA
2022-01-29 18:12:51.412 11320-11391/com.example.ids_for_can E/com.example.ids_for_can.connectivity.ObdGatewayService: com.github.pires.obd.exceptions.NoDataException: Error running 01 5C, response: NODATA
2022-01-29 18:12:51.412 11320-11391/com.example.ids_for_can E/com.example.ids_for_can.connectivity.ObdGatewayService: Failed to run command. -> Error running 01 5C, response: NODATA
2022-01-29 18:12:51.413 11320-11391/com.example.ids_for_can D/com.example.ids_for_can.connectivity.ObdGatewayService: Taking job[23] from queue...
2022-01-29 18:12:51.413 11320-11391/com.example.ids_for_can D/com.example.ids_for_can.connectivity.ObdGatewayService: Job state is NEW. Run it...
2022-01-29 18:12:51.419 11320-11320/com.example.ids_for_can D/com.example.ids_for_can.MainActivity: cmdID: ENGINE_OIL_TEMP, cmdResult: NODATA
2022-01-29 18:12:51.419 11320-11320/com.example.ids_for_can D/com.example.ids_for_can.MainActivity: cmdID: ENGINE_OIL_TEMP, rawCmdResult: 
2022-01-29 18:12:51.603 11320-11391/com.example.ids_for_can D/ContentValues: readRawData -- res
2022-01-29 18:12:51.604 11320-11391/com.example.ids_for_can D/ContentValues: 7E8 03 41 33 60 
2022-01-29 18:12:51.604 11320-11391/com.example.ids_for_can D/ContentValues: readRawData -- rawData -- SEARCHING_PATTERN
2022-01-29 18:12:51.604 11320-11391/com.example.ids_for_can D/ContentValues: 7E8 03 41 33 60 
2022-01-29 18:12:51.604 11320-11391/com.example.ids_for_can D/ContentValues: readRawData -- rawData -- WHITESPACE PATTERN
2022-01-29 18:12:51.605 11320-11391/com.example.ids_for_can D/ContentValues: 7E803413360
2022-01-29 18:12:51.607 11320-11391/com.example.ids_for_can D/ContentValues: fillBuffer -- rawData
2022-01-29 18:12:51.607 11320-11391/com.example.ids_for_can D/ContentValues: 7E803413360
2022-01-29 18:12:51.608 11320-11391/com.example.ids_for_can D/ContentValues: fillBuffer -- buffer
2022-01-29 18:12:51.608 11320-11391/com.example.ids_for_can D/ContentValues: [126, 128, 52, 19, 54]
2022-01-29 18:12:51.608 11320-11391/com.example.ids_for_can D/com.example.ids_for_can.connectivity.ObdGatewayService: Taking job[24] from queue...
2022-01-29 18:12:51.608 11320-11391/com.example.ids_for_can D/com.example.ids_for_can.connectivity.ObdGatewayService: Job state is NEW. Run it...
2022-01-29 18:12:51.614 11320-11320/com.example.ids_for_can D/com.example.ids_for_can.MainActivity: cmdID: BAROMETRIC_PRESSURE, cmdResult: 52kPa
2022-01-29 18:12:51.614 11320-11320/com.example.ids_for_can D/com.example.ids_for_can.MainActivity: cmdID: BAROMETRIC_PRESSURE, rawCmdResult: 7E803413360
2022-01-29 18:12:51.839 11320-11391/com.example.ids_for_can D/ContentValues: readRawData -- res
2022-01-29 18:12:51.839 11320-11391/com.example.ids_for_can D/ContentValues: 7EB 03 41 0A 89 
2022-01-29 18:12:51.839 11320-11391/com.example.ids_for_can D/ContentValues: readRawData -- rawData -- SEARCHING_PATTERN
2022-01-29 18:12:51.839 11320-11391/com.example.ids_for_can D/ContentValues: 7EB 03 41 0A 89 
2022-01-29 18:12:51.839 11320-11391/com.example.ids_for_can D/ContentValues: readRawData -- rawData -- WHITESPACE PATTERN
2022-01-29 18:12:51.839 11320-11391/com.example.ids_for_can D/ContentValues: 7EB03410A89
2022-01-29 18:12:51.842 11320-11391/com.example.ids_for_can D/ContentValues: fillBuffer -- rawData
2022-01-29 18:12:51.842 11320-11391/com.example.ids_for_can D/ContentValues: 7EB03410A89
2022-01-29 18:12:51.843 11320-11391/com.example.ids_for_can D/ContentValues: fillBuffer -- buffer
2022-01-29 18:12:51.843 11320-11391/com.example.ids_for_can D/ContentValues: [126, 176, 52, 16, 168]
2022-01-29 18:12:51.843 11320-11391/com.example.ids_for_can D/com.example.ids_for_can.connectivity.ObdGatewayService: Taking job[25] from queue...
2022-01-29 18:12:51.843 11320-11391/com.example.ids_for_can D/com.example.ids_for_can.connectivity.ObdGatewayService: Job state is NEW. Run it...
2022-01-29 18:12:51.849 11320-11320/com.example.ids_for_can D/com.example.ids_for_can.MainActivity: cmdID: FUEL_PRESSURE, cmdResult: 156kPa
2022-01-29 18:12:51.849 11320-11320/com.example.ids_for_can D/com.example.ids_for_can.MainActivity: cmdID: FUEL_PRESSURE, rawCmdResult: 7EB03410A89
2022-01-29 18:12:52.215 11320-11391/com.example.ids_for_can D/ContentValues: readRawData -- res
2022-01-29 18:12:52.215 11320-11391/com.example.ids_for_can D/ContentValues: 7E8 04 41 23 00 2A 
2022-01-29 18:12:52.215 11320-11391/com.example.ids_for_can D/ContentValues: readRawData -- rawData -- SEARCHING_PATTERN
2022-01-29 18:12:52.215 11320-11391/com.example.ids_for_can D/ContentValues: 7E8 04 41 23 00 2A 
2022-01-29 18:12:52.215 11320-11391/com.example.ids_for_can D/ContentValues: readRawData -- rawData -- WHITESPACE PATTERN
2022-01-29 18:12:52.216 11320-11391/com.example.ids_for_can D/ContentValues: 7E8044123002A
2022-01-29 18:12:52.219 11320-11391/com.example.ids_for_can D/ContentValues: fillBuffer -- rawData
2022-01-29 18:12:52.219 11320-11391/com.example.ids_for_can D/ContentValues: 7E8044123002A
2022-01-29 18:12:52.220 11320-11391/com.example.ids_for_can D/ContentValues: fillBuffer -- buffer
2022-01-29 18:12:52.220 11320-11391/com.example.ids_for_can D/ContentValues: [126, 128, 68, 18, 48, 2]
2022-01-29 18:12:52.220 11320-11391/com.example.ids_for_can D/com.example.ids_for_can.connectivity.ObdGatewayService: Taking job[26] from queue...
2022-01-29 18:12:52.220 11320-11391/com.example.ids_for_can D/com.example.ids_for_can.connectivity.ObdGatewayService: Job state is NEW. Run it...
2022-01-29 18:12:52.227 11320-11320/com.example.ids_for_can D/com.example.ids_for_can.MainActivity: cmdID: FUEL_RAIL_PRESSURE, cmdResult: 174260kPa
2022-01-29 18:12:52.227 11320-11320/com.example.ids_for_can D/com.example.ids_for_can.MainActivity: cmdID: FUEL_RAIL_PRESSURE, rawCmdResult: 7E8044123002A
2022-01-29 18:12:52.630 11320-11391/com.example.ids_for_can D/ContentValues: readRawData -- res
2022-01-29 18:12:52.630 11320-11391/com.example.ids_for_can D/ContentValues: NO DATA
2022-01-29 18:12:52.630 11320-11391/com.example.ids_for_can D/ContentValues: readRawData -- rawData -- SEARCHING_PATTERN
2022-01-29 18:12:52.630 11320-11391/com.example.ids_for_can D/ContentValues: NO DATA
2022-01-29 18:12:52.631 11320-11391/com.example.ids_for_can D/ContentValues: readRawData -- rawData -- WHITESPACE PATTERN
2022-01-29 18:12:52.631 11320-11391/com.example.ids_for_can D/ContentValues: NODATA
2022-01-29 18:12:52.632 11320-11391/com.example.ids_for_can E/com.example.ids_for_can.connectivity.ObdGatewayService: com.github.pires.obd.exceptions.NoDataException: Error running 01 0B, response: NODATA
2022-01-29 18:12:52.632 11320-11391/com.example.ids_for_can E/com.example.ids_for_can.connectivity.ObdGatewayService: Failed to run command. -> Error running 01 0B, response: NODATA
2022-01-29 18:12:52.633 11320-11391/com.example.ids_for_can D/com.example.ids_for_can.connectivity.ObdGatewayService: Taking job[27] from queue...
2022-01-29 18:12:52.633 11320-11391/com.example.ids_for_can D/com.example.ids_for_can.connectivity.ObdGatewayService: Job state is NEW. Run it...
2022-01-29 18:12:52.638 11320-11320/com.example.ids_for_can D/com.example.ids_for_can.MainActivity: cmdID: INTAKE_MANIFOLD_PRESSURE, cmdResult: NODATA
2022-01-29 18:12:52.639 11320-11320/com.example.ids_for_can D/com.example.ids_for_can.MainActivity: cmdID: INTAKE_MANIFOLD_PRESSURE, rawCmdResult: 
2022-01-29 18:12:53.195 11320-11391/com.example.ids_for_can D/ContentValues: readRawData -- res
2022-01-29 18:12:53.195 11320-11391/com.example.ids_for_can D/ContentValues: 7E8 03 41 0F 49 
2022-01-29 18:12:53.195 11320-11391/com.example.ids_for_can D/ContentValues: readRawData -- rawData -- SEARCHING_PATTERN
2022-01-29 18:12:53.195 11320-11391/com.example.ids_for_can D/ContentValues: 7E8 03 41 0F 49 
2022-01-29 18:12:53.196 11320-11391/com.example.ids_for_can D/ContentValues: readRawData -- rawData -- WHITESPACE PATTERN
2022-01-29 18:12:53.196 11320-11391/com.example.ids_for_can D/ContentValues: 7E803410F49
2022-01-29 18:12:53.199 11320-11391/com.example.ids_for_can D/ContentValues: fillBuffer -- rawData
2022-01-29 18:12:53.199 11320-11391/com.example.ids_for_can D/ContentValues: 7E803410F49
2022-01-29 18:12:53.199 11320-11391/com.example.ids_for_can D/ContentValues: fillBuffer -- buffer
2022-01-29 18:12:53.199 11320-11391/com.example.ids_for_can D/ContentValues: [126, 128, 52, 16, 244]
2022-01-29 18:12:53.200 11320-11391/com.example.ids_for_can D/com.example.ids_for_can.connectivity.ObdGatewayService: Taking job[28] from queue...
2022-01-29 18:12:53.200 11320-11391/com.example.ids_for_can D/com.example.ids_for_can.connectivity.ObdGatewayService: Job state is NEW. Run it...
2022-01-29 18:12:53.206 11320-11320/com.example.ids_for_can D/com.example.ids_for_can.MainActivity: cmdID: AIR_INTAKE_TEMP, cmdResult: 12C
2022-01-29 18:12:53.206 11320-11320/com.example.ids_for_can D/com.example.ids_for_can.MainActivity: cmdID: AIR_INTAKE_TEMP, rawCmdResult: 7E803410F49
2022-01-29 18:12:53.539 11320-11391/com.example.ids_for_can D/ContentValues: readRawData -- res
2022-01-29 18:12:53.539 11320-11391/com.example.ids_for_can D/ContentValues: 7E8 03 41 46 35 
2022-01-29 18:12:53.539 11320-11391/com.example.ids_for_can D/ContentValues: readRawData -- rawData -- SEARCHING_PATTERN
2022-01-29 18:12:53.539 11320-11391/com.example.ids_for_can D/ContentValues: 7E8 03 41 46 35 
2022-01-29 18:12:53.540 11320-11391/com.example.ids_for_can D/ContentValues: readRawData -- rawData -- WHITESPACE PATTERN
2022-01-29 18:12:53.540 11320-11391/com.example.ids_for_can D/ContentValues: 7E803414635
2022-01-29 18:12:53.543 11320-11391/com.example.ids_for_can D/ContentValues: fillBuffer -- rawData
2022-01-29 18:12:53.543 11320-11391/com.example.ids_for_can D/ContentValues: 7E803414635
2022-01-29 18:12:53.544 11320-11391/com.example.ids_for_can D/ContentValues: fillBuffer -- buffer
2022-01-29 18:12:53.544 11320-11391/com.example.ids_for_can D/ContentValues: [126, 128, 52, 20, 99]
2022-01-29 18:12:53.544 11320-11391/com.example.ids_for_can D/com.example.ids_for_can.connectivity.ObdGatewayService: Taking job[29] from queue...
2022-01-29 18:12:53.544 11320-11391/com.example.ids_for_can D/com.example.ids_for_can.connectivity.ObdGatewayService: Job state is NEW. Run it...
2022-01-29 18:12:53.547 11320-11320/com.example.ids_for_can D/com.example.ids_for_can.MainActivity: cmdID: AMBIENT_AIR_TEMP, cmdResult: 12C
2022-01-29 18:12:53.547 11320-11320/com.example.ids_for_can D/com.example.ids_for_can.MainActivity: cmdID: AMBIENT_AIR_TEMP, rawCmdResult: 7E803414635
2022-01-29 18:12:53.775 11320-11391/com.example.ids_for_can D/ContentValues: readRawData -- res
2022-01-29 18:12:53.775 11320-11391/com.example.ids_for_can D/ContentValues: 7E8 03 41 05 4D 
2022-01-29 18:12:53.775 11320-11391/com.example.ids_for_can D/ContentValues: readRawData -- rawData -- SEARCHING_PATTERN
2022-01-29 18:12:53.775 11320-11391/com.example.ids_for_can D/ContentValues: 7E8 03 41 05 4D 
2022-01-29 18:12:53.775 11320-11391/com.example.ids_for_can D/ContentValues: readRawData -- rawData -- WHITESPACE PATTERN
2022-01-29 18:12:53.776 11320-11391/com.example.ids_for_can D/ContentValues: 7E80341054D
2022-01-29 18:12:53.778 11320-11391/com.example.ids_for_can D/ContentValues: fillBuffer -- rawData
2022-01-29 18:12:53.778 11320-11391/com.example.ids_for_can D/ContentValues: 7E80341054D
2022-01-29 18:12:53.779 11320-11391/com.example.ids_for_can D/ContentValues: fillBuffer -- buffer
2022-01-29 18:12:53.779 11320-11391/com.example.ids_for_can D/ContentValues: [126, 128, 52, 16, 84]
2022-01-29 18:12:53.779 11320-11391/com.example.ids_for_can D/com.example.ids_for_can.connectivity.ObdGatewayService: Taking job[30] from queue...
2022-01-29 18:12:53.779 11320-11391/com.example.ids_for_can D/com.example.ids_for_can.connectivity.ObdGatewayService: Job state is NEW. Run it...
2022-01-29 18:12:53.791 11320-11320/com.example.ids_for_can D/com.example.ids_for_can.MainActivity: cmdID: ENGINE_COOLANT_TEMP, cmdResult: 12C
2022-01-29 18:12:53.791 11320-11320/com.example.ids_for_can D/com.example.ids_for_can.MainActivity: cmdID: ENGINE_COOLANT_TEMP, rawCmdResult: 7E80341054D
2022-01-29 18:12:53.989 11320-11391/com.example.ids_for_can D/ContentValues: readRawData -- res
2022-01-29 18:12:53.989 11320-11391/com.example.ids_for_can D/ContentValues: 7E8 03 41 0D 00 
2022-01-29 18:12:53.990 11320-11391/com.example.ids_for_can D/ContentValues: readRawData -- rawData -- SEARCHING_PATTERN
2022-01-29 18:12:53.990 11320-11391/com.example.ids_for_can D/ContentValues: 7E8 03 41 0D 00 
2022-01-29 18:12:53.990 11320-11391/com.example.ids_for_can D/ContentValues: readRawData -- rawData -- WHITESPACE PATTERN
2022-01-29 18:12:53.990 11320-11391/com.example.ids_for_can D/ContentValues: 7E803410D00
2022-01-29 18:12:53.993 11320-11391/com.example.ids_for_can D/ContentValues: fillBuffer -- rawData
2022-01-29 18:12:53.993 11320-11391/com.example.ids_for_can D/ContentValues: 7E803410D00
2022-01-29 18:12:53.994 11320-11391/com.example.ids_for_can D/ContentValues: fillBuffer -- buffer
2022-01-29 18:12:53.994 11320-11391/com.example.ids_for_can D/ContentValues: [126, 128, 52, 16, 208]
2022-01-29 18:12:53.994 11320-11391/com.example.ids_for_can D/com.example.ids_for_can.connectivity.ObdGatewayService: Taking job[31] from queue...
2022-01-29 18:12:53.994 11320-11391/com.example.ids_for_can D/com.example.ids_for_can.connectivity.ObdGatewayService: Job state is NEW. Run it...
2022-01-29 18:12:53.997 11320-11320/com.example.ids_for_can D/com.example.ids_for_can.MainActivity: cmdID: SPEED, cmdResult: 52km/h
2022-01-29 18:12:53.997 11320-11320/com.example.ids_for_can D/com.example.ids_for_can.MainActivity: cmdID: SPEED, rawCmdResult: 7E803410D00
2022-01-29 18:12:54.939 11320-11391/com.example.ids_for_can D/ContentValues: readRawData -- res
2022-01-29 18:12:54.939 11320-11391/com.example.ids_for_can D/ContentValues: 0C7 03 FE 00 00 0F9 00 00 40 00 00 00 00 FF 189 CF FF 0F FF 2F FE 00 FF <DATA ERROR199 CF FF 0E 70 F1 8D 00 FF <DATA ERROR0C9 00 00 00 0A 00 00 00 00 191 06 36 09 17 09 17 00 1ED 00 00 00 00 00 00 08 00 2C3 86 36 06 B6 06 B6 C1 00 <DATA ERROR1EF 00 00 00 00 BUFFER FULL
2022-01-29 18:12:54.939 11320-11391/com.example.ids_for_can D/ContentValues: readRawData -- rawData -- SEARCHING_PATTERN
2022-01-29 18:12:54.939 11320-11391/com.example.ids_for_can D/ContentValues: 0C7 03 FE 00 00 0F9 00 00 40 00 00 00 00 FF 189 CF FF 0F FF 2F FE 00 FF <DATA ERROR199 CF FF 0E 70 F1 8D 00 FF <DATA ERROR0C9 00 00 00 0A 00 00 00 00 191 06 36 09 17 09 17 00 1ED 00 00 00 00 00 00 08 00 2C3 86 36 06 B6 06 B6 C1 00 <DATA ERROR1EF 00 00 00 00 BUFFER FULL
2022-01-29 18:12:54.942 11320-11391/com.example.ids_for_can D/ContentValues: readRawData -- rawData -- WHITESPACE PATTERN
2022-01-29 18:12:54.942 11320-11391/com.example.ids_for_can D/ContentValues: 0C703FE00000F900004000000000FF189CFFF0FFF2FFE00FF<DATAERROR199CFFF0E70F18D00FF<DATAERROR0C90000000A00000000191063609170917001ED00000000000008002C3863606B606B6C100<DATAERROR1EF00000000BUFFERFULL
2022-01-29 18:12:54.944 11320-11391/com.example.ids_for_can E/com.example.ids_for_can.connectivity.ObdGatewayService: com.github.pires.obd.exceptions.UnknownErrorException: Error running AT MA, response: 0C703FE00000F900004000000000FF189CFFF0FFF2FFE00FF<DATAERROR199CFFF0E70F18D00FF<DATAERROR0C90000000A00000000191063609170917001ED00000000000008002C3863606B606B6C100<DATAERROR1EF00000000BUFFERFULL
2022-01-29 18:12:54.945 11320-11391/com.example.ids_for_can E/com.example.ids_for_can.connectivity.ObdGatewayService: Failed to run command. -> Error running AT MA, response: 0C703FE00000F900004000000000FF189CFFF0FFF2FFE00FF<DATAERROR199CFFF0E70F18D00FF<DATAERROR0C90000000A00000000191063609170917001ED00000000000008002C3863606B606B6C100<DATAERROR1EF00000000BUFFERFULL
2022-01-29 18:12:54.950 11320-11320/com.example.ids_for_can D/com.example.ids_for_can.MainActivity: cmdID: MONITOR_ALL, cmdResult: 0C703FE00000F900004000000000FF189CFFF0FFF2FFE00FF<DATAERROR199CFFF0E70F18D00FF<DATAERROR0C90000000A00000000191063609170917001ED00000000000008002C3863606B606B6C100<DATAERROR1EF00000000BUFFERFULL
2022-01-29 18:12:54.951 11320-11320/com.example.ids_for_can D/com.example.ids_for_can.MainActivity: cmdID: MONITOR_ALL, rawCmdResult: 
2022-01-29 18:12:55.020 11320-11320/com.example.ids_for_can D/com.example.ids_for_can.connectivity.AbstractGatewayService: Adding job[32] to queue...
2022-01-29 18:12:55.020 11320-11320/com.example.ids_for_can D/com.example.ids_for_can.connectivity.AbstractGatewayService: Job queued successfully.
2022-01-29 18:12:55.020 11320-11320/com.example.ids_for_can D/com.example.ids_for_can.connectivity.AbstractGatewayService: Adding job[33] to queue...
2022-01-29 18:12:55.020 11320-11320/com.example.ids_for_can D/com.example.ids_for_can.connectivity.AbstractGatewayService: Job queued successfully.
2022-01-29 18:12:55.020 11320-11320/com.example.ids_for_can D/com.example.ids_for_can.connectivity.AbstractGatewayService: Adding job[34] to queue...
2022-01-29 18:12:55.021 11320-11320/com.example.ids_for_can D/com.example.ids_for_can.connectivity.AbstractGatewayService: Job queued successfully.
2022-01-29 18:12:55.021 11320-11320/com.example.ids_for_can D/com.example.ids_for_can.connectivity.AbstractGatewayService: Adding job[35] to queue...
2022-01-29 18:12:55.021 11320-11391/com.example.ids_for_can D/com.example.ids_for_can.connectivity.ObdGatewayService: Taking job[32] from queue...
2022-01-29 18:12:55.021 11320-11320/com.example.ids_for_can D/com.example.ids_for_can.connectivity.AbstractGatewayService: Job queued successfully.
2022-01-29 18:12:55.021 11320-11320/com.example.ids_for_can D/com.example.ids_for_can.connectivity.AbstractGatewayService: Adding job[36] to queue...
2022-01-29 18:12:55.021 11320-11320/com.example.ids_for_can D/com.example.ids_for_can.connectivity.AbstractGatewayService: Job queued successfully.
2022-01-29 18:12:55.021 11320-11320/com.example.ids_for_can D/com.example.ids_for_can.connectivity.AbstractGatewayService: Adding job[37] to queue...
2022-01-29 18:12:55.021 11320-11320/com.example.ids_for_can D/com.example.ids_for_can.connectivity.AbstractGatewayService: Job queued successfully.
2022-01-29 18:12:55.022 11320-11320/com.example.ids_for_can D/com.example.ids_for_can.connectivity.AbstractGatewayService: Adding job[38] to queue...
2022-01-29 18:12:55.022 11320-11391/com.example.ids_for_can D/com.example.ids_for_can.connectivity.ObdGatewayService: Job state is NEW. Run it...
2022-01-29 18:12:55.022 11320-11320/com.example.ids_for_can D/com.example.ids_for_can.connectivity.AbstractGatewayService: Job queued successfully.
2022-01-29 18:12:55.022 11320-11320/com.example.ids_for_can D/com.example.ids_for_can.connectivity.AbstractGatewayService: Adding job[39] to queue...
2022-01-29 18:12:55.022 11320-11320/com.example.ids_for_can D/com.example.ids_for_can.connectivity.AbstractGatewayService: Job queued successfully.
2022-01-29 18:12:55.022 11320-11320/com.example.ids_for_can D/com.example.ids_for_can.connectivity.AbstractGatewayService: Adding job[40] to queue...
2022-01-29 18:12:55.022 11320-11320/com.example.ids_for_can D/com.example.ids_for_can.connectivity.AbstractGatewayService: Job queued successfully.
2022-01-29 18:12:55.022 11320-11320/com.example.ids_for_can D/com.example.ids_for_can.connectivity.AbstractGatewayService: Adding job[41] to queue...
2022-01-29 18:12:55.023 11320-11320/com.example.ids_for_can D/com.example.ids_for_can.connectivity.AbstractGatewayService: Job queued successfully.
2022-01-29 18:12:55.023 11320-11320/com.example.ids_for_can D/com.example.ids_for_can.connectivity.AbstractGatewayService: Adding job[42] to queue...
2022-01-29 18:12:55.023 11320-11320/com.example.ids_for_can D/com.example.ids_for_can.connectivity.AbstractGatewayService: Job queued successfully.
2022-01-29 18:12:55.023 11320-11320/com.example.ids_for_can D/com.example.ids_for_can.connectivity.AbstractGatewayService: Adding job[43] to queue...
2022-01-29 18:12:55.023 11320-11320/com.example.ids_for_can D/com.example.ids_for_can.connectivity.AbstractGatewayService: Job queued successfully.
2022-01-29 18:12:55.023 11320-11320/com.example.ids_for_can D/com.example.ids_for_can.connectivity.AbstractGatewayService: Adding job[44] to queue...
2022-01-29 18:12:55.024 11320-11320/com.example.ids_for_can D/com.example.ids_for_can.connectivity.AbstractGatewayService: Job queued successfully.
2022-01-29 18:12:55.024 11320-11320/com.example.ids_for_can D/com.example.ids_for_can.connectivity.AbstractGatewayService: Adding job[45] to queue...
2022-01-29 18:12:55.024 11320-11320/com.example.ids_for_can D/com.example.ids_for_can.connectivity.AbstractGatewayService: Job queued successfully.
2022-01-29 18:12:55.024 11320-11320/com.example.ids_for_can D/com.example.ids_for_can.connectivity.AbstractGatewayService: Adding job[46] to queue...
2022-01-29 18:12:55.024 11320-11320/com.example.ids_for_can D/com.example.ids_for_can.connectivity.AbstractGatewayService: Job queued successfully.
2022-01-29 18:12:55.024 11320-11320/com.example.ids_for_can D/com.example.ids_for_can.connectivity.AbstractGatewayService: Adding job[47] to queue...
2022-01-29 18:12:55.025 11320-11320/com.example.ids_for_can D/com.example.ids_for_can.connectivity.AbstractGatewayService: Job queued successfully.
2022-01-29 18:12:55.025 11320-11320/com.example.ids_for_can D/com.example.ids_for_can.connectivity.AbstractGatewayService: Adding job[48] to queue...
2022-01-29 18:12:55.025 11320-11320/com.example.ids_for_can D/com.example.ids_for_can.connectivity.AbstractGatewayService: Job queued successfully.
2022-01-29 18:12:55.025 11320-11320/com.example.ids_for_can D/com.example.ids_for_can.connectivity.AbstractGatewayService: Adding job[49] to queue...
2022-01-29 18:12:55.025 11320-11320/com.example.ids_for_can D/com.example.ids_for_can.connectivity.AbstractGatewayService: Job queued successfully.
2022-01-29 18:12:55.025 11320-11320/com.example.ids_for_can D/com.example.ids_for_can.connectivity.AbstractGatewayService: Adding job[50] to queue...
2022-01-29 18:12:55.025 11320-11320/com.example.ids_for_can D/com.example.ids_for_can.connectivity.AbstractGatewayService: Job queued successfully.
2022-01-29 18:12:55.025 11320-11320/com.example.ids_for_can D/com.example.ids_for_can.connectivity.AbstractGatewayService: Adding job[51] to queue...
2022-01-29 18:12:55.025 11320-11320/com.example.ids_for_can D/com.example.ids_for_can.connectivity.AbstractGatewayService: Job queued successfully.
2022-01-29 18:12:55.025 11320-11320/com.example.ids_for_can D/com.example.ids_for_can.connectivity.AbstractGatewayService: Adding job[52] to queue...
2022-01-29 18:12:55.025 11320-11320/com.example.ids_for_can D/com.example.ids_for_can.connectivity.AbstractGatewayService: Job queued successfully.
2022-01-29 18:12:55.026 11320-11320/com.example.ids_for_can D/com.example.ids_for_can.connectivity.AbstractGatewayService: Adding job[53] to queue...
2022-01-29 18:12:55.026 11320-11320/com.example.ids_for_can D/com.example.ids_for_can.connectivity.AbstractGatewayService: Job queued successfully.
2022-01-29 18:12:55.026 11320-11320/com.example.ids_for_can D/com.example.ids_for_can.connectivity.AbstractGatewayService: Adding job[54] to queue...
2022-01-29 18:12:55.026 11320-11320/com.example.ids_for_can D/com.example.ids_for_can.connectivity.AbstractGatewayService: Job queued successfully.
2022-01-29 18:12:55.026 11320-11320/com.example.ids_for_can D/com.example.ids_for_can.connectivity.AbstractGatewayService: Adding job[55] to queue...
2022-01-29 18:12:55.026 11320-11320/com.example.ids_for_can D/com.example.ids_for_can.connectivity.AbstractGatewayService: Job queued successfully.
2022-01-29 18:12:55.026 11320-11320/com.example.ids_for_can D/com.example.ids_for_can.connectivity.AbstractGatewayService: Adding job[56] to queue...
2022-01-29 18:12:55.026 11320-11320/com.example.ids_for_can D/com.example.ids_for_can.connectivity.AbstractGatewayService: Job queued successfully.
2022-01-29 18:12:55.026 11320-11320/com.example.ids_for_can D/com.example.ids_for_can.connectivity.AbstractGatewayService: Adding job[57] to queue...
2022-01-29 18:12:55.027 11320-11320/com.example.ids_for_can D/com.example.ids_for_can.connectivity.AbstractGatewayService: Job queued successfully.
2022-01-29 18:12:55.027 11320-11320/com.example.ids_for_can D/com.example.ids_for_can.connectivity.AbstractGatewayService: Adding job[58] to queue...
2022-01-29 18:12:55.027 11320-11320/com.example.ids_for_can D/com.example.ids_for_can.connectivity.AbstractGatewayService: Job queued successfully.
2022-01-29 18:12:55.027 11320-11320/com.example.ids_for_can D/com.example.ids_for_can.connectivity.AbstractGatewayService: Adding job[59] to queue...
2022-01-29 18:12:55.027 11320-11320/com.example.ids_for_can D/com.example.ids_for_can.connectivity.AbstractGatewayService: Job queued successfully.
2022-01-29 18:12:55.027 11320-11320/com.example.ids_for_can D/com.example.ids_for_can.connectivity.AbstractGatewayService: Adding job[60] to queue...
2022-01-29 18:12:55.027 11320-11320/com.example.ids_for_can D/com.example.ids_for_can.connectivity.AbstractGatewayService: Job queued successfully.
2022-01-29 18:12:55.027 11320-11320/com.example.ids_for_can D/com.example.ids_for_can.connectivity.AbstractGatewayService: Adding job[61] to queue...
2022-01-29 18:12:55.027 11320-11320/com.example.ids_for_can D/com.example.ids_for_can.connectivity.AbstractGatewayService: Job queued successfully.
2022-01-29 18:12:55.028 11320-11320/com.example.ids_for_can D/com.example.ids_for_can.connectivity.AbstractGatewayService: Adding job[62] to queue...
2022-01-29 18:12:55.028 11320-11320/com.example.ids_for_can D/com.example.ids_for_can.connectivity.AbstractGatewayService: Job queued successfully.
2022-01-29 18:12:55.415 11320-11391/com.example.ids_for_can D/ContentValues: readRawData -- res
2022-01-29 18:12:55.415 11320-11391/com.example.ids_for_can D/ContentValues: 7EB 04 41 42 00 00 7EA 04 41 42 00 00 7E8 04 41 42 30 39 
2022-01-29 18:12:55.416 11320-11391/com.example.ids_for_can D/ContentValues: readRawData -- rawData -- SEARCHING_PATTERN
2022-01-29 18:12:55.416 11320-11391/com.example.ids_for_can D/ContentValues: 7EB 04 41 42 00 00 7EA 04 41 42 00 00 7E8 04 41 42 30 39 
2022-01-29 18:12:55.416 11320-11391/com.example.ids_for_can D/ContentValues: readRawData -- rawData -- WHITESPACE PATTERN
2022-01-29 18:12:55.416 11320-11391/com.example.ids_for_can D/ContentValues: 7EB04414200007EA04414200007E80441423039
2022-01-29 18:12:55.419 11320-11391/com.example.ids_for_can D/ContentValues: fillBuffer -- rawData
2022-01-29 18:12:55.419 11320-11391/com.example.ids_for_can D/ContentValues: 7EB04414200007EA04414200007E80441423039
2022-01-29 18:12:55.420 11320-11391/com.example.ids_for_can D/ContentValues: fillBuffer -- buffer
2022-01-29 18:12:55.420 11320-11391/com.example.ids_for_can D/ContentValues: [126, 176, 68, 20, 32, 0, 7, 234, 4, 65, 66, 0, 0, 126, 128, 68, 20, 35, 3]
2022-01-29 18:12:55.420 11320-11391/com.example.ids_for_can D/com.example.ids_for_can.connectivity.ObdGatewayService: Taking job[33] from queue...
2022-01-29 18:12:55.420 11320-11391/com.example.ids_for_can D/com.example.ids_for_can.connectivity.ObdGatewayService: Job state is NEW. Run it...
2022-01-29 18:12:55.424 11320-11320/com.example.ids_for_can D/com.example.ids_for_can.MainActivity: cmdID: CONTROL_MODULE_VOLTAGE, cmdResult: 17.0V
2022-01-29 18:12:55.424 11320-11320/com.example.ids_for_can D/com.example.ids_for_can.MainActivity: cmdID: CONTROL_MODULE_VOLTAGE, rawCmdResult: 7EB04414200007EA04414200007E80441423039
2022-01-29 18:12:55.844 11320-11391/com.example.ids_for_can D/ContentValues: readRawData -- res
2022-01-29 18:12:55.844 11320-11391/com.example.ids_for_can D/ContentValues: 7E8 04 41 44 FF FF 
2022-01-29 18:12:55.844 11320-11391/com.example.ids_for_can D/ContentValues: readRawData -- rawData -- SEARCHING_PATTERN
2022-01-29 18:12:55.844 11320-11391/com.example.ids_for_can D/ContentValues: 7E8 04 41 44 FF FF 
2022-01-29 18:12:55.845 11320-11391/com.example.ids_for_can D/ContentValues: readRawData -- rawData -- WHITESPACE PATTERN
2022-01-29 18:12:55.845 11320-11391/com.example.ids_for_can D/ContentValues: 7E8044144FFFF
2022-01-29 18:12:55.848 11320-11391/com.example.ids_for_can D/ContentValues: fillBuffer -- rawData
2022-01-29 18:12:55.848 11320-11391/com.example.ids_for_can D/ContentValues: 7E8044144FFFF
2022-01-29 18:12:55.848 11320-11391/com.example.ids_for_can D/ContentValues: fillBuffer -- buffer
2022-01-29 18:12:55.848 11320-11391/com.example.ids_for_can D/ContentValues: [126, 128, 68, 20, 79, 255]
2022-01-29 18:12:55.849 11320-11391/com.example.ids_for_can D/com.example.ids_for_can.connectivity.ObdGatewayService: Taking job[34] from queue...
2022-01-29 18:12:55.849 11320-11391/com.example.ids_for_can D/com.example.ids_for_can.connectivity.ObdGatewayService: Job state is NEW. Run it...
2022-01-29 18:12:55.851 11320-11320/com.example.ids_for_can D/com.example.ids_for_can.MainActivity: cmdID: EQUIV_RATIO, cmdResult: 0.0%
2022-01-29 18:12:55.851 11320-11320/com.example.ids_for_can D/com.example.ids_for_can.MainActivity: cmdID: EQUIV_RATIO, rawCmdResult: 7E8044144FFFF
2022-01-29 18:12:56.487 11320-11391/com.example.ids_for_can D/ContentValues: readRawData -- res
2022-01-29 18:12:56.487 11320-11391/com.example.ids_for_can D/ContentValues: 7EA 04 41 21 00 00 7EB 04 41 21 00 00 7E8 04 41 21 00 08 
2022-01-29 18:12:56.487 11320-11391/com.example.ids_for_can D/ContentValues: readRawData -- rawData -- SEARCHING_PATTERN
2022-01-29 18:12:56.487 11320-11391/com.example.ids_for_can D/ContentValues: 7EA 04 41 21 00 00 7EB 04 41 21 00 00 7E8 04 41 21 00 08 
2022-01-29 18:12:56.488 11320-11391/com.example.ids_for_can D/ContentValues: readRawData -- rawData -- WHITESPACE PATTERN
2022-01-29 18:12:56.488 11320-11391/com.example.ids_for_can D/ContentValues: 7EA04412100007EB04412100007E80441210008
2022-01-29 18:12:56.490 11320-11391/com.example.ids_for_can D/ContentValues: fillBuffer -- rawData
2022-01-29 18:12:56.491 11320-11391/com.example.ids_for_can D/ContentValues: 7EA04412100007EB04412100007E80441210008
2022-01-29 18:12:56.491 11320-11391/com.example.ids_for_can D/ContentValues: fillBuffer -- buffer
2022-01-29 18:12:56.491 11320-11391/com.example.ids_for_can D/ContentValues: [126, 160, 68, 18, 16, 0, 7, 235, 4, 65, 33, 0, 0, 126, 128, 68, 18, 16, 0]
2022-01-29 18:12:56.492 11320-11391/com.example.ids_for_can D/com.example.ids_for_can.connectivity.ObdGatewayService: Taking job[35] from queue...
2022-01-29 18:12:56.492 11320-11391/com.example.ids_for_can D/com.example.ids_for_can.connectivity.ObdGatewayService: Job state is NEW. Run it...
2022-01-29 18:12:56.496 11320-11320/com.example.ids_for_can D/com.example.ids_for_can.MainActivity: cmdID: DISTANCE_TRAVELED_MIL_ON, cmdResult: 17426km
2022-01-29 18:12:56.496 11320-11320/com.example.ids_for_can D/com.example.ids_for_can.MainActivity: cmdID: DISTANCE_TRAVELED_MIL_ON, rawCmdResult: 7EA04412100007EB04412100007E80441210008
2022-01-29 18:12:56.790 11320-11391/com.example.ids_for_can D/ContentValues: readRawData -- res
2022-01-29 18:12:56.790 11320-11391/com.example.ids_for_can D/ContentValues: 7EA 06 41 01 00 04 00 00 7EB 06 41 01 00 04 00 00 7E8 06 41 01 01 07 E5 00 
2022-01-29 18:12:56.790 11320-11391/com.example.ids_for_can D/ContentValues: readRawData -- rawData -- SEARCHING_PATTERN
2022-01-29 18:12:56.791 11320-11391/com.example.ids_for_can D/ContentValues: 7EA 06 41 01 00 04 00 00 7EB 06 41 01 00 04 00 00 7E8 06 41 01 01 07 E5 00 
2022-01-29 18:12:56.792 11320-11391/com.example.ids_for_can D/ContentValues: readRawData -- rawData -- WHITESPACE PATTERN
2022-01-29 18:12:56.792 11320-11391/com.example.ids_for_can D/ContentValues: 7EA064101000400007EB064101000400007E80641010107E500
2022-01-29 18:12:56.794 11320-11391/com.example.ids_for_can D/ContentValues: fillBuffer -- rawData
2022-01-29 18:12:56.794 11320-11391/com.example.ids_for_can D/ContentValues: 7EA064101000400007EB064101000400007E80641010107E500
2022-01-29 18:12:56.795 11320-11391/com.example.ids_for_can D/ContentValues: fillBuffer -- buffer
2022-01-29 18:12:56.795 11320-11391/com.example.ids_for_can D/ContentValues: [126, 160, 100, 16, 16, 0, 64, 0, 7, 235, 6, 65, 1, 0, 4, 0, 0, 126, 128, 100, 16, 16, 16, 126, 80]
2022-01-29 18:12:56.795 11320-11391/com.example.ids_for_can D/com.example.ids_for_can.connectivity.ObdGatewayService: Taking job[36] from queue...
2022-01-29 18:12:56.795 11320-11391/com.example.ids_for_can D/com.example.ids_for_can.connectivity.ObdGatewayService: Job state is NEW. Run it...
2022-01-29 18:12:56.799 11320-11320/com.example.ids_for_can D/com.example.ids_for_can.MainActivity: cmdID: DTC_NUMBER, cmdResult: MIL is OFF100 codes
2022-01-29 18:12:56.799 11320-11320/com.example.ids_for_can D/com.example.ids_for_can.MainActivity: cmdID: DTC_NUMBER, rawCmdResult: 7EA064101000400007EB064101000400007E80641010107E500
2022-01-29 18:12:57.168 11320-11391/com.example.ids_for_can D/ContentValues: readRawData -- res
2022-01-29 18:12:57.168 11320-11391/com.example.ids_for_can D/ContentValues: 7E8 03 41 0E 80 
2022-01-29 18:12:57.168 11320-11391/com.example.ids_for_can D/ContentValues: readRawData -- rawData -- SEARCHING_PATTERN
2022-01-29 18:12:57.168 11320-11391/com.example.ids_for_can D/ContentValues: 7E8 03 41 0E 80 
2022-01-29 18:12:57.168 11320-11391/com.example.ids_for_can D/ContentValues: readRawData -- rawData -- WHITESPACE PATTERN
2022-01-29 18:12:57.168 11320-11391/com.example.ids_for_can D/ContentValues: 7E803410E80
2022-01-29 18:12:57.169 11320-11391/com.example.ids_for_can D/ContentValues: fillBuffer -- rawData
2022-01-29 18:12:57.169 11320-11391/com.example.ids_for_can D/ContentValues: 7E803410E80
2022-01-29 18:12:57.170 11320-11391/com.example.ids_for_can D/ContentValues: fillBuffer -- buffer
2022-01-29 18:12:57.170 11320-11391/com.example.ids_for_can D/ContentValues: [126, 128, 52, 16, 232]
2022-01-29 18:12:57.170 11320-11391/com.example.ids_for_can D/com.example.ids_for_can.connectivity.ObdGatewayService: Taking job[37] from queue...
2022-01-29 18:12:57.170 11320-11391/com.example.ids_for_can D/com.example.ids_for_can.connectivity.ObdGatewayService: Job state is NEW. Run it...
2022-01-29 18:12:57.183 11320-11320/com.example.ids_for_can D/com.example.ids_for_can.MainActivity: cmdID: TIMING_ADVANCE, cmdResult: 20.4%
2022-01-29 18:12:57.183 11320-11320/com.example.ids_for_can D/com.example.ids_for_can.MainActivity: cmdID: TIMING_ADVANCE, rawCmdResult: 7E803410E80
2022-01-29 18:12:57.652 11320-11391/com.example.ids_for_can E/com.example.ids_for_can.connectivity.ObdGatewayService: java.lang.StringIndexOutOfBoundsException: length=31; index=32
2022-01-29 18:12:57.653 11320-11391/com.example.ids_for_can E/com.example.ids_for_can.connectivity.ObdGatewayService: Failed to run command. -> length=31; index=32
2022-01-29 18:12:57.653 11320-11391/com.example.ids_for_can D/com.example.ids_for_can.connectivity.ObdGatewayService: Taking job[38] from queue...
2022-01-29 18:12:57.653 11320-11391/com.example.ids_for_can D/com.example.ids_for_can.connectivity.ObdGatewayService: Job state is NEW. Run it...
2022-01-29 18:12:57.653 11320-11391/com.example.ids_for_can D/com.example.ids_for_can.connectivity.ObdGatewayService: Taking job[39] from queue...
2022-01-29 18:12:57.654 11320-11391/com.example.ids_for_can D/com.example.ids_for_can.connectivity.ObdGatewayService: Job state is NEW. Run it...
2022-01-29 18:12:57.657 11320-11320/com.example.ids_for_can D/com.example.ids_for_can.MainActivity: cmdID: TROUBLE_CODES, cmdResult: 7EA0243007EB0243007E80443010463
2022-01-29 18:12:57.657 11320-11320/com.example.ids_for_can D/com.example.ids_for_can.MainActivity: cmdID: TROUBLE_CODES, rawCmdResult: 
2022-01-29 18:12:57.658 11320-11320/com.example.ids_for_can D/com.example.ids_for_can.MainActivity: cmdID: VIN, cmdResult: ~Ctçè!KVGED1B~$£3S
2022-01-29 18:12:57.658 11320-11320/com.example.ids_for_can D/com.example.ids_for_can.MainActivity: cmdID: VIN, rawCmdResult: 7E8101449020131474E7E8214B5647454431427E8224A333131383538
2022-01-29 18:12:58.032 11320-11391/com.example.ids_for_can D/ContentValues: readRawData -- res
2022-01-29 18:12:58.032 11320-11391/com.example.ids_for_can D/ContentValues: 7E8 03 41 04 00 
2022-01-29 18:12:58.032 11320-11391/com.example.ids_for_can D/ContentValues: readRawData -- rawData -- SEARCHING_PATTERN
2022-01-29 18:12:58.032 11320-11391/com.example.ids_for_can D/ContentValues: 7E8 03 41 04 00 
2022-01-29 18:12:58.032 11320-11391/com.example.ids_for_can D/ContentValues: readRawData -- rawData -- WHITESPACE PATTERN
2022-01-29 18:12:58.033 11320-11391/com.example.ids_for_can D/ContentValues: 7E803410400
2022-01-29 18:12:58.034 11320-11391/com.example.ids_for_can D/ContentValues: fillBuffer -- rawData
2022-01-29 18:12:58.034 11320-11391/com.example.ids_for_can D/ContentValues: 7E803410400
2022-01-29 18:12:58.034 11320-11391/com.example.ids_for_can D/ContentValues: fillBuffer -- buffer
2022-01-29 18:12:58.034 11320-11391/com.example.ids_for_can D/ContentValues: [126, 128, 52, 16, 64]
