2022-01-29 18:12:58.034 11320-11391/com.example.ids_for_can D/com.example.ids_for_can.connectivity.ObdGatewayService: Taking job[40] from queue...
2022-01-29 18:12:58.035 11320-11391/com.example.ids_for_can D/com.example.ids_for_can.connectivity.ObdGatewayService: Job state is NEW. Run it...
2022-01-29 18:12:58.037 11320-11320/com.example.ids_for_can D/com.example.ids_for_can.MainActivity: cmdID: ENGINE_LOAD, cmdResult: 20.4%
2022-01-29 18:12:58.037 11320-11320/com.example.ids_for_can D/com.example.ids_for_can.MainActivity: cmdID: ENGINE_LOAD, rawCmdResult: 7E803410400
2022-01-29 18:12:58.241 11320-11391/com.example.ids_for_can D/ContentValues: readRawData -- res
2022-01-29 18:12:58.241 11320-11391/com.example.ids_for_can D/ContentValues: 7E8 04 41 0C 00 00 
2022-01-29 18:12:58.241 11320-11391/com.example.ids_for_can D/ContentValues: readRawData -- rawData -- SEARCHING_PATTERN
2022-01-29 18:12:58.241 11320-11391/com.example.ids_for_can D/ContentValues: 7E8 04 41 0C 00 00 
2022-01-29 18:12:58.241 11320-11391/com.example.ids_for_can D/ContentValues: readRawData -- rawData -- WHITESPACE PATTERN
2022-01-29 18:12:58.241 11320-11391/com.example.ids_for_can D/ContentValues: 7E804410C0000
2022-01-29 18:12:58.243 11320-11391/com.example.ids_for_can D/ContentValues: fillBuffer -- rawData
2022-01-29 18:12:58.243 11320-11391/com.example.ids_for_can D/ContentValues: 7E804410C0000
2022-01-29 18:12:58.243 11320-11391/com.example.ids_for_can D/ContentValues: fillBuffer -- buffer
2022-01-29 18:12:58.243 11320-11391/com.example.ids_for_can D/ContentValues: [126, 128, 68, 16, 192, 0]
2022-01-29 18:12:58.243 11320-11391/com.example.ids_for_can D/com.example.ids_for_can.connectivity.ObdGatewayService: Taking job[41] from queue...
2022-01-29 18:12:58.244 11320-11391/com.example.ids_for_can D/com.example.ids_for_can.connectivity.ObdGatewayService: Job state is NEW. Run it...
2022-01-29 18:12:58.247 11320-11320/com.example.ids_for_can D/com.example.ids_for_can.MainActivity: cmdID: ENGINE_RPM, cmdResult: 4356RPM
2022-01-29 18:12:58.248 11320-11320/com.example.ids_for_can D/com.example.ids_for_can.MainActivity: cmdID: ENGINE_RPM, rawCmdResult: 7E804410C0000
2022-01-29 18:12:58.439 11320-11391/com.example.ids_for_can D/ContentValues: readRawData -- res
2022-01-29 18:12:58.439 11320-11391/com.example.ids_for_can D/ContentValues: 7E8 04 41 1F 00 00 
2022-01-29 18:12:58.440 11320-11391/com.example.ids_for_can D/ContentValues: readRawData -- rawData -- SEARCHING_PATTERN
2022-01-29 18:12:58.440 11320-11391/com.example.ids_for_can D/ContentValues: 7E8 04 41 1F 00 00 
2022-01-29 18:12:58.440 11320-11391/com.example.ids_for_can D/ContentValues: readRawData -- rawData -- WHITESPACE PATTERN
2022-01-29 18:12:58.440 11320-11391/com.example.ids_for_can D/ContentValues: 7E804411F0000
2022-01-29 18:12:58.442 11320-11391/com.example.ids_for_can D/ContentValues: fillBuffer -- rawData
2022-01-29 18:12:58.442 11320-11391/com.example.ids_for_can D/ContentValues: 7E804411F0000
2022-01-29 18:12:58.442 11320-11391/com.example.ids_for_can D/ContentValues: fillBuffer -- buffer
2022-01-29 18:12:58.442 11320-11391/com.example.ids_for_can D/ContentValues: [126, 128, 68, 17, 240, 0]
2022-01-29 18:12:58.442 11320-11391/com.example.ids_for_can D/com.example.ids_for_can.connectivity.ObdGatewayService: Taking job[42] from queue...
2022-01-29 18:12:58.442 11320-11391/com.example.ids_for_can D/com.example.ids_for_can.connectivity.ObdGatewayService: Job state is NEW. Run it...
2022-01-29 18:12:58.446 11320-11320/com.example.ids_for_can D/com.example.ids_for_can.MainActivity: cmdID: ENGINE_RUNTIME, cmdResult: 04:50:25
2022-01-29 18:12:58.446 11320-11320/com.example.ids_for_can D/com.example.ids_for_can.MainActivity: cmdID: ENGINE_RUNTIME, rawCmdResult: 7E804411F0000
2022-01-29 18:12:58.778 11320-11391/com.example.ids_for_can D/ContentValues: readRawData -- res
2022-01-29 18:12:58.778 11320-11391/com.example.ids_for_can D/ContentValues: 7E8 04 41 10 00 00 
2022-01-29 18:12:58.778 11320-11391/com.example.ids_for_can D/ContentValues: readRawData -- rawData -- SEARCHING_PATTERN
2022-01-29 18:12:58.778 11320-11391/com.example.ids_for_can D/ContentValues: 7E8 04 41 10 00 00 
2022-01-29 18:12:58.778 11320-11391/com.example.ids_for_can D/ContentValues: readRawData -- rawData -- WHITESPACE PATTERN
2022-01-29 18:12:58.778 11320-11391/com.example.ids_for_can D/ContentValues: 7E80441100000
2022-01-29 18:12:58.780 11320-11391/com.example.ids_for_can D/ContentValues: fillBuffer -- rawData
2022-01-29 18:12:58.780 11320-11391/com.example.ids_for_can D/ContentValues: 7E80441100000
2022-01-29 18:12:58.780 11320-11391/com.example.ids_for_can D/ContentValues: fillBuffer -- buffer
2022-01-29 18:12:58.780 11320-11391/com.example.ids_for_can D/ContentValues: [126, 128, 68, 17, 0, 0]
2022-01-29 18:12:58.780 11320-11391/com.example.ids_for_can D/com.example.ids_for_can.connectivity.ObdGatewayService: Taking job[43] from queue...
2022-01-29 18:12:58.780 11320-11391/com.example.ids_for_can D/com.example.ids_for_can.connectivity.ObdGatewayService: Job state is NEW. Run it...
2022-01-29 18:12:58.783 11320-11320/com.example.ids_for_can D/com.example.ids_for_can.MainActivity: cmdID: MAF, cmdResult: 174.25g/s
2022-01-29 18:12:58.783 11320-11320/com.example.ids_for_can D/com.example.ids_for_can.MainActivity: cmdID: MAF, rawCmdResult: 7E80441100000
2022-01-29 18:12:59.114 11320-11391/com.example.ids_for_can D/ContentValues: readRawData -- res
2022-01-29 18:12:59.114 11320-11391/com.example.ids_for_can D/ContentValues: 7E8 03 41 11 53 
2022-01-29 18:12:59.114 11320-11391/com.example.ids_for_can D/ContentValues: readRawData -- rawData -- SEARCHING_PATTERN
2022-01-29 18:12:59.114 11320-11391/com.example.ids_for_can D/ContentValues: 7E8 03 41 11 53 
2022-01-29 18:12:59.114 11320-11391/com.example.ids_for_can D/ContentValues: readRawData -- rawData -- WHITESPACE PATTERN
2022-01-29 18:12:59.114 11320-11391/com.example.ids_for_can D/ContentValues: 7E803411153
2022-01-29 18:12:59.116 11320-11391/com.example.ids_for_can D/ContentValues: fillBuffer -- rawData
2022-01-29 18:12:59.116 11320-11391/com.example.ids_for_can D/ContentValues: 7E803411153
2022-01-29 18:12:59.116 11320-11391/com.example.ids_for_can D/ContentValues: fillBuffer -- buffer
2022-01-29 18:12:59.116 11320-11391/com.example.ids_for_can D/ContentValues: [126, 128, 52, 17, 21]
2022-01-29 18:12:59.117 11320-11391/com.example.ids_for_can D/com.example.ids_for_can.connectivity.ObdGatewayService: Taking job[44] from queue...
2022-01-29 18:12:59.117 11320-11391/com.example.ids_for_can D/com.example.ids_for_can.connectivity.ObdGatewayService: Job state is NEW. Run it...
2022-01-29 18:12:59.120 11320-11320/com.example.ids_for_can D/com.example.ids_for_can.MainActivity: cmdID: THROTTLE_POS, cmdResult: 20.4%
2022-01-29 18:12:59.121 11320-11320/com.example.ids_for_can D/com.example.ids_for_can.MainActivity: cmdID: THROTTLE_POS, rawCmdResult: 7E803411153
2022-01-29 18:12:59.664 11320-11391/com.example.ids_for_can D/ContentValues: readRawData -- res
2022-01-29 18:12:59.664 11320-11391/com.example.ids_for_can D/ContentValues: NO DATA
2022-01-29 18:12:59.664 11320-11391/com.example.ids_for_can D/ContentValues: readRawData -- rawData -- SEARCHING_PATTERN
2022-01-29 18:12:59.664 11320-11391/com.example.ids_for_can D/ContentValues: NO DATA
2022-01-29 18:12:59.665 11320-11391/com.example.ids_for_can D/ContentValues: readRawData -- rawData -- WHITESPACE PATTERN
2022-01-29 18:12:59.665 11320-11391/com.example.ids_for_can D/ContentValues: NODATA
2022-01-29 18:12:59.666 11320-11391/com.example.ids_for_can E/com.example.ids_for_can.connectivity.ObdGatewayService: com.github.pires.obd.exceptions.NoDataException: Error running 01 51, response: NODATA
2022-01-29 18:12:59.667 11320-11391/com.example.ids_for_can E/com.example.ids_for_can.connectivity.ObdGatewayService: Failed to run command. -> Error running 01 51, response: NODATA
2022-01-29 18:12:59.667 11320-11391/com.example.ids_for_can D/com.example.ids_for_can.connectivity.ObdGatewayService: Taking job[45] from queue...
2022-01-29 18:12:59.667 11320-11391/com.example.ids_for_can D/com.example.ids_for_can.connectivity.ObdGatewayService: Job state is NEW. Run it...
2022-01-29 18:12:59.669 11320-11320/com.example.ids_for_can D/com.example.ids_for_can.MainActivity: cmdID: FUEL_TYPE, cmdResult: NODATA
2022-01-29 18:12:59.669 11320-11320/com.example.ids_for_can D/com.example.ids_for_can.MainActivity: cmdID: FUEL_TYPE, rawCmdResult: 

