2022-01-29 22:03:51.444 21553-21553/com.example.ids_for_can D/com.example.ids_for_can.MainActivity: Starting IDS...
2022-01-29 22:03:51.444 21553-21553/com.example.ids_for_can D/com.example.ids_for_can.MainActivity: Binding OBD service..
2022-01-29 22:03:51.491 21553-21553/com.example.ids_for_can D/com.example.ids_for_can.connectivity.AbstractGatewayService: Creating service...
2022-01-29 22:03:51.491 21553-21553/com.example.ids_for_can D/com.example.ids_for_can.connectivity.AbstractGatewayService: Service created.
2022-01-29 22:03:51.491 21553-21687/com.example.ids_for_can D/com.example.ids_for_can.connectivity.ObdGatewayService: Executing queue...
2022-01-29 22:03:51.502 21553-21553/com.example.ids_for_can D/com.example.ids_for_can.MainActivity: ComponentInfo{com.example.ids_for_can/com.example.ids_for_can.connectivity.ObdGatewayService} service is bound
2022-01-29 22:03:51.502 21553-21553/com.example.ids_for_can D/com.example.ids_for_can.MainActivity: START LIVE DATA
2022-01-29 22:03:51.502 21553-21553/com.example.ids_for_can D/com.example.ids_for_can.connectivity.ObdGatewayService: Starting service...
2022-01-29 22:03:51.502 21553-21553/com.example.ids_for_can D/com.example.ids_for_can.connectivity.ObdGatewayService: Stopping Bluetooth discovery.
2022-01-29 22:03:51.505 21553-21553/com.example.ids_for_can D/CompatibilityChangeReporter: Compat change id reported: 160794467; UID 10376; state: ENABLED
2022-01-29 22:03:51.513 21553-21553/com.example.ids_for_can D/com.example.ids_for_can.connectivity.ObdGatewayService: Starting OBD connection...
2022-01-29 22:03:51.513 21553-21553/com.example.ids_for_can D/com.example.ids_for_can.connectivity.BluetoothManager: Starting Bluetooth connection...
2022-01-29 22:03:54.427 21553-21553/com.example.ids_for_can D/com.example.ids_for_can.connectivity.ObdGatewayService: Queueing jobs for connection configuration...
2022-01-29 22:03:54.429 21553-21553/com.example.ids_for_can D/com.example.ids_for_can.connectivity.AbstractGatewayService: Adding job[1] to queue...
2022-01-29 22:03:54.429 21553-21553/com.example.ids_for_can D/com.example.ids_for_can.connectivity.AbstractGatewayService: Job queued successfully.
2022-01-29 22:03:54.429 21553-21687/com.example.ids_for_can D/com.example.ids_for_can.connectivity.ObdGatewayService: Taking job[1] from queue...
2022-01-29 22:03:54.429 21553-21687/com.example.ids_for_can D/com.example.ids_for_can.connectivity.ObdGatewayService: Job state is NEW. Run it...
2022-01-29 22:03:54.930 21553-21553/com.example.ids_for_can D/com.example.ids_for_can.connectivity.AbstractGatewayService: Adding job[2] to queue...
2022-01-29 22:03:54.930 21553-21553/com.example.ids_for_can D/com.example.ids_for_can.connectivity.AbstractGatewayService: Job queued successfully.
2022-01-29 22:03:54.930 21553-21553/com.example.ids_for_can D/com.example.ids_for_can.connectivity.AbstractGatewayService: Adding job[3] to queue...
2022-01-29 22:03:54.930 21553-21553/com.example.ids_for_can D/com.example.ids_for_can.connectivity.AbstractGatewayService: Job queued successfully.
2022-01-29 22:03:54.931 21553-21553/com.example.ids_for_can D/com.example.ids_for_can.connectivity.AbstractGatewayService: Adding job[4] to queue...
2022-01-29 22:03:54.931 21553-21553/com.example.ids_for_can D/com.example.ids_for_can.connectivity.AbstractGatewayService: Job queued successfully.
2022-01-29 22:03:54.932 21553-21553/com.example.ids_for_can D/com.example.ids_for_can.connectivity.AbstractGatewayService: Adding job[5] to queue...
2022-01-29 22:03:54.932 21553-21553/com.example.ids_for_can D/com.example.ids_for_can.connectivity.AbstractGatewayService: Job queued successfully.
2022-01-29 22:03:54.932 21553-21553/com.example.ids_for_can D/com.example.ids_for_can.connectivity.ObdGatewayService: Initialization jobs queued.
2022-01-29 22:03:54.939 21553-21553/com.example.ids_for_can I/Choreographer: Skipped 309 frames!  The application may be doing too much work on its main thread.
2022-01-29 22:03:54.945 21553-21582/com.example.ids_for_can D/OpenGLRenderer: endAllActiveAnimators on 0xb400007c4c336a70 (MenuPopupWindow$MenuDropDownListView) with handle 0xb400007b5c335cd0
2022-01-29 22:03:54.982 21553-21570/com.example.ids_for_can I/OpenGLRenderer: Davey! duration=3463ms; Flags=0, FrameTimelineVsyncId=6597688, IntendedVsync=333587849437042, Vsync=333591282770341, InputEventId=0, HandleInputStart=333591293262253, AnimationStart=333591293268243, PerformTraversalsStart=333591306213036, DrawStart=333591307388244, FrameDeadline=333587869937042, FrameInterval=333591293079753, FrameStartTime=11111111, SyncQueued=333591309196213, SyncStart=333591309412463, IssueDrawCommandsStart=333591309533453, SwapBuffers=333591310481994, FrameCompleted=333591313135067, DequeueBufferDuration=23802, QueueBufferDuration=1516303, GpuCompleted=333591313135067, SwapBuffersCompleted=333591312496578, DisplayPresentTime=0, 
2022-01-29 22:03:55.484 21553-21687/com.example.ids_for_can D/ContentValues: readRawData -- ATMAString
2022-01-29 22:03:55.484 21553-21687/com.example.ids_for_can D/ContentValues: ELM327 v1.5
2022-01-29 22:03:55.484 21553-21687/com.example.ids_for_can D/ContentValues: readRawData -- rawData -- SEARCHING_PATTERN
2022-01-29 22:03:55.484 21553-21687/com.example.ids_for_can D/ContentValues: ELM327 v1.5
2022-01-29 22:03:55.485 21553-21687/com.example.ids_for_can D/ContentValues: readRawData -- rawData -- WHITESPACE PATTERN
2022-01-29 22:03:55.485 21553-21687/com.example.ids_for_can D/ContentValues: ELM327v1.5
2022-01-29 22:03:55.485 21553-21687/com.example.ids_for_can D/ContentValues: ATMAArray
2022-01-29 22:03:55.485 21553-21687/com.example.ids_for_can D/ContentValues: ELM327 v1.5
2022-01-29 22:03:55.485 21553-21687/com.example.ids_for_can D/ContentValues: ATMAMap
2022-01-29 22:03:55.485 21553-21687/com.example.ids_for_can D/ContentValues: {ELM327=[v1.5]}
2022-01-29 22:03:55.486 21553-21687/com.example.ids_for_can D/com.example.ids_for_can.connectivity.ObdGatewayService: Taking job[2] from queue...
2022-01-29 22:03:55.486 21553-21687/com.example.ids_for_can D/com.example.ids_for_can.connectivity.ObdGatewayService: Job state is NEW. Run it...
2022-01-29 22:03:55.497 21553-21553/com.example.ids_for_can D/com.example.ids_for_can.MainActivity: cmdID: Reset OBD, cmdResult: ELM327v1.5
2022-01-29 22:03:55.497 21553-21553/com.example.ids_for_can D/com.example.ids_for_can.MainActivity: cmdID: Reset OBD, rawCmdResult: ELM327v1.5
2022-01-29 22:03:55.655 21553-21687/com.example.ids_for_can D/ContentValues: readRawData -- ATMAString
2022-01-29 22:03:55.655 21553-21687/com.example.ids_for_can D/ContentValues: AT E0OK
2022-01-29 22:03:55.656 21553-21687/com.example.ids_for_can D/ContentValues: readRawData -- rawData -- SEARCHING_PATTERN
2022-01-29 22:03:55.656 21553-21687/com.example.ids_for_can D/ContentValues: AT E0OK
2022-01-29 22:03:55.656 21553-21687/com.example.ids_for_can D/ContentValues: readRawData -- rawData -- WHITESPACE PATTERN
2022-01-29 22:03:55.656 21553-21687/com.example.ids_for_can D/ContentValues: ATE0OK
2022-01-29 22:03:55.656 21553-21687/com.example.ids_for_can D/ContentValues: ATMAArray
2022-01-29 22:03:55.656 21553-21687/com.example.ids_for_can D/ContentValues: AT E0OK
2022-01-29 22:03:55.657 21553-21687/com.example.ids_for_can D/ContentValues: ATMAMap
2022-01-29 22:03:55.657 21553-21687/com.example.ids_for_can D/ContentValues: {ELM327=[v1.5], AT=[E0OK]}
2022-01-29 22:03:55.657 21553-21687/com.example.ids_for_can D/com.example.ids_for_can.connectivity.ObdGatewayService: Taking job[3] from queue...
2022-01-29 22:03:55.657 21553-21687/com.example.ids_for_can D/com.example.ids_for_can.connectivity.ObdGatewayService: Job state is NEW. Run it...
2022-01-29 22:03:55.665 21553-21553/com.example.ids_for_can D/com.example.ids_for_can.MainActivity: cmdID: Echo Off, cmdResult: ATE0OK
2022-01-29 22:03:55.665 21553-21553/com.example.ids_for_can D/com.example.ids_for_can.MainActivity: cmdID: Echo Off, rawCmdResult: ATE0OK
2022-01-29 22:03:55.811 21553-21687/com.example.ids_for_can D/ContentValues: readRawData -- ATMAString
2022-01-29 22:03:55.811 21553-21687/com.example.ids_for_can D/ContentValues: OK
2022-01-29 22:03:55.811 21553-21687/com.example.ids_for_can D/ContentValues: readRawData -- rawData -- SEARCHING_PATTERN
2022-01-29 22:03:55.811 21553-21687/com.example.ids_for_can D/ContentValues: OK
2022-01-29 22:03:55.812 21553-21687/com.example.ids_for_can D/ContentValues: readRawData -- rawData -- WHITESPACE PATTERN
2022-01-29 22:03:55.812 21553-21687/com.example.ids_for_can D/ContentValues: OK
2022-01-29 22:03:55.812 21553-21687/com.example.ids_for_can D/ContentValues: ATMAArray
2022-01-29 22:03:55.812 21553-21687/com.example.ids_for_can D/ContentValues: OK
2022-01-29 22:03:55.813 21553-21687/com.example.ids_for_can E/com.example.ids_for_can.connectivity.ObdGatewayService: java.lang.ArrayIndexOutOfBoundsException: length=1; index=1
2022-01-29 22:03:55.813 21553-21687/com.example.ids_for_can E/com.example.ids_for_can.connectivity.ObdGatewayService: Failed to run command. -> length=1; index=1
2022-01-29 22:03:55.813 21553-21687/com.example.ids_for_can D/com.example.ids_for_can.connectivity.ObdGatewayService: Taking job[4] from queue...
2022-01-29 22:03:55.813 21553-21687/com.example.ids_for_can D/com.example.ids_for_can.connectivity.ObdGatewayService: Job state is NEW. Run it...
2022-01-29 22:03:55.816 21553-21553/com.example.ids_for_can D/com.example.ids_for_can.MainActivity: cmdID: Echo Off, cmdResult: OK
2022-01-29 22:03:55.816 21553-21553/com.example.ids_for_can D/com.example.ids_for_can.MainActivity: cmdID: Echo Off, rawCmdResult: 
2022-01-29 22:03:56.047 21553-21687/com.example.ids_for_can D/ContentValues: readRawData -- ATMAString
2022-01-29 22:03:56.047 21553-21687/com.example.ids_for_can D/ContentValues: OK
2022-01-29 22:03:56.048 21553-21687/com.example.ids_for_can D/ContentValues: readRawData -- rawData -- SEARCHING_PATTERN
2022-01-29 22:03:56.048 21553-21687/com.example.ids_for_can D/ContentValues: OK
2022-01-29 22:03:56.048 21553-21687/com.example.ids_for_can D/ContentValues: readRawData -- rawData -- WHITESPACE PATTERN
2022-01-29 22:03:56.048 21553-21687/com.example.ids_for_can D/ContentValues: OK
2022-01-29 22:03:56.048 21553-21687/com.example.ids_for_can D/ContentValues: ATMAArray
2022-01-29 22:03:56.048 21553-21687/com.example.ids_for_can D/ContentValues: OK
2022-01-29 22:03:56.049 21553-21687/com.example.ids_for_can E/com.example.ids_for_can.connectivity.ObdGatewayService: java.lang.ArrayIndexOutOfBoundsException: length=1; index=1
2022-01-29 22:03:56.049 21553-21687/com.example.ids_for_can E/com.example.ids_for_can.connectivity.ObdGatewayService: Failed to run command. -> length=1; index=1
2022-01-29 22:03:56.049 21553-21687/com.example.ids_for_can D/com.example.ids_for_can.connectivity.ObdGatewayService: Taking job[5] from queue...
2022-01-29 22:03:56.049 21553-21687/com.example.ids_for_can D/com.example.ids_for_can.connectivity.ObdGatewayService: Job state is NEW. Run it...
2022-01-29 22:03:56.056 21553-21553/com.example.ids_for_can D/com.example.ids_for_can.MainActivity: cmdID: Timeout, cmdResult: OK
2022-01-29 22:03:56.056 21553-21553/com.example.ids_for_can D/com.example.ids_for_can.MainActivity: cmdID: Timeout, rawCmdResult: 
2022-01-29 22:03:56.203 21553-21687/com.example.ids_for_can D/ContentValues: readRawData -- ATMAString
2022-01-29 22:03:56.204 21553-21687/com.example.ids_for_can D/ContentValues: OK
2022-01-29 22:03:56.204 21553-21687/com.example.ids_for_can D/ContentValues: readRawData -- rawData -- SEARCHING_PATTERN
2022-01-29 22:03:56.204 21553-21687/com.example.ids_for_can D/ContentValues: OK
2022-01-29 22:03:56.204 21553-21687/com.example.ids_for_can D/ContentValues: readRawData -- rawData -- WHITESPACE PATTERN
2022-01-29 22:03:56.204 21553-21687/com.example.ids_for_can D/ContentValues: OK
2022-01-29 22:03:56.204 21553-21687/com.example.ids_for_can D/ContentValues: ATMAArray
2022-01-29 22:03:56.205 21553-21687/com.example.ids_for_can D/ContentValues: OK
2022-01-29 22:03:56.205 21553-21687/com.example.ids_for_can E/com.example.ids_for_can.connectivity.ObdGatewayService: java.lang.ArrayIndexOutOfBoundsException: length=1; index=1
2022-01-29 22:03:56.205 21553-21687/com.example.ids_for_can E/com.example.ids_for_can.connectivity.ObdGatewayService: Failed to run command. -> length=1; index=1
2022-01-29 22:03:56.213 21553-21553/com.example.ids_for_can D/com.example.ids_for_can.MainActivity: cmdID: Select Protocol AUTO, cmdResult: OK
2022-01-29 22:03:56.213 21553-21553/com.example.ids_for_can D/com.example.ids_for_can.MainActivity: cmdID: Select Protocol AUTO, rawCmdResult: 
2022-01-29 22:03:59.484 21553-21553/com.example.ids_for_can D/com.example.ids_for_can.connectivity.AbstractGatewayService: Adding job[1] to queue...
2022-01-29 22:03:59.485 21553-21553/com.example.ids_for_can D/com.example.ids_for_can.connectivity.AbstractGatewayService: Job queued successfully.
2022-01-29 22:03:59.485 21553-21553/com.example.ids_for_can D/com.example.ids_for_can.connectivity.AbstractGatewayService: Adding job[2] to queue...
2022-01-29 22:03:59.485 21553-21553/com.example.ids_for_can D/com.example.ids_for_can.connectivity.AbstractGatewayService: Job queued successfully.
2022-01-29 22:03:59.486 21553-21553/com.example.ids_for_can D/com.example.ids_for_can.connectivity.AbstractGatewayService: Adding job[3] to queue...
2022-01-29 22:03:59.486 21553-21687/com.example.ids_for_can D/com.example.ids_for_can.connectivity.ObdGatewayService: Taking job[1] from queue...
2022-01-29 22:03:59.486 21553-21553/com.example.ids_for_can D/com.example.ids_for_can.connectivity.AbstractGatewayService: Job queued successfully.
2022-01-29 22:03:59.486 21553-21687/com.example.ids_for_can D/com.example.ids_for_can.connectivity.ObdGatewayService: Job state is NEW. Run it...
2022-01-29 22:03:59.486 21553-21553/com.example.ids_for_can D/com.example.ids_for_can.connectivity.AbstractGatewayService: Adding job[4] to queue...
2022-01-29 22:03:59.487 21553-21553/com.example.ids_for_can D/com.example.ids_for_can.connectivity.AbstractGatewayService: Job queued successfully.
2022-01-29 22:03:59.487 21553-21553/com.example.ids_for_can D/com.example.ids_for_can.connectivity.AbstractGatewayService: Adding job[5] to queue...
2022-01-29 22:03:59.487 21553-21553/com.example.ids_for_can D/com.example.ids_for_can.connectivity.AbstractGatewayService: Job queued successfully.
2022-01-29 22:03:59.487 21553-21553/com.example.ids_for_can D/com.example.ids_for_can.connectivity.AbstractGatewayService: Adding job[6] to queue...
2022-01-29 22:03:59.487 21553-21553/com.example.ids_for_can D/com.example.ids_for_can.connectivity.AbstractGatewayService: Job queued successfully.
2022-01-29 22:03:59.487 21553-21553/com.example.ids_for_can D/com.example.ids_for_can.connectivity.AbstractGatewayService: Adding job[7] to queue...
2022-01-29 22:03:59.488 21553-21553/com.example.ids_for_can D/com.example.ids_for_can.connectivity.AbstractGatewayService: Job queued successfully.
2022-01-29 22:03:59.660 21553-21687/com.example.ids_for_can D/ContentValues: readRawData -- ATMAString
2022-01-29 22:03:59.660 21553-21687/com.example.ids_for_can D/ContentValues: ELM327 v1.5
2022-01-29 22:03:59.660 21553-21687/com.example.ids_for_can D/ContentValues: readRawData -- rawData -- SEARCHING_PATTERN
2022-01-29 22:03:59.660 21553-21687/com.example.ids_for_can D/ContentValues: ELM327 v1.5
2022-01-29 22:03:59.660 21553-21687/com.example.ids_for_can D/ContentValues: readRawData -- rawData -- WHITESPACE PATTERN
2022-01-29 22:03:59.660 21553-21687/com.example.ids_for_can D/ContentValues: ELM327v1.5
2022-01-29 22:03:59.661 21553-21687/com.example.ids_for_can D/ContentValues: ATMAArray
2022-01-29 22:03:59.661 21553-21687/com.example.ids_for_can D/ContentValues: ELM327 v1.5
2022-01-29 22:03:59.661 21553-21687/com.example.ids_for_can D/ContentValues: ATMAMap
2022-01-29 22:03:59.661 21553-21687/com.example.ids_for_can D/ContentValues: {ELM327=[v1.5], AT=[E0OK]}
2022-01-29 22:03:59.661 21553-21687/com.example.ids_for_can D/com.example.ids_for_can.connectivity.ObdGatewayService: Taking job[2] from queue...
2022-01-29 22:03:59.661 21553-21687/com.example.ids_for_can D/com.example.ids_for_can.connectivity.ObdGatewayService: Job state is NEW. Run it...
2022-01-29 22:03:59.668 21553-21553/com.example.ids_for_can D/com.example.ids_for_can.MainActivity: cmdID: WarmStart OBD, cmdResult: ELM327v1.5
2022-01-29 22:03:59.669 21553-21553/com.example.ids_for_can D/com.example.ids_for_can.MainActivity: cmdID: WarmStart OBD, rawCmdResult: ELM327v1.5
2022-01-29 22:04:00.234 21553-21687/com.example.ids_for_can D/ContentValues: readRawData -- ATMAString
2022-01-29 22:04:00.234 21553-21687/com.example.ids_for_can D/ContentValues: AT L1OK
2022-01-29 22:04:00.234 21553-21687/com.example.ids_for_can D/ContentValues: readRawData -- rawData -- SEARCHING_PATTERN
2022-01-29 22:04:00.234 21553-21687/com.example.ids_for_can D/ContentValues: AT L1OK
2022-01-29 22:04:00.235 21553-21687/com.example.ids_for_can D/ContentValues: readRawData -- rawData -- WHITESPACE PATTERN
2022-01-29 22:04:00.235 21553-21687/com.example.ids_for_can D/ContentValues: ATL1OK
2022-01-29 22:04:00.235 21553-21687/com.example.ids_for_can D/ContentValues: ATMAArray
2022-01-29 22:04:00.236 21553-21687/com.example.ids_for_can D/ContentValues: AT L1OK
2022-01-29 22:04:00.236 21553-21687/com.example.ids_for_can D/ContentValues: ATMAMap
2022-01-29 22:04:00.236 21553-21687/com.example.ids_for_can D/ContentValues: {ELM327=[v1.5], AT=[L1OK, E0OK]}
2022-01-29 22:04:00.236 21553-21687/com.example.ids_for_can D/com.example.ids_for_can.connectivity.ObdGatewayService: Taking job[3] from queue...
2022-01-29 22:04:00.236 21553-21687/com.example.ids_for_can D/com.example.ids_for_can.connectivity.ObdGatewayService: Job state is NEW. Run it...
2022-01-29 22:04:00.245 21553-21553/com.example.ids_for_can D/com.example.ids_for_can.MainActivity: cmdID: Line Feed On, cmdResult: ATL1OK
2022-01-29 22:04:00.245 21553-21553/com.example.ids_for_can D/com.example.ids_for_can.MainActivity: cmdID: Line Feed On, rawCmdResult: ATL1OK
2022-01-29 22:04:00.377 21553-21687/com.example.ids_for_can D/ContentValues: readRawData -- ATMAString
2022-01-29 22:04:00.377 21553-21687/com.example.ids_for_can D/ContentValues: AT E0
    OK
2022-01-29 22:04:00.377 21553-21687/com.example.ids_for_can D/ContentValues: readRawData -- rawData -- SEARCHING_PATTERN
2022-01-29 22:04:00.377 21553-21687/com.example.ids_for_can D/ContentValues: AT E0
    OK
2022-01-29 22:04:00.378 21553-21687/com.example.ids_for_can D/ContentValues: readRawData -- rawData -- WHITESPACE PATTERN
2022-01-29 22:04:00.378 21553-21687/com.example.ids_for_can D/ContentValues: ATE0OK
2022-01-29 22:04:00.378 21553-21687/com.example.ids_for_can D/ContentValues: ATMAArray
2022-01-29 22:04:00.378 21553-21687/com.example.ids_for_can D/ContentValues: AT E0
2022-01-29 22:04:00.378 21553-21687/com.example.ids_for_can D/ContentValues: OK
2022-01-29 22:04:00.379 21553-21687/com.example.ids_for_can E/com.example.ids_for_can.connectivity.ObdGatewayService: java.lang.ArrayIndexOutOfBoundsException: length=1; index=1
2022-01-29 22:04:00.379 21553-21687/com.example.ids_for_can E/com.example.ids_for_can.connectivity.ObdGatewayService: Failed to run command. -> length=1; index=1
2022-01-29 22:04:00.379 21553-21687/com.example.ids_for_can D/com.example.ids_for_can.connectivity.ObdGatewayService: Taking job[4] from queue...
2022-01-29 22:04:00.379 21553-21687/com.example.ids_for_can D/com.example.ids_for_can.connectivity.ObdGatewayService: Job state is NEW. Run it...
2022-01-29 22:04:00.381 21553-21553/com.example.ids_for_can D/com.example.ids_for_can.MainActivity: cmdID: Echo Off, cmdResult: ATE0OK
2022-01-29 22:04:00.382 21553-21553/com.example.ids_for_can D/com.example.ids_for_can.MainActivity: cmdID: Echo Off, rawCmdResult: 
2022-01-29 22:04:00.710 21553-21687/com.example.ids_for_can D/ContentValues: readRawData -- ATMAString
2022-01-29 22:04:00.710 21553-21687/com.example.ids_for_can D/ContentValues: OK
2022-01-29 22:04:00.710 21553-21687/com.example.ids_for_can D/ContentValues: readRawData -- rawData -- SEARCHING_PATTERN
2022-01-29 22:04:00.710 21553-21687/com.example.ids_for_can D/ContentValues: OK
2022-01-29 22:04:00.711 21553-21687/com.example.ids_for_can D/ContentValues: readRawData -- rawData -- WHITESPACE PATTERN
2022-01-29 22:04:00.711 21553-21687/com.example.ids_for_can D/ContentValues: OK
2022-01-29 22:04:00.711 21553-21687/com.example.ids_for_can D/ContentValues: ATMAArray
2022-01-29 22:04:00.711 21553-21687/com.example.ids_for_can D/ContentValues: OK
2022-01-29 22:04:00.712 21553-21687/com.example.ids_for_can E/com.example.ids_for_can.connectivity.ObdGatewayService: java.lang.ArrayIndexOutOfBoundsException: length=1; index=1
2022-01-29 22:04:00.712 21553-21687/com.example.ids_for_can E/com.example.ids_for_can.connectivity.ObdGatewayService: Failed to run command. -> length=1; index=1
2022-01-29 22:04:00.712 21553-21687/com.example.ids_for_can D/com.example.ids_for_can.connectivity.ObdGatewayService: Taking job[5] from queue...
2022-01-29 22:04:00.712 21553-21687/com.example.ids_for_can D/com.example.ids_for_can.connectivity.ObdGatewayService: Job state is NEW. Run it...
2022-01-29 22:04:00.721 21553-21553/com.example.ids_for_can D/com.example.ids_for_can.MainActivity: cmdID: Spaces On, cmdResult: OK
2022-01-29 22:04:00.721 21553-21553/com.example.ids_for_can D/com.example.ids_for_can.MainActivity: cmdID: Spaces On, rawCmdResult: 
2022-01-29 22:04:00.916 21553-21687/com.example.ids_for_can D/ContentValues: readRawData -- ATMAString
2022-01-29 22:04:00.916 21553-21687/com.example.ids_for_can D/ContentValues: OK
2022-01-29 22:04:00.916 21553-21687/com.example.ids_for_can D/ContentValues: readRawData -- rawData -- SEARCHING_PATTERN
2022-01-29 22:04:00.916 21553-21687/com.example.ids_for_can D/ContentValues: OK
2022-01-29 22:04:00.916 21553-21687/com.example.ids_for_can D/ContentValues: readRawData -- rawData -- WHITESPACE PATTERN
2022-01-29 22:04:00.917 21553-21687/com.example.ids_for_can D/ContentValues: OK
2022-01-29 22:04:00.917 21553-21687/com.example.ids_for_can D/ContentValues: ATMAArray
2022-01-29 22:04:00.917 21553-21687/com.example.ids_for_can D/ContentValues: OK
2022-01-29 22:04:00.917 21553-21687/com.example.ids_for_can E/com.example.ids_for_can.connectivity.ObdGatewayService: java.lang.ArrayIndexOutOfBoundsException: length=1; index=1
2022-01-29 22:04:00.917 21553-21687/com.example.ids_for_can E/com.example.ids_for_can.connectivity.ObdGatewayService: Failed to run command. -> length=1; index=1
2022-01-29 22:04:00.918 21553-21687/com.example.ids_for_can D/com.example.ids_for_can.connectivity.ObdGatewayService: Taking job[6] from queue...
2022-01-29 22:04:00.918 21553-21687/com.example.ids_for_can D/com.example.ids_for_can.connectivity.ObdGatewayService: Job state is NEW. Run it...
2022-01-29 22:04:00.925 21553-21553/com.example.ids_for_can D/com.example.ids_for_can.MainActivity: cmdID: Headers Enabled, cmdResult: OK
2022-01-29 22:04:00.925 21553-21553/com.example.ids_for_can D/com.example.ids_for_can.MainActivity: cmdID: Headers Enabled, rawCmdResult: 
2022-01-29 22:04:01.217 21553-21687/com.example.ids_for_can D/ContentValues: readRawData -- ATMAString
2022-01-29 22:04:01.217 21553-21687/com.example.ids_for_can D/ContentValues: OK
2022-01-29 22:04:01.217 21553-21687/com.example.ids_for_can D/ContentValues: readRawData -- rawData -- SEARCHING_PATTERN
2022-01-29 22:04:01.218 21553-21687/com.example.ids_for_can D/ContentValues: OK
2022-01-29 22:04:01.218 21553-21687/com.example.ids_for_can D/ContentValues: readRawData -- rawData -- WHITESPACE PATTERN
2022-01-29 22:04:01.218 21553-21687/com.example.ids_for_can D/ContentValues: OK
2022-01-29 22:04:01.219 21553-21687/com.example.ids_for_can D/ContentValues: ATMAArray
2022-01-29 22:04:01.219 21553-21687/com.example.ids_for_can D/ContentValues: OK
2022-01-29 22:04:01.219 21553-21687/com.example.ids_for_can E/com.example.ids_for_can.connectivity.ObdGatewayService: java.lang.ArrayIndexOutOfBoundsException: length=1; index=1
2022-01-29 22:04:01.219 21553-21687/com.example.ids_for_can E/com.example.ids_for_can.connectivity.ObdGatewayService: Failed to run command. -> length=1; index=1
2022-01-29 22:04:01.220 21553-21687/com.example.ids_for_can D/com.example.ids_for_can.connectivity.ObdGatewayService: Taking job[7] from queue...
2022-01-29 22:04:01.220 21553-21687/com.example.ids_for_can D/com.example.ids_for_can.connectivity.ObdGatewayService: Job state is NEW. Run it...
2022-01-29 22:04:01.228 21553-21553/com.example.ids_for_can D/com.example.ids_for_can.MainActivity: cmdID: Select Protocol ISO_15765_4_CAN, cmdResult: OK
2022-01-29 22:04:01.228 21553-21553/com.example.ids_for_can D/com.example.ids_for_can.MainActivity: cmdID: Select Protocol ISO_15765_4_CAN, rawCmdResult: 
2022-01-29 22:04:01.578 21553-21687/com.example.ids_for_can D/ContentValues: readRawData -- ATMAString
2022-01-29 22:04:01.578 21553-21687/com.example.ids_for_can D/ContentValues: 0C1 30 00 00 
    0C5 30 00 00 
    1E5 46 00 80 80 00 FF 80 00 <DATA ERROR
    1EB 00 3A 
    3ED 80 00 00 00 00 FF 00 00 <DATA ERROR
    0C7 03 FE 00 00 
    0F9 00 00 40 00 00 00 00 FF 
    189 0F FF 0F FF 30 01 00 FF <DATA ERROR
    199 0F FF 0E 70 F1 90 00 FF <DATA ERROR
    0F1 34 06 00 
    0C9 00 00 00 0D
    BUFFER FULL
2022-01-29 22:04:01.579 21553-21687/com.example.ids_for_can D/ContentValues: readRawData -- rawData -- SEARCHING_PATTERN
2022-01-29 22:04:01.579 21553-21687/com.example.ids_for_can D/ContentValues: 0C1 30 00 00 
    0C5 30 00 00 
    1E5 46 00 80 80 00 FF 80 00 <DATA ERROR
    1EB 00 3A 
    3ED 80 00 00 00 00 FF 00 00 <DATA ERROR
    0C7 03 FE 00 00 
    0F9 00 00 40 00 00 00 00 FF 
    189 0F FF 0F FF 30 01 00 FF <DATA ERROR
    199 0F FF 0E 70 F1 90 00 FF <DATA ERROR
    0F1 34 06 00 
    0C9 00 00 00 0D
    BUFFER FULL
2022-01-29 22:04:01.581 21553-21687/com.example.ids_for_can D/ContentValues: readRawData -- rawData -- WHITESPACE PATTERN
2022-01-29 22:04:01.582 21553-21687/com.example.ids_for_can D/ContentValues: 0C13000000C53000001E54600808000FF8000<DATAERROR1EB003A3ED8000000000FF0000<DATAERROR0C703FE00000F900004000000000FF1890FFF0FFF300100FF<DATAERROR1990FFF0E70F19000FF<DATAERROR0F13406000C90000000DBUFFERFULL
2022-01-29 22:04:01.582 21553-21687/com.example.ids_for_can D/ContentValues: ATMAArray
2022-01-29 22:04:01.582 21553-21687/com.example.ids_for_can D/ContentValues: 0C1 30 00 00 
2022-01-29 22:04:01.582 21553-21687/com.example.ids_for_can D/ContentValues: 0C5 30 00 00 
2022-01-29 22:04:01.583 21553-21687/com.example.ids_for_can D/ContentValues: 1E5 46 00 80 80 00 FF 80 00 <DATA ERROR
2022-01-29 22:04:01.583 21553-21687/com.example.ids_for_can D/ContentValues: 1EB 00 3A 
2022-01-29 22:04:01.583 21553-21687/com.example.ids_for_can D/ContentValues: 3ED 80 00 00 00 00 FF 00 00 <DATA ERROR
2022-01-29 22:04:01.583 21553-21687/com.example.ids_for_can D/ContentValues: 0C7 03 FE 00 00 
2022-01-29 22:04:01.583 21553-21687/com.example.ids_for_can D/ContentValues: 0F9 00 00 40 00 00 00 00 FF 
2022-01-29 22:04:01.583 21553-21687/com.example.ids_for_can D/ContentValues: 189 0F FF 0F FF 30 01 00 FF <DATA ERROR
2022-01-29 22:04:01.583 21553-21687/com.example.ids_for_can D/ContentValues: 199 0F FF 0E 70 F1 90 00 FF <DATA ERROR
2022-01-29 22:04:01.584 21553-21687/com.example.ids_for_can D/ContentValues: 0F1 34 06 00 
2022-01-29 22:04:01.584 21553-21687/com.example.ids_for_can D/ContentValues: 0C9 00 00 00 0D
2022-01-29 22:04:01.584 21553-21687/com.example.ids_for_can D/ContentValues: BUFFER FULL
2022-01-29 22:04:01.584 21553-21687/com.example.ids_for_can D/ContentValues: ATMAMap
2022-01-29 22:04:01.584 21553-21687/com.example.ids_for_can D/ContentValues: {1E5=[46 00 80 80 00 FF 80 00 <DATA ERROR], 0C5=[30 00 00], ELM327=[v1.5], 0F9=[00 00 40 00 00 00 00 FF], 0C7=[03 FE 00 00], 0C9=[00 00 00 0D], 1EB=[00 3A], 199=[0F FF 0E 70 F1 90 00 FF <DATA ERROR], 3ED=[80 00 00 00 00 FF 00 00 <DATA ERROR], 189=[0F FF 0F FF 30 01 00 FF <DATA ERROR], AT=[L1OK, E0, E0OK], 0F1=[34 06 00], 0C1=[30 00 00]}
2022-01-29 22:04:01.585 21553-21553/com.example.ids_for_can D/ContentValues: rawData: 0C13000000C53000001E54600808000FF8000<DATAERROR1EB003A3ED8000000000FF0000<DATAERROR0C703FE00000F900004000000000FF1890FFF0FFF300100FF<DATAERROR1990FFF0E70F19000FF<DATAERROR0F13406000C90000000DBUFFERFULL
2022-01-29 22:04:01.586 21553-21553/com.example.ids_for_can D/ContentValues: buffer: []
2022-01-29 22:04:01.592 21553-21553/com.example.ids_for_can D/com.example.ids_for_can.MainActivity: cmdID: MONITOR_ALL, cmdResult: 0C13000000C53000001E54600808000FF8000<DATAERROR1EB003A3ED8000000000FF0000<DATAERROR0C703FE00000F900004000000000FF1890FFF0FFF300100FF<DATAERROR1990FFF0E70F19000FF<DATAERROR0F13406000C90000000DBUFFERFULL
2022-01-29 22:04:01.592 21553-21553/com.example.ids_for_can D/com.example.ids_for_can.MainActivity: cmdID: MONITOR_ALL, rawCmdResult: 0C13000000C53000001E54600808000FF8000<DATAERROR1EB003A3ED8000000000FF0000<DATAERROR0C703FE00000F900004000000000FF1890FFF0FFF300100FF<DATAERROR1990FFF0E70F19000FF<DATAERROR0F13406000C90000000DBUFFERFULL
2022-01-29 22:04:03.491 21553-21553/com.example.ids_for_can D/com.example.ids_for_can.connectivity.AbstractGatewayService: Adding job[8] to queue...
2022-01-29 22:04:03.491 21553-21553/com.example.ids_for_can D/com.example.ids_for_can.connectivity.AbstractGatewayService: Job queued successfully.
2022-01-29 22:04:03.492 21553-21687/com.example.ids_for_can D/com.example.ids_for_can.connectivity.ObdGatewayService: Taking job[8] from queue...
2022-01-29 22:04:03.493 21553-21687/com.example.ids_for_can D/com.example.ids_for_can.connectivity.ObdGatewayService: Job state is NEW. Run it...
2022-01-29 22:04:03.899 21553-21687/com.example.ids_for_can D/ContentValues: readRawData -- ATMAString
2022-01-29 22:04:03.899 21553-21687/com.example.ids_for_can D/ContentValues: 1EB 00 3A 
    0C7 03 FE 00 00 
    0F9 00 00 40 00 00 00 00 FF 
    189 8F FF 0F FF 2F FF 00 FF <DATA ERROR
    199 8F FF 0E 70 F1 8E 00 FF <DATA ERROR
    0C1 30 00 00 
    0C5 30 00 00 
    1E5 46 00 80 80 00 FF 80 00 <DATA ERROR
    0C9 00 00 00 0A 00 00 00 00 
    191 06 2A 09 0C 09 0C 00 
    1
    BUFFER FULL
2022-01-29 22:04:03.899 21553-21687/com.example.ids_for_can D/ContentValues: readRawData -- rawData -- SEARCHING_PATTERN
2022-01-29 22:04:03.899 21553-21687/com.example.ids_for_can D/ContentValues: 1EB 00 3A 
    0C7 03 FE 00 00 
    0F9 00 00 40 00 00 00 00 FF 
    189 8F FF 0F FF 2F FF 00 FF <DATA ERROR
    199 8F FF 0E 70 F1 8E 00 FF <DATA ERROR
    0C1 30 00 00 
    0C5 30 00 00 
    1E5 46 00 80 80 00 FF 80 00 <DATA ERROR
    0C9 00 00 00 0A 00 00 00 00 
    191 06 2A 09 0C 09 0C 00 
    1
    BUFFER FULL
2022-01-29 22:04:03.902 21553-21687/com.example.ids_for_can D/ContentValues: readRawData -- rawData -- WHITESPACE PATTERN
2022-01-29 22:04:03.902 21553-21687/com.example.ids_for_can D/ContentValues: 1EB003A0C703FE00000F900004000000000FF1898FFF0FFF2FFF00FF<DATAERROR1998FFF0E70F18E00FF<DATAERROR0C13000000C53000001E54600808000FF8000<DATAERROR0C90000000A00000000191062A090C090C001BUFFERFULL
2022-01-29 22:04:03.903 21553-21687/com.example.ids_for_can D/ContentValues: ATMAArray
2022-01-29 22:04:03.903 21553-21687/com.example.ids_for_can D/ContentValues: 1EB 00 3A 
2022-01-29 22:04:03.904 21553-21687/com.example.ids_for_can D/ContentValues: 0C7 03 FE 00 00 
2022-01-29 22:04:03.904 21553-21687/com.example.ids_for_can D/ContentValues: 0F9 00 00 40 00 00 00 00 FF 
2022-01-29 22:04:03.904 21553-21687/com.example.ids_for_can D/ContentValues: 189 8F FF 0F FF 2F FF 00 FF <DATA ERROR
2022-01-29 22:04:03.904 21553-21687/com.example.ids_for_can D/ContentValues: 199 8F FF 0E 70 F1 8E 00 FF <DATA ERROR
2022-01-29 22:04:03.904 21553-21687/com.example.ids_for_can D/ContentValues: 0C1 30 00 00 
2022-01-29 22:04:03.904 21553-21687/com.example.ids_for_can D/ContentValues: 0C5 30 00 00 
2022-01-29 22:04:03.904 21553-21687/com.example.ids_for_can D/ContentValues: 1E5 46 00 80 80 00 FF 80 00 <DATA ERROR
2022-01-29 22:04:03.904 21553-21687/com.example.ids_for_can D/ContentValues: 0C9 00 00 00 0A 00 00 00 00 
2022-01-29 22:04:03.904 21553-21687/com.example.ids_for_can D/ContentValues: 191 06 2A 09 0C 09 0C 00 
2022-01-29 22:04:03.905 21553-21687/com.example.ids_for_can D/ContentValues: 1
2022-01-29 22:04:03.905 21553-21687/com.example.ids_for_can E/com.example.ids_for_can.connectivity.ObdGatewayService: java.lang.ArrayIndexOutOfBoundsException: length=1; index=1
2022-01-29 22:04:03.905 21553-21687/com.example.ids_for_can E/com.example.ids_for_can.connectivity.ObdGatewayService: Failed to run command. -> length=1; index=1
2022-01-29 22:04:03.909 21553-21553/com.example.ids_for_can D/com.example.ids_for_can.MainActivity: cmdID: MONITOR_ALL, cmdResult: 1EB003A0C703FE00000F900004000000000FF1898FFF0FFF2FFF00FF<DATAERROR1998FFF0E70F18E00FF<DATAERROR0C13000000C53000001E54600808000FF8000<DATAERROR0C90000000A00000000191062A090C090C001BUFFERFULL
2022-01-29 22:04:03.909 21553-21553/com.example.ids_for_can D/com.example.ids_for_can.MainActivity: cmdID: MONITOR_ALL, rawCmdResult: 
2022-01-29 22:04:07.497 21553-21553/com.example.ids_for_can D/com.example.ids_for_can.connectivity.AbstractGatewayService: Adding job[9] to queue...
2022-01-29 22:04:07.497 21553-21553/com.example.ids_for_can D/com.example.ids_for_can.connectivity.AbstractGatewayService: Job queued successfully.
2022-01-29 22:04:07.498 21553-21687/com.example.ids_for_can D/com.example.ids_for_can.connectivity.ObdGatewayService: Taking job[9] from queue...
2022-01-29 22:04:07.498 21553-21687/com.example.ids_for_can D/com.example.ids_for_can.connectivity.ObdGatewayService: Job state is NEW. Run it...
2022-01-29 22:04:08.023 21553-21687/com.example.ids_for_can D/ContentValues: readRawData -- ATMAString
2022-01-29 22:04:08.023 21553-21687/com.example.ids_for_can D/ContentValues: 0C1 30 00 00 
    0C5 30 00 00 
    199 8F FF 0E 70 F1 8E 00 FF <DATA ERROR
    1E5 46 00 80 80 00 FF 80 00 <DATA ERROR
    334 00 00 
    19D 40 00 3F FF 00 00 00 FF <DATA ERROR
    1AF 00 00 00 
    1F5 0F 0F 00 21 00 00 03 00 <DATA ERROR
    0F1 34 06 00 
    0C9 00 00 00 0A 00 00 00 00 
    191 06 2A 09 0C 09 0
    BUFFER FULL
2022-01-29 22:04:08.023 21553-21687/com.example.ids_for_can D/ContentValues: readRawData -- rawData -- SEARCHING_PATTERN
2022-01-29 22:04:08.023 21553-21687/com.example.ids_for_can D/ContentValues: 0C1 30 00 00 
    0C5 30 00 00 
    199 8F FF 0E 70 F1 8E 00 FF <DATA ERROR
    1E5 46 00 80 80 00 FF 80 00 <DATA ERROR
    334 00 00 
    19D 40 00 3F FF 00 00 00 FF <DATA ERROR
    1AF 00 00 00 
    1F5 0F 0F 00 21 00 00 03 00 <DATA ERROR
    0F1 34 06 00 
    0C9 00 00 00 0A 00 00 00 00 
    191 06 2A 09 0C 09 0
    BUFFER FULL
2022-01-29 22:04:08.026 21553-21687/com.example.ids_for_can D/ContentValues: readRawData -- rawData -- WHITESPACE PATTERN
2022-01-29 22:04:08.026 21553-21687/com.example.ids_for_can D/ContentValues: 0C13000000C53000001998FFF0E70F18E00FF<DATAERROR1E54600808000FF8000<DATAERROR334000019D40003FFF000000FF<DATAERROR1AF0000001F50F0F002100000300<DATAERROR0F13406000C90000000A00000000191062A090C090BUFFERFULL
2022-01-29 22:04:08.027 21553-21687/com.example.ids_for_can D/ContentValues: ATMAArray
2022-01-29 22:04:08.027 21553-21687/com.example.ids_for_can D/ContentValues: 0C1 30 00 00 
2022-01-29 22:04:08.027 21553-21687/com.example.ids_for_can D/ContentValues: 0C5 30 00 00 
2022-01-29 22:04:08.027 21553-21687/com.example.ids_for_can D/ContentValues: 199 8F FF 0E 70 F1 8E 00 FF <DATA ERROR
2022-01-29 22:04:08.028 21553-21687/com.example.ids_for_can D/ContentValues: 1E5 46 00 80 80 00 FF 80 00 <DATA ERROR
2022-01-29 22:04:08.028 21553-21687/com.example.ids_for_can D/ContentValues: 334 00 00 
2022-01-29 22:04:08.028 21553-21687/com.example.ids_for_can D/ContentValues: 19D 40 00 3F FF 00 00 00 FF <DATA ERROR
2022-01-29 22:04:08.028 21553-21687/com.example.ids_for_can D/ContentValues: 1AF 00 00 00 
2022-01-29 22:04:08.028 21553-21687/com.example.ids_for_can D/ContentValues: 1F5 0F 0F 00 21 00 00 03 00 <DATA ERROR
2022-01-29 22:04:08.028 21553-21687/com.example.ids_for_can D/ContentValues: 0F1 34 06 00 
2022-01-29 22:04:08.028 21553-21687/com.example.ids_for_can D/ContentValues: 0C9 00 00 00 0A 00 00 00 00 
2022-01-29 22:04:08.028 21553-21687/com.example.ids_for_can D/ContentValues: 191 06 2A 09 0C 09 0
2022-01-29 22:04:08.028 21553-21687/com.example.ids_for_can D/ContentValues: BUFFER FULL
2022-01-29 22:04:08.028 21553-21687/com.example.ids_for_can D/ContentValues: ATMAMap
2022-01-29 22:04:08.029 21553-21687/com.example.ids_for_can D/ContentValues: {1F5=[0F 0F 00 21 00 00 03 00 <DATA ERROR], 1E5=[46 00 80 80 00 FF 80 00 <DATA ERROR], 0C5=[30 00 00], ELM327=[v1.5], 0F9=[00 00 40 00 00 00 00 FF], 0C7=[03 FE 00 00], 0C9=[00 00 00 0A 00 00 00 00, 00 00 00 0D], 191=[06 2A 09 0C 09 0C 00, 06 2A 09 0C 09 0], 1EB=[00 3A], 199=[0F FF 0E 70 F1 90 00 FF <DATA ERROR, 8F FF 0E 70 F1 8E 00 FF <DATA ERROR], 3ED=[80 00 00 00 00 FF 00 00 <DATA ERROR], 189=[0F FF 0F FF 30 01 00 FF <DATA ERROR, 8F FF 0F FF 2F FF 00 FF <DATA ERROR], AT=[L1OK, E0, E0OK], 334=[00 00], 1AF=[00 00 00], 0F1=[34 06 00], 19D=[40 00 3F FF 00 00 00 FF <DATA ERROR], 0C1=[30 00 00]}
2022-01-29 22:04:08.030 21553-21553/com.example.ids_for_can D/ContentValues: rawData: 0C13000000C53000001998FFF0E70F18E00FF<DATAERROR1E54600808000FF8000<DATAERROR334000019D40003FFF000000FF<DATAERROR1AF0000001F50F0F002100000300<DATAERROR0F13406000C90000000A00000000191062A090C090BUFFERFULL
2022-01-29 22:04:08.031 21553-21553/com.example.ids_for_can D/ContentValues: buffer: []
2022-01-29 22:04:08.047 21553-21553/com.example.ids_for_can D/com.example.ids_for_can.MainActivity: cmdID: MONITOR_ALL, cmdResult: 0C13000000C53000001998FFF0E70F18E00FF<DATAERROR1E54600808000FF8000<DATAERROR334000019D40003FFF000000FF<DATAERROR1AF0000001F50F0F002100000300<DATAERROR0F13406000C90000000A00000000191062A090C090BUFFERFULL
2022-01-29 22:04:08.048 21553-21553/com.example.ids_for_can D/com.example.ids_for_can.MainActivity: cmdID: MONITOR_ALL, rawCmdResult: 0C13000000C53000001998FFF0E70F18E00FF<DATAERROR1E54600808000FF8000<DATAERROR334000019D40003FFF000000FF<DATAERROR1AF0000001F50F0F002100000300<DATAERROR0F13406000C90000000A00000000191062A090C090BUFFERFULL
2022-01-29 22:04:11.502 21553-21553/com.example.ids_for_can D/com.example.ids_for_can.connectivity.AbstractGatewayService: Adding job[10] to queue...
2022-01-29 22:04:11.502 21553-21553/com.example.ids_for_can D/com.example.ids_for_can.connectivity.AbstractGatewayService: Job queued successfully.
2022-01-29 22:04:11.503 21553-21687/com.example.ids_for_can D/com.example.ids_for_can.connectivity.ObdGatewayService: Taking job[10] from queue...
2022-01-29 22:04:11.503 21553-21687/com.example.ids_for_can D/com.example.ids_for_can.connectivity.ObdGatewayService: Job state is NEW. Run it...
2022-01-29 22:04:12.011 21553-21687/com.example.ids_for_can D/ContentValues: readRawData -- ATMAString
2022-01-29 22:04:12.011 21553-21687/com.example.ids_for_can D/ContentValues: 1E1 00 FF 15 00 20 
    0C7 03 FE 00 00 
    0F9 00 00 40 00 00 00 00 FF 
    189 8F FF 0F FF 2F FF 00 FF <DATA ERROR
    0C1 00 00 00 00 00 00 00 00 
    0C5 00 00 00 00 00 00 00 00 
    184 00 02 00 00 01 FE 
    199 8F FF 0E 70 F1 8E 00 FF <DATA ERROR
    1C7 0F FF AF FF 03 FF 3F <DATA 
    BUFFER FULL
2022-01-29 22:04:12.011 21553-21687/com.example.ids_for_can D/ContentValues: readRawData -- rawData -- SEARCHING_PATTERN
2022-01-29 22:04:12.012 21553-21687/com.example.ids_for_can D/ContentValues: 1E1 00 FF 15 00 20 
    0C7 03 FE 00 00 
    0F9 00 00 40 00 00 00 00 FF 
    189 8F FF 0F FF 2F FF 00 FF <DATA ERROR
    0C1 00 00 00 00 00 00 00 00 
    0C5 00 00 00 00 00 00 00 00 
    184 00 02 00 00 01 FE 
    199 8F FF 0E 70 F1 8E 00 FF <DATA ERROR
    1C7 0F FF AF FF 03 FF 3F <DATA 
    BUFFER FULL
2022-01-29 22:04:12.014 21553-21687/com.example.ids_for_can D/ContentValues: readRawData -- rawData -- WHITESPACE PATTERN
2022-01-29 22:04:12.014 21553-21687/com.example.ids_for_can D/ContentValues: 1E100FF1500200C703FE00000F900004000000000FF1898FFF0FFF2FFF00FF<DATAERROR0C100000000000000000C500000000000000001840002000001FE1998FFF0E70F18E00FF<DATAERROR1C70FFFAFFF03FF3F<DATABUFFERFULL
2022-01-29 22:04:12.015 21553-21687/com.example.ids_for_can D/ContentValues: ATMAArray
2022-01-29 22:04:12.015 21553-21687/com.example.ids_for_can D/ContentValues: 1E1 00 FF 15 00 20 
2022-01-29 22:04:12.015 21553-21687/com.example.ids_for_can D/ContentValues: 0C7 03 FE 00 00 
2022-01-29 22:04:12.015 21553-21687/com.example.ids_for_can D/ContentValues: 0F9 00 00 40 00 00 00 00 FF 
2022-01-29 22:04:12.015 21553-21687/com.example.ids_for_can D/ContentValues: 189 8F FF 0F FF 2F FF 00 FF <DATA ERROR
2022-01-29 22:04:12.016 21553-21687/com.example.ids_for_can D/ContentValues: 0C1 00 00 00 00 00 00 00 00 
2022-01-29 22:04:12.016 21553-21687/com.example.ids_for_can D/ContentValues: 0C5 00 00 00 00 00 00 00 00 
2022-01-29 22:04:12.016 21553-21687/com.example.ids_for_can D/ContentValues: 184 00 02 00 00 01 FE 
2022-01-29 22:04:12.016 21553-21687/com.example.ids_for_can D/ContentValues: 199 8F FF 0E 70 F1 8E 00 FF <DATA ERROR
2022-01-29 22:04:12.016 21553-21687/com.example.ids_for_can D/ContentValues: 1C7 0F FF AF FF 03 FF 3F <DATA 
2022-01-29 22:04:12.016 21553-21687/com.example.ids_for_can D/ContentValues: BUFFER FULL
2022-01-29 22:04:12.016 21553-21687/com.example.ids_for_can D/ContentValues: ATMAMap
2022-01-29 22:04:12.017 21553-21687/com.example.ids_for_can D/ContentValues: {1F5=[0F 0F 00 21 00 00 03 00 <DATA ERROR], 1E5=[46 00 80 80 00 FF 80 00 <DATA ERROR], 0C5=[30 00 00, 00 00 00 00 00 00 00 00], ELM327=[v1.5], 0F9=[00 00 40 00 00 00 00 FF], 0C7=[03 FE 00 00], 1C7=[0F FF AF FF 03 FF 3F <DATA], 0C9=[00 00 00 0A 00 00 00 00, 00 00 00 0D], 191=[06 2A 09 0C 09 0C 00, 06 2A 09 0C 09 0], 184=[00 02 00 00 01 FE], 1EB=[00 3A], 199=[0F FF 0E 70 F1 90 00 FF <DATA ERROR, 8F FF 0E 70 F1 8E 00 FF <DATA ERROR], 3ED=[80 00 00 00 00 FF 00 00 <DATA ERROR], 189=[0F FF 0F FF 30 01 00 FF <DATA ERROR, 8F FF 0F FF 2F FF 00 FF <DATA ERROR], AT=[L1OK, E0, E0OK], 334=[00 00], 1AF=[00 00 00], 0F1=[34 06 00], 19D=[40 00 3F FF 00 00 00 FF <DATA ERROR], 1E1=[00 FF 15 00 20], 0C1=[30 00 00, 00 00 00 00 00 00 00 00]}
2022-01-29 22:04:12.018 21553-21553/com.example.ids_for_can D/ContentValues: rawData: 1E100FF1500200C703FE00000F900004000000000FF1898FFF0FFF2FFF00FF<DATAERROR0C100000000000000000C500000000000000001840002000001FE1998FFF0E70F18E00FF<DATAERROR1C70FFFAFFF03FF3F<DATABUFFERFULL
2022-01-29 22:04:12.018 21553-21553/com.example.ids_for_can D/ContentValues: buffer: []
2022-01-29 22:04:12.022 21553-21553/com.example.ids_for_can D/com.example.ids_for_can.MainActivity: cmdID: MONITOR_ALL, cmdResult: 1E100FF1500200C703FE00000F900004000000000FF1898FFF0FFF2FFF00FF<DATAERROR0C100000000000000000C500000000000000001840002000001FE1998FFF0E70F18E00FF<DATAERROR1C70FFFAFFF03FF3F<DATABUFFERFULL
2022-01-29 22:04:12.022 21553-21553/com.example.ids_for_can D/com.example.ids_for_can.MainActivity: cmdID: MONITOR_ALL, rawCmdResult: 1E100FF1500200C703FE00000F900004000000000FF1898FFF0FFF2FFF00FF<DATAERROR0C100000000000000000C500000000000000001840002000001FE1998FFF0E70F18E00FF<DATAERROR1C70FFFAFFF03FF3F<DATABUFFERFULL
2022-01-29 22:04:15.508 21553-21553/com.example.ids_for_can D/com.example.ids_for_can.connectivity.AbstractGatewayService: Adding job[11] to queue...
2022-01-29 22:04:15.509 21553-21553/com.example.ids_for_can D/com.example.ids_for_can.connectivity.AbstractGatewayService: Job queued successfully.
2022-01-29 22:04:15.509 21553-21687/com.example.ids_for_can D/com.example.ids_for_can.connectivity.ObdGatewayService: Taking job[11] from queue...
2022-01-29 22:04:15.509 21553-21687/com.example.ids_for_can D/com.example.ids_for_can.connectivity.ObdGatewayService: Job state is NEW. Run it...
2022-01-29 22:04:16.046 21553-21687/com.example.ids_for_can D/ContentValues: readRawData -- ATMAString
2022-01-29 22:04:16.047 21553-21687/com.example.ids_for_can D/ContentValues: 0C1 10 00 00 00 10 00 00 00 
    0C5 10 00 00 00 10 00 00 00 
    1E5 46 00 80 C0 00 FF 7E 00 <DATA ERROR
    0C9 00 00 00 0A 00 00 00 00 
    191 06 2A 09 0C 09 0C 00 
    1ED 00 00 00 00 00 00 08 00 
    1EF 00 00 00 00 
    3C1 07 65 04 00 00 00 00 00 
    3D1 10 46 00 00 00 00 00 00 
    3
    BUFFER FULL
2022-01-29 22:04:16.047 21553-21687/com.example.ids_for_can D/ContentValues: readRawData -- rawData -- SEARCHING_PATTERN
2022-01-29 22:04:16.047 21553-21687/com.example.ids_for_can D/ContentValues: 0C1 10 00 00 00 10 00 00 00 
    0C5 10 00 00 00 10 00 00 00 
    1E5 46 00 80 C0 00 FF 7E 00 <DATA ERROR
    0C9 00 00 00 0A 00 00 00 00 
    191 06 2A 09 0C 09 0C 00 
    1ED 00 00 00 00 00 00 08 00 
    1EF 00 00 00 00 
    3C1 07 65 04 00 00 00 00 00 
    3D1 10 46 00 00 00 00 00 00 
    3
    BUFFER FULL
2022-01-29 22:04:16.050 21553-21687/com.example.ids_for_can D/ContentValues: readRawData -- rawData -- WHITESPACE PATTERN
2022-01-29 22:04:16.050 21553-21687/com.example.ids_for_can D/ContentValues: 0C110000000100000000C510000000100000001E5460080C000FF7E00<DATAERROR0C90000000A00000000191062A090C090C001ED00000000000008001EF000000003C107650400000000003D110460000000000003BUFFERFULL
2022-01-29 22:04:16.051 21553-21687/com.example.ids_for_can D/ContentValues: ATMAArray
2022-01-29 22:04:16.051 21553-21687/com.example.ids_for_can D/ContentValues: 0C1 10 00 00 00 10 00 00 00 
2022-01-29 22:04:16.051 21553-21687/com.example.ids_for_can D/ContentValues: 0C5 10 00 00 00 10 00 00 00 
2022-01-29 22:04:16.051 21553-21687/com.example.ids_for_can D/ContentValues: 1E5 46 00 80 C0 00 FF 7E 00 <DATA ERROR
2022-01-29 22:04:16.051 21553-21687/com.example.ids_for_can D/ContentValues: 0C9 00 00 00 0A 00 00 00 00 
2022-01-29 22:04:16.051 21553-21687/com.example.ids_for_can D/ContentValues: 191 06 2A 09 0C 09 0C 00 
2022-01-29 22:04:16.051 21553-21687/com.example.ids_for_can D/ContentValues: 1ED 00 00 00 00 00 00 08 00 
2022-01-29 22:04:16.051 21553-21687/com.example.ids_for_can D/ContentValues: 1EF 00 00 00 00 
2022-01-29 22:04:16.051 21553-21687/com.example.ids_for_can D/ContentValues: 3C1 07 65 04 00 00 00 00 00 
2022-01-29 22:04:16.051 21553-21687/com.example.ids_for_can D/ContentValues: 3D1 10 46 00 00 00 00 00 00 
2022-01-29 22:04:16.051 21553-21687/com.example.ids_for_can D/ContentValues: 3
2022-01-29 22:04:16.052 21553-21687/com.example.ids_for_can E/com.example.ids_for_can.connectivity.ObdGatewayService: java.lang.ArrayIndexOutOfBoundsException: length=1; index=1
2022-01-29 22:04:16.052 21553-21687/com.example.ids_for_can E/com.example.ids_for_can.connectivity.ObdGatewayService: Failed to run command. -> length=1; index=1
2022-01-29 22:04:16.055 21553-21553/com.example.ids_for_can D/com.example.ids_for_can.MainActivity: cmdID: MONITOR_ALL, cmdResult: 0C110000000100000000C510000000100000001E5460080C000FF7E00<DATAERROR0C90000000A00000000191062A090C090C001ED00000000000008001EF000000003C107650400000000003D110460000000000003BUFFERFULL
2022-01-29 22:04:16.055 21553-21553/com.example.ids_for_can D/com.example.ids_for_can.MainActivity: cmdID: MONITOR_ALL, rawCmdResult: 
2022-01-29 22:04:19.514 21553-21553/com.example.ids_for_can D/com.example.ids_for_can.connectivity.AbstractGatewayService: Adding job[12] to queue...
2022-01-29 22:04:19.514 21553-21553/com.example.ids_for_can D/com.example.ids_for_can.connectivity.AbstractGatewayService: Job queued successfully.
2022-01-29 22:04:19.515 21553-21687/com.example.ids_for_can D/com.example.ids_for_can.connectivity.ObdGatewayService: Taking job[12] from queue...
2022-01-29 22:04:19.515 21553-21687/com.example.ids_for_can D/com.example.ids_for_can.connectivity.ObdGatewayService: Job state is NEW. Run it...
2022-01-29 22:04:20.038 21553-21687/com.example.ids_for_can D/ContentValues: readRawData -- ATMAString
2022-01-29 22:04:20.039 21553-21687/com.example.ids_for_can D/ContentValues: 189 8F FF 0F FF 2F FF 00 FF <DATA ERROR
    199 8F FF 0E 70 F1 8E 00 FF <DATA ERROR
    1EB 00 39 
    0F1 1C 06 00 40 
    19D 40 00 3F FF 00 00 00 FF <DATA ERROR
    1AF 00 00 00 
    1F5 0F 0F 00 21 00 00 03 00 <DATA ERROR
    0C9 00 00 00 0A 00 00 00 00 
    191 06 2A 09 0C 09 0C 00 
    1ED 00 00 00 00 00 00
    BUFFER FULL
2022-01-29 22:04:20.039 21553-21687/com.example.ids_for_can D/ContentValues: readRawData -- rawData -- SEARCHING_PATTERN
2022-01-29 22:04:20.039 21553-21687/com.example.ids_for_can D/ContentValues: 189 8F FF 0F FF 2F FF 00 FF <DATA ERROR
    199 8F FF 0E 70 F1 8E 00 FF <DATA ERROR
    1EB 00 39 
    0F1 1C 06 00 40 
    19D 40 00 3F FF 00 00 00 FF <DATA ERROR
    1AF 00 00 00 
    1F5 0F 0F 00 21 00 00 03 00 <DATA ERROR
    0C9 00 00 00 0A 00 00 00 00 
    191 06 2A 09 0C 09 0C 00 
    1ED 00 00 00 00 00 00
    BUFFER FULL
2022-01-29 22:04:20.042 21553-21687/com.example.ids_for_can D/ContentValues: readRawData -- rawData -- WHITESPACE PATTERN
2022-01-29 22:04:20.042 21553-21687/com.example.ids_for_can D/ContentValues: 1898FFF0FFF2FFF00FF<DATAERROR1998FFF0E70F18E00FF<DATAERROR1EB00390F11C06004019D40003FFF000000FF<DATAERROR1AF0000001F50F0F002100000300<DATAERROR0C90000000A00000000191062A090C090C001ED000000000000BUFFERFULL
2022-01-29 22:04:20.042 21553-21687/com.example.ids_for_can D/ContentValues: ATMAArray
2022-01-29 22:04:20.042 21553-21687/com.example.ids_for_can D/ContentValues: 189 8F FF 0F FF 2F FF 00 FF <DATA ERROR
2022-01-29 22:04:20.042 21553-21687/com.example.ids_for_can D/ContentValues: 199 8F FF 0E 70 F1 8E 00 FF <DATA ERROR
2022-01-29 22:04:20.042 21553-21687/com.example.ids_for_can D/ContentValues: 1EB 00 39 
2022-01-29 22:04:20.042 21553-21687/com.example.ids_for_can D/ContentValues: 0F1 1C 06 00 40 
2022-01-29 22:04:20.042 21553-21687/com.example.ids_for_can D/ContentValues: 19D 40 00 3F FF 00 00 00 FF <DATA ERROR
2022-01-29 22:04:20.043 21553-21687/com.example.ids_for_can D/ContentValues: 1AF 00 00 00 
