2022-01-29 21:54:14.453 20100-20170/com.example.ids_for_can E/com.example.ids_for_can.connectivity.ObdGatewayService: Failed to run command. -> Error running 01 51, response: NODATA
2022-01-29 21:54:14.453 20100-20170/com.example.ids_for_can D/com.example.ids_for_can.connectivity.ObdGatewayService: Taking job[45] from queue...
2022-01-29 21:54:14.453 20100-20170/com.example.ids_for_can D/com.example.ids_for_can.connectivity.ObdGatewayService: Job state is NEW. Run it...
2022-01-29 21:54:14.455 20100-20100/com.example.ids_for_can D/com.example.ids_for_can.MainActivity: cmdID: FUEL_TYPE, cmdResult: NODATA
2022-01-29 21:54:14.455 20100-20100/com.example.ids_for_can D/com.example.ids_for_can.MainActivity: cmdID: FUEL_TYPE, rawCmdResult: 
2022-01-29 21:54:14.798 20100-20170/com.example.ids_for_can D/ContentValues: readRawData -- ATMAString
2022-01-29 21:54:14.798 20100-20170/com.example.ids_for_can D/ContentValues: NO DATA
2022-01-29 21:54:14.799 20100-20170/com.example.ids_for_can D/ContentValues: readRawData -- rawData -- SEARCHING_PATTERN
2022-01-29 21:54:14.799 20100-20170/com.example.ids_for_can D/ContentValues: NO DATA
2022-01-29 21:54:14.799 20100-20170/com.example.ids_for_can D/ContentValues: readRawData -- rawData -- WHITESPACE PATTERN
2022-01-29 21:54:14.799 20100-20170/com.example.ids_for_can D/ContentValues: NODATA
2022-01-29 21:54:14.800 20100-20170/com.example.ids_for_can E/com.example.ids_for_can.connectivity.ObdGatewayService: com.github.pires.obd.exceptions.NoDataException: Error running 01 5E, response: NODATA
2022-01-29 21:54:14.801 20100-20170/com.example.ids_for_can E/com.example.ids_for_can.connectivity.ObdGatewayService: Failed to run command. -> Error running 01 5E, response: NODATA
2022-01-29 21:54:14.801 20100-20170/com.example.ids_for_can D/com.example.ids_for_can.connectivity.ObdGatewayService: Taking job[46] from queue...
2022-01-29 21:54:14.801 20100-20170/com.example.ids_for_can D/com.example.ids_for_can.connectivity.ObdGatewayService: Job state is NEW. Run it...
2022-01-29 21:54:14.804 20100-20100/com.example.ids_for_can D/com.example.ids_for_can.MainActivity: cmdID: FUEL_CONSUMPTION_RATE, cmdResult: NODATA
2022-01-29 21:54:14.804 20100-20100/com.example.ids_for_can D/com.example.ids_for_can.MainActivity: cmdID: FUEL_CONSUMPTION_RATE, rawCmdResult: 
2022-01-29 21:54:14.939 20100-20170/com.example.ids_for_can D/ContentValues: readRawData -- ATMAString
2022-01-29 21:54:14.939 20100-20170/com.example.ids_for_can D/ContentValues: 41 2F BC 
2022-01-29 21:54:14.939 20100-20170/com.example.ids_for_can D/ContentValues: readRawData -- rawData -- SEARCHING_PATTERN
2022-01-29 21:54:14.939 20100-20170/com.example.ids_for_can D/ContentValues: 41 2F BC 
2022-01-29 21:54:14.940 20100-20170/com.example.ids_for_can D/ContentValues: readRawData -- rawData -- WHITESPACE PATTERN
2022-01-29 21:54:14.940 20100-20170/com.example.ids_for_can D/ContentValues: 412FBC
2022-01-29 21:54:14.941 20100-20170/com.example.ids_for_can D/ContentValues: fillBuffer -- rawData
2022-01-29 21:54:14.942 20100-20170/com.example.ids_for_can D/ContentValues: 412FBC
2022-01-29 21:54:14.942 20100-20170/com.example.ids_for_can D/ContentValues: fillBuffer -- buffer
2022-01-29 21:54:14.942 20100-20170/com.example.ids_for_can D/ContentValues: [65, 47, 188]
2022-01-29 21:54:14.942 20100-20170/com.example.ids_for_can D/com.example.ids_for_can.connectivity.ObdGatewayService: Taking job[47] from queue...
2022-01-29 21:54:14.942 20100-20170/com.example.ids_for_can D/com.example.ids_for_can.connectivity.ObdGatewayService: Job state is NEW. Run it...
2022-01-29 21:54:14.944 20100-20100/com.example.ids_for_can D/com.example.ids_for_can.MainActivity: cmdID: FUEL_LEVEL, cmdResult: 73.7%
2022-01-29 21:54:14.944 20100-20100/com.example.ids_for_can D/com.example.ids_for_can.MainActivity: cmdID: FUEL_LEVEL, rawCmdResult: 412FBC
2022-01-29 21:54:15.072 20100-20170/com.example.ids_for_can D/ContentValues: readRawData -- ATMAString
2022-01-29 21:54:15.072 20100-20170/com.example.ids_for_can D/ContentValues: 41 07 7F 
2022-01-29 21:54:15.073 20100-20170/com.example.ids_for_can D/ContentValues: readRawData -- rawData -- SEARCHING_PATTERN
2022-01-29 21:54:15.073 20100-20170/com.example.ids_for_can D/ContentValues: 41 07 7F 
2022-01-29 21:54:15.073 20100-20170/com.example.ids_for_can D/ContentValues: readRawData -- rawData -- WHITESPACE PATTERN
2022-01-29 21:54:15.073 20100-20170/com.example.ids_for_can D/ContentValues: 41077F
2022-01-29 21:54:15.075 20100-20170/com.example.ids_for_can D/ContentValues: fillBuffer -- rawData
2022-01-29 21:54:15.075 20100-20170/com.example.ids_for_can D/ContentValues: 41077F
2022-01-29 21:54:15.075 20100-20170/com.example.ids_for_can D/ContentValues: fillBuffer -- buffer
2022-01-29 21:54:15.075 20100-20170/com.example.ids_for_can D/ContentValues: [65, 7, 127]
2022-01-29 21:54:15.076 20100-20170/com.example.ids_for_can D/com.example.ids_for_can.connectivity.ObdGatewayService: Taking job[48] from queue...
2022-01-29 21:54:15.076 20100-20170/com.example.ids_for_can D/com.example.ids_for_can.connectivity.ObdGatewayService: Job state is NEW. Run it...
2022-01-29 21:54:15.079 20100-20100/com.example.ids_for_can D/com.example.ids_for_can.MainActivity: cmdID: Long Term Fuel Trim Bank 1, cmdResult: -0.8%
2022-01-29 21:54:15.080 20100-20100/com.example.ids_for_can D/com.example.ids_for_can.MainActivity: cmdID: Long Term Fuel Trim Bank 1, rawCmdResult: 41077F
2022-01-29 21:54:15.227 20100-20170/com.example.ids_for_can D/ContentValues: readRawData -- ATMAString
2022-01-29 21:54:15.227 20100-20170/com.example.ids_for_can D/ContentValues: 41 09 7F 
2022-01-29 21:54:15.227 20100-20170/com.example.ids_for_can D/ContentValues: readRawData -- rawData -- SEARCHING_PATTERN
2022-01-29 21:54:15.227 20100-20170/com.example.ids_for_can D/ContentValues: 41 09 7F 
2022-01-29 21:54:15.228 20100-20170/com.example.ids_for_can D/ContentValues: readRawData -- rawData -- WHITESPACE PATTERN
2022-01-29 21:54:15.228 20100-20170/com.example.ids_for_can D/ContentValues: 41097F
2022-01-29 21:54:15.230 20100-20170/com.example.ids_for_can D/ContentValues: fillBuffer -- rawData
2022-01-29 21:54:15.230 20100-20170/com.example.ids_for_can D/ContentValues: 41097F
2022-01-29 21:54:15.231 20100-20170/com.example.ids_for_can D/ContentValues: fillBuffer -- buffer
2022-01-29 21:54:15.231 20100-20170/com.example.ids_for_can D/ContentValues: [65, 9, 127]
2022-01-29 21:54:15.231 20100-20170/com.example.ids_for_can D/com.example.ids_for_can.connectivity.ObdGatewayService: Taking job[49] from queue...
2022-01-29 21:54:15.231 20100-20170/com.example.ids_for_can D/com.example.ids_for_can.connectivity.ObdGatewayService: Job state is NEW. Run it...
2022-01-29 21:54:15.235 20100-20100/com.example.ids_for_can D/com.example.ids_for_can.MainActivity: cmdID: Long Term Fuel Trim Bank 2, cmdResult: -0.8%
2022-01-29 21:54:15.236 20100-20100/com.example.ids_for_can D/com.example.ids_for_can.MainActivity: cmdID: Long Term Fuel Trim Bank 2, rawCmdResult: 41097F
2022-01-29 21:54:15.418 20100-20170/com.example.ids_for_can D/ContentValues: readRawData -- ATMAString
2022-01-29 21:54:15.418 20100-20170/com.example.ids_for_can D/ContentValues: 41 06 80 
2022-01-29 21:54:15.419 20100-20170/com.example.ids_for_can D/ContentValues: readRawData -- rawData -- SEARCHING_PATTERN
2022-01-29 21:54:15.419 20100-20170/com.example.ids_for_can D/ContentValues: 41 06 80 
2022-01-29 21:54:15.419 20100-20170/com.example.ids_for_can D/ContentValues: readRawData -- rawData -- WHITESPACE PATTERN
2022-01-29 21:54:15.419 20100-20170/com.example.ids_for_can D/ContentValues: 410680
2022-01-29 21:54:15.421 20100-20170/com.example.ids_for_can D/ContentValues: fillBuffer -- rawData
2022-01-29 21:54:15.422 20100-20170/com.example.ids_for_can D/ContentValues: 410680
2022-01-29 21:54:15.422 20100-20170/com.example.ids_for_can D/ContentValues: fillBuffer -- buffer
2022-01-29 21:54:15.422 20100-20170/com.example.ids_for_can D/ContentValues: [65, 6, 128]
2022-01-29 21:54:15.422 20100-20170/com.example.ids_for_can D/com.example.ids_for_can.connectivity.ObdGatewayService: Taking job[50] from queue...
2022-01-29 21:54:15.422 20100-20170/com.example.ids_for_can D/com.example.ids_for_can.connectivity.ObdGatewayService: Job state is NEW. Run it...
2022-01-29 21:54:15.427 20100-20100/com.example.ids_for_can D/com.example.ids_for_can.MainActivity: cmdID: Short Term Fuel Trim Bank 1, cmdResult: 0.0%
2022-01-29 21:54:15.427 20100-20100/com.example.ids_for_can D/com.example.ids_for_can.MainActivity: cmdID: Short Term Fuel Trim Bank 1, rawCmdResult: 410680
2022-01-29 21:54:15.570 20100-20170/com.example.ids_for_can D/ContentValues: readRawData -- ATMAString
2022-01-29 21:54:15.570 20100-20170/com.example.ids_for_can D/ContentValues: 41 08 80 
2022-01-29 21:54:15.570 20100-20170/com.example.ids_for_can D/ContentValues: readRawData -- rawData -- SEARCHING_PATTERN
2022-01-29 21:54:15.570 20100-20170/com.example.ids_for_can D/ContentValues: 41 08 80 
2022-01-29 21:54:15.570 20100-20170/com.example.ids_for_can D/ContentValues: readRawData -- rawData -- WHITESPACE PATTERN
2022-01-29 21:54:15.570 20100-20170/com.example.ids_for_can D/ContentValues: 410880
2022-01-29 21:54:15.572 20100-20170/com.example.ids_for_can D/ContentValues: fillBuffer -- rawData
2022-01-29 21:54:15.572 20100-20170/com.example.ids_for_can D/ContentValues: 410880
2022-01-29 21:54:15.573 20100-20170/com.example.ids_for_can D/ContentValues: fillBuffer -- buffer
2022-01-29 21:54:15.573 20100-20170/com.example.ids_for_can D/ContentValues: [65, 8, 128]
2022-01-29 21:54:15.573 20100-20170/com.example.ids_for_can D/com.example.ids_for_can.connectivity.ObdGatewayService: Taking job[51] from queue...
2022-01-29 21:54:15.573 20100-20170/com.example.ids_for_can D/com.example.ids_for_can.connectivity.ObdGatewayService: Job state is NEW. Run it...
2022-01-29 21:54:15.578 20100-20100/com.example.ids_for_can D/com.example.ids_for_can.MainActivity: cmdID: Short Term Fuel Trim Bank 2, cmdResult: 0.0%
2022-01-29 21:54:15.578 20100-20100/com.example.ids_for_can D/com.example.ids_for_can.MainActivity: cmdID: Short Term Fuel Trim Bank 2, rawCmdResult: 410880
2022-01-29 21:54:15.724 20100-20170/com.example.ids_for_can D/ContentValues: readRawData -- ATMAString
2022-01-29 21:54:15.724 20100-20170/com.example.ids_for_can D/ContentValues: 41 44 FF FF 
2022-01-29 21:54:15.724 20100-20170/com.example.ids_for_can D/ContentValues: readRawData -- rawData -- SEARCHING_PATTERN
2022-01-29 21:54:15.724 20100-20170/com.example.ids_for_can D/ContentValues: 41 44 FF FF 
2022-01-29 21:54:15.724 20100-20170/com.example.ids_for_can D/ContentValues: readRawData -- rawData -- WHITESPACE PATTERN
2022-01-29 21:54:15.724 20100-20170/com.example.ids_for_can D/ContentValues: 4144FFFF
2022-01-29 21:54:15.727 20100-20170/com.example.ids_for_can D/ContentValues: fillBuffer -- rawData
2022-01-29 21:54:15.727 20100-20170/com.example.ids_for_can D/ContentValues: 4144FFFF
2022-01-29 21:54:15.727 20100-20170/com.example.ids_for_can D/ContentValues: fillBuffer -- buffer
2022-01-29 21:54:15.727 20100-20170/com.example.ids_for_can D/ContentValues: [65, 68, 255, 255]
2022-01-29 21:54:15.727 20100-20170/com.example.ids_for_can D/com.example.ids_for_can.connectivity.ObdGatewayService: Taking job[52] from queue...
2022-01-29 21:54:15.727 20100-20170/com.example.ids_for_can D/com.example.ids_for_can.connectivity.ObdGatewayService: Job state is NEW. Run it...
2022-01-29 21:54:15.731 20100-20100/com.example.ids_for_can D/com.example.ids_for_can.MainActivity: cmdID: AIR_FUEL_RATIO, cmdResult: 29.40:1 AFR
2022-01-29 21:54:15.732 20100-20100/com.example.ids_for_can D/com.example.ids_for_can.MainActivity: cmdID: AIR_FUEL_RATIO, rawCmdResult: 4144FFFF
2022-01-29 21:54:16.074 20100-20170/com.example.ids_for_can D/ContentValues: readRawData -- ATMAString
2022-01-29 21:54:16.074 20100-20170/com.example.ids_for_can D/ContentValues: NO DATA
2022-01-29 21:54:16.074 20100-20170/com.example.ids_for_can D/ContentValues: readRawData -- rawData -- SEARCHING_PATTERN
2022-01-29 21:54:16.074 20100-20170/com.example.ids_for_can D/ContentValues: NO DATA
2022-01-29 21:54:16.075 20100-20170/com.example.ids_for_can D/ContentValues: readRawData -- rawData -- WHITESPACE PATTERN
2022-01-29 21:54:16.075 20100-20170/com.example.ids_for_can D/ContentValues: NODATA
2022-01-29 21:54:16.077 20100-20170/com.example.ids_for_can E/com.example.ids_for_can.connectivity.ObdGatewayService: com.github.pires.obd.exceptions.NoDataException: Error running 01 34, response: NODATA
2022-01-29 21:54:16.077 20100-20170/com.example.ids_for_can E/com.example.ids_for_can.connectivity.ObdGatewayService: Failed to run command. -> Error running 01 34, response: NODATA
2022-01-29 21:54:16.077 20100-20170/com.example.ids_for_can D/com.example.ids_for_can.connectivity.ObdGatewayService: Taking job[53] from queue...
2022-01-29 21:54:16.077 20100-20170/com.example.ids_for_can D/com.example.ids_for_can.connectivity.ObdGatewayService: Job state is NEW. Run it...
2022-01-29 21:54:16.082 20100-20100/com.example.ids_for_can D/com.example.ids_for_can.MainActivity: cmdID: WIDEBAND_AIR_FUEL_RATIO, cmdResult: NODATA
2022-01-29 21:54:16.082 20100-20100/com.example.ids_for_can D/com.example.ids_for_can.MainActivity: cmdID: WIDEBAND_AIR_FUEL_RATIO, rawCmdResult: 
2022-01-29 21:54:16.527 20100-20170/com.example.ids_for_can D/ContentValues: readRawData -- ATMAString
2022-01-29 21:54:16.527 20100-20170/com.example.ids_for_can D/ContentValues: NO DATA
2022-01-29 21:54:16.527 20100-20170/com.example.ids_for_can D/ContentValues: readRawData -- rawData -- SEARCHING_PATTERN
2022-01-29 21:54:16.527 20100-20170/com.example.ids_for_can D/ContentValues: NO DATA
2022-01-29 21:54:16.527 20100-20170/com.example.ids_for_can D/ContentValues: readRawData -- rawData -- WHITESPACE PATTERN
2022-01-29 21:54:16.527 20100-20170/com.example.ids_for_can D/ContentValues: NODATA
2022-01-29 21:54:16.529 20100-20170/com.example.ids_for_can E/com.example.ids_for_can.connectivity.ObdGatewayService: com.github.pires.obd.exceptions.NoDataException: Error running 01 5C, response: NODATA
2022-01-29 21:54:16.529 20100-20170/com.example.ids_for_can E/com.example.ids_for_can.connectivity.ObdGatewayService: Failed to run command. -> Error running 01 5C, response: NODATA
2022-01-29 21:54:16.529 20100-20170/com.example.ids_for_can D/com.example.ids_for_can.connectivity.ObdGatewayService: Taking job[54] from queue...
2022-01-29 21:54:16.529 20100-20170/com.example.ids_for_can D/com.example.ids_for_can.connectivity.ObdGatewayService: Job state is NEW. Run it...
2022-01-29 21:54:16.532 20100-20100/com.example.ids_for_can D/com.example.ids_for_can.MainActivity: cmdID: ENGINE_OIL_TEMP, cmdResult: NODATA
2022-01-29 21:54:16.532 20100-20100/com.example.ids_for_can D/com.example.ids_for_can.MainActivity: cmdID: ENGINE_OIL_TEMP, rawCmdResult: 
2022-01-29 21:54:16.707 20100-20170/com.example.ids_for_can D/ContentValues: readRawData -- ATMAString
2022-01-29 21:54:16.707 20100-20170/com.example.ids_for_can D/ContentValues: 41 33 61 
2022-01-29 21:54:16.707 20100-20170/com.example.ids_for_can D/ContentValues: readRawData -- rawData -- SEARCHING_PATTERN
2022-01-29 21:54:16.707 20100-20170/com.example.ids_for_can D/ContentValues: 41 33 61 
2022-01-29 21:54:16.708 20100-20170/com.example.ids_for_can D/ContentValues: readRawData -- rawData -- WHITESPACE PATTERN
2022-01-29 21:54:16.708 20100-20170/com.example.ids_for_can D/ContentValues: 413361
2022-01-29 21:54:16.710 20100-20170/com.example.ids_for_can D/ContentValues: fillBuffer -- rawData
2022-01-29 21:54:16.710 20100-20170/com.example.ids_for_can D/ContentValues: 413361
2022-01-29 21:54:16.710 20100-20170/com.example.ids_for_can D/ContentValues: fillBuffer -- buffer
2022-01-29 21:54:16.710 20100-20170/com.example.ids_for_can D/ContentValues: [65, 51, 97]
2022-01-29 21:54:16.711 20100-20170/com.example.ids_for_can D/com.example.ids_for_can.connectivity.ObdGatewayService: Taking job[55] from queue...
2022-01-29 21:54:16.711 20100-20170/com.example.ids_for_can D/com.example.ids_for_can.connectivity.ObdGatewayService: Job state is NEW. Run it...
2022-01-29 21:54:16.713 20100-20100/com.example.ids_for_can D/com.example.ids_for_can.MainActivity: cmdID: BAROMETRIC_PRESSURE, cmdResult: 97kPa
2022-01-29 21:54:16.713 20100-20100/com.example.ids_for_can D/com.example.ids_for_can.MainActivity: cmdID: BAROMETRIC_PRESSURE, rawCmdResult: 413361
2022-01-29 21:54:16.874 20100-20170/com.example.ids_for_can D/ContentValues: readRawData -- ATMAString
2022-01-29 21:54:16.874 20100-20170/com.example.ids_for_can D/ContentValues: 41 0A 17 
2022-01-29 21:54:16.874 20100-20170/com.example.ids_for_can D/ContentValues: readRawData -- rawData -- SEARCHING_PATTERN
2022-01-29 21:54:16.874 20100-20170/com.example.ids_for_can D/ContentValues: 41 0A 17 
2022-01-29 21:54:16.875 20100-20170/com.example.ids_for_can D/ContentValues: readRawData -- rawData -- WHITESPACE PATTERN
2022-01-29 21:54:16.875 20100-20170/com.example.ids_for_can D/ContentValues: 410A17
2022-01-29 21:54:16.877 20100-20170/com.example.ids_for_can D/ContentValues: fillBuffer -- rawData
2022-01-29 21:54:16.877 20100-20170/com.example.ids_for_can D/ContentValues: 410A17
2022-01-29 21:54:16.877 20100-20170/com.example.ids_for_can D/ContentValues: fillBuffer -- buffer
2022-01-29 21:54:16.877 20100-20170/com.example.ids_for_can D/ContentValues: [65, 10, 23]
2022-01-29 21:54:16.877 20100-20170/com.example.ids_for_can D/com.example.ids_for_can.connectivity.ObdGatewayService: Taking job[56] from queue...
2022-01-29 21:54:16.878 20100-20170/com.example.ids_for_can D/com.example.ids_for_can.connectivity.ObdGatewayService: Job state is NEW. Run it...
2022-01-29 21:54:16.882 20100-20100/com.example.ids_for_can D/com.example.ids_for_can.MainActivity: cmdID: FUEL_PRESSURE, cmdResult: 69kPa
2022-01-29 21:54:16.882 20100-20100/com.example.ids_for_can D/com.example.ids_for_can.MainActivity: cmdID: FUEL_PRESSURE, rawCmdResult: 410A17
2022-01-29 21:54:17.086 20100-20170/com.example.ids_for_can D/ContentValues: readRawData -- ATMAString
2022-01-29 21:54:17.086 20100-20170/com.example.ids_for_can D/ContentValues: 41 23 00 05 
2022-01-29 21:54:17.087 20100-20170/com.example.ids_for_can D/ContentValues: readRawData -- rawData -- SEARCHING_PATTERN
2022-01-29 21:54:17.087 20100-20170/com.example.ids_for_can D/ContentValues: 41 23 00 05 
2022-01-29 21:54:17.087 20100-20170/com.example.ids_for_can D/ContentValues: readRawData -- rawData -- WHITESPACE PATTERN
2022-01-29 21:54:17.087 20100-20170/com.example.ids_for_can D/ContentValues: 41230005
2022-01-29 21:54:17.089 20100-20170/com.example.ids_for_can D/ContentValues: fillBuffer -- rawData
2022-01-29 21:54:17.089 20100-20170/com.example.ids_for_can D/ContentValues: 41230005
2022-01-29 21:54:17.089 20100-20170/com.example.ids_for_can D/ContentValues: fillBuffer -- buffer
2022-01-29 21:54:17.089 20100-20170/com.example.ids_for_can D/ContentValues: [65, 35, 0, 5]
2022-01-29 21:54:17.089 20100-20170/com.example.ids_for_can D/com.example.ids_for_can.connectivity.ObdGatewayService: Taking job[57] from queue...
2022-01-29 21:54:17.090 20100-20170/com.example.ids_for_can D/com.example.ids_for_can.connectivity.ObdGatewayService: Job state is NEW. Run it...
2022-01-29 21:54:17.094 20100-20100/com.example.ids_for_can D/com.example.ids_for_can.MainActivity: cmdID: FUEL_RAIL_PRESSURE, cmdResult: 50kPa
2022-01-29 21:54:17.094 20100-20100/com.example.ids_for_can D/com.example.ids_for_can.MainActivity: cmdID: FUEL_RAIL_PRESSURE, rawCmdResult: 41230005
2022-01-29 21:54:17.553 20100-20170/com.example.ids_for_can D/ContentValues: readRawData -- ATMAString
2022-01-29 21:54:17.553 20100-20170/com.example.ids_for_can D/ContentValues: NO DATA
2022-01-29 21:54:17.553 20100-20170/com.example.ids_for_can D/ContentValues: readRawData -- rawData -- SEARCHING_PATTERN
2022-01-29 21:54:17.553 20100-20170/com.example.ids_for_can D/ContentValues: NO DATA
2022-01-29 21:54:17.554 20100-20170/com.example.ids_for_can D/ContentValues: readRawData -- rawData -- WHITESPACE PATTERN
2022-01-29 21:54:17.554 20100-20170/com.example.ids_for_can D/ContentValues: NODATA
2022-01-29 21:54:17.554 20100-20170/com.example.ids_for_can E/com.example.ids_for_can.connectivity.ObdGatewayService: com.github.pires.obd.exceptions.NoDataException: Error running 01 0B, response: NODATA
2022-01-29 21:54:17.554 20100-20170/com.example.ids_for_can E/com.example.ids_for_can.connectivity.ObdGatewayService: Failed to run command. -> Error running 01 0B, response: NODATA
2022-01-29 21:54:17.555 20100-20170/com.example.ids_for_can D/com.example.ids_for_can.connectivity.ObdGatewayService: Taking job[58] from queue...
2022-01-29 21:54:17.555 20100-20170/com.example.ids_for_can D/com.example.ids_for_can.connectivity.ObdGatewayService: Job state is NEW. Run it...
2022-01-29 21:54:17.558 20100-20100/com.example.ids_for_can D/com.example.ids_for_can.MainActivity: cmdID: INTAKE_MANIFOLD_PRESSURE, cmdResult: NODATA
2022-01-29 21:54:17.558 20100-20100/com.example.ids_for_can D/com.example.ids_for_can.MainActivity: cmdID: INTAKE_MANIFOLD_PRESSURE, rawCmdResult: 
2022-01-29 21:54:17.765 20100-20170/com.example.ids_for_can D/ContentValues: readRawData -- ATMAString
2022-01-29 21:54:17.765 20100-20170/com.example.ids_for_can D/ContentValues: 41 0F 3E 
2022-01-29 21:54:17.766 20100-20170/com.example.ids_for_can D/ContentValues: readRawData -- rawData -- SEARCHING_PATTERN
2022-01-29 21:54:17.766 20100-20170/com.example.ids_for_can D/ContentValues: 41 0F 3E 
2022-01-29 21:54:17.766 20100-20170/com.example.ids_for_can D/ContentValues: readRawData -- rawData -- WHITESPACE PATTERN
2022-01-29 21:54:17.766 20100-20170/com.example.ids_for_can D/ContentValues: 410F3E
2022-01-29 21:54:17.767 20100-20170/com.example.ids_for_can D/ContentValues: fillBuffer -- rawData
2022-01-29 21:54:17.767 20100-20170/com.example.ids_for_can D/ContentValues: 410F3E
2022-01-29 21:54:17.767 20100-20170/com.example.ids_for_can D/ContentValues: fillBuffer -- buffer
2022-01-29 21:54:17.767 20100-20170/com.example.ids_for_can D/ContentValues: [65, 15, 62]
2022-01-29 21:54:17.767 20100-20170/com.example.ids_for_can D/com.example.ids_for_can.connectivity.ObdGatewayService: Taking job[59] from queue...
2022-01-29 21:54:17.767 20100-20170/com.example.ids_for_can D/com.example.ids_for_can.connectivity.ObdGatewayService: Job state is NEW. Run it...
2022-01-29 21:54:17.774 20100-20100/com.example.ids_for_can D/com.example.ids_for_can.MainActivity: cmdID: AIR_INTAKE_TEMP, cmdResult: 22C
2022-01-29 21:54:17.774 20100-20100/com.example.ids_for_can D/com.example.ids_for_can.MainActivity: cmdID: AIR_INTAKE_TEMP, rawCmdResult: 410F3E
2022-01-29 21:54:17.924 20100-20170/com.example.ids_for_can D/ContentValues: readRawData -- ATMAString
2022-01-29 21:54:17.924 20100-20170/com.example.ids_for_can D/ContentValues: 41 46 35 
2022-01-29 21:54:17.924 20100-20170/com.example.ids_for_can D/ContentValues: readRawData -- rawData -- SEARCHING_PATTERN
2022-01-29 21:54:17.924 20100-20170/com.example.ids_for_can D/ContentValues: 41 46 35 
2022-01-29 21:54:17.924 20100-20170/com.example.ids_for_can D/ContentValues: readRawData -- rawData -- WHITESPACE PATTERN
2022-01-29 21:54:17.924 20100-20170/com.example.ids_for_can D/ContentValues: 414635
2022-01-29 21:54:17.925 20100-20170/com.example.ids_for_can D/ContentValues: fillBuffer -- rawData
2022-01-29 21:54:17.925 20100-20170/com.example.ids_for_can D/ContentValues: 414635
2022-01-29 21:54:17.926 20100-20170/com.example.ids_for_can D/ContentValues: fillBuffer -- buffer
2022-01-29 21:54:17.926 20100-20170/com.example.ids_for_can D/ContentValues: [65, 70, 53]
2022-01-29 21:54:17.926 20100-20170/com.example.ids_for_can D/com.example.ids_for_can.connectivity.ObdGatewayService: Taking job[60] from queue...
2022-01-29 21:54:17.926 20100-20170/com.example.ids_for_can D/com.example.ids_for_can.connectivity.ObdGatewayService: Job state is NEW. Run it...
2022-01-29 21:54:17.928 20100-20100/com.example.ids_for_can D/com.example.ids_for_can.MainActivity: cmdID: AMBIENT_AIR_TEMP, cmdResult: 13C
2022-01-29 21:54:17.928 20100-20100/com.example.ids_for_can D/com.example.ids_for_can.MainActivity: cmdID: AMBIENT_AIR_TEMP, rawCmdResult: 414635
2022-01-29 21:54:18.140 20100-20170/com.example.ids_for_can D/ContentValues: readRawData -- ATMAString
2022-01-29 21:54:18.140 20100-20170/com.example.ids_for_can D/ContentValues: 41 05 3F 
2022-01-29 21:54:18.140 20100-20170/com.example.ids_for_can D/ContentValues: readRawData -- rawData -- SEARCHING_PATTERN
2022-01-29 21:54:18.140 20100-20170/com.example.ids_for_can D/ContentValues: 41 05 3F 
2022-01-29 21:54:18.140 20100-20170/com.example.ids_for_can D/ContentValues: readRawData -- rawData -- WHITESPACE PATTERN
2022-01-29 21:54:18.140 20100-20170/com.example.ids_for_can D/ContentValues: 41053F
2022-01-29 21:54:18.141 20100-20170/com.example.ids_for_can D/ContentValues: fillBuffer -- rawData
2022-01-29 21:54:18.141 20100-20170/com.example.ids_for_can D/ContentValues: 41053F
2022-01-29 21:54:18.142 20100-20170/com.example.ids_for_can D/ContentValues: fillBuffer -- buffer
2022-01-29 21:54:18.142 20100-20170/com.example.ids_for_can D/ContentValues: [65, 5, 63]
2022-01-29 21:54:18.142 20100-20170/com.example.ids_for_can D/com.example.ids_for_can.connectivity.ObdGatewayService: Taking job[61] from queue...
2022-01-29 21:54:18.142 20100-20170/com.example.ids_for_can D/com.example.ids_for_can.connectivity.ObdGatewayService: Job state is NEW. Run it...
2022-01-29 21:54:18.144 20100-20100/com.example.ids_for_can D/com.example.ids_for_can.MainActivity: cmdID: ENGINE_COOLANT_TEMP, cmdResult: 23C
2022-01-29 21:54:18.144 20100-20100/com.example.ids_for_can D/com.example.ids_for_can.MainActivity: cmdID: ENGINE_COOLANT_TEMP, rawCmdResult: 41053F
2022-01-29 21:54:18.308 20100-20170/com.example.ids_for_can D/ContentValues: readRawData -- ATMAString
2022-01-29 21:54:18.308 20100-20170/com.example.ids_for_can D/ContentValues: 41 0D 00 
2022-01-29 21:54:18.308 20100-20170/com.example.ids_for_can D/ContentValues: readRawData -- rawData -- SEARCHING_PATTERN
2022-01-29 21:54:18.308 20100-20170/com.example.ids_for_can D/ContentValues: 41 0D 00 
2022-01-29 21:54:18.308 20100-20170/com.example.ids_for_can D/ContentValues: readRawData -- rawData -- WHITESPACE PATTERN
2022-01-29 21:54:18.308 20100-20170/com.example.ids_for_can D/ContentValues: 410D00
2022-01-29 21:54:18.309 20100-20170/com.example.ids_for_can D/ContentValues: fillBuffer -- rawData
2022-01-29 21:54:18.309 20100-20170/com.example.ids_for_can D/ContentValues: 410D00
2022-01-29 21:54:18.310 20100-20170/com.example.ids_for_can D/ContentValues: fillBuffer -- buffer
2022-01-29 21:54:18.310 20100-20170/com.example.ids_for_can D/ContentValues: [65, 13, 0]
2022-01-29 21:54:18.310 20100-20170/com.example.ids_for_can D/com.example.ids_for_can.connectivity.ObdGatewayService: Taking job[62] from queue...
2022-01-29 21:54:18.310 20100-20170/com.example.ids_for_can D/com.example.ids_for_can.connectivity.ObdGatewayService: Job state is NEW. Run it...
2022-01-29 21:54:18.311 20100-20100/com.example.ids_for_can D/com.example.ids_for_can.MainActivity: cmdID: SPEED, cmdResult: 0km/h
2022-01-29 21:54:18.311 20100-20100/com.example.ids_for_can D/com.example.ids_for_can.MainActivity: cmdID: SPEED, rawCmdResult: 410D00
2022-01-29 21:54:18.571 20100-20170/com.example.ids_for_can D/ContentValues: readRawData -- ATMAString
2022-01-29 21:54:18.571 20100-20170/com.example.ids_for_can D/ContentValues: C06 0: 00 40 000 0: 00 00 10 00 00 00 000 0: 00 00 10 00 00 00 46 00 80 C0 00 FF 7E 00 <DATA ERROR00 FF 15 00 20 00 00 00 45 FE 00 00 00 00 40 00 00 00 00 FF 00 00 00 0D 00 00 00 00 8F FF 0F FF 2F FF 00 FF <DATA ERROR2B 09 0C 09 0C 00 8F FF 0E 70 F1 8E 00 FF <DATA BUFFER FULL
2022-01-29 21:54:18.571 20100-20170/com.example.ids_for_can D/ContentValues: readRawData -- rawData -- SEARCHING_PATTERN
2022-01-29 21:54:18.571 20100-20170/com.example.ids_for_can D/ContentValues: C06 0: 00 40 000 0: 00 00 10 00 00 00 000 0: 00 00 10 00 00 00 46 00 80 C0 00 FF 7E 00 <DATA ERROR00 FF 15 00 20 00 00 00 45 FE 00 00 00 00 40 00 00 00 00 FF 00 00 00 0D 00 00 00 00 8F FF 0F FF 2F FF 00 FF <DATA ERROR2B 09 0C 09 0C 00 8F FF 0E 70 F1 8E 00 FF <DATA BUFFER FULL
2022-01-29 21:54:18.572 20100-20170/com.example.ids_for_can D/ContentValues: readRawData -- rawData -- WHITESPACE PATTERN
2022-01-29 21:54:18.572 20100-20170/com.example.ids_for_can D/ContentValues: C060:00400000:0000100000000000:000010000000460080C000FF7E00<DATAERROR00FF15002000000045FE000000004000000000FF0000000D000000008FFF0FFF2FFF00FF<DATAERROR2B090C090C008FFF0E70F18E00FF<DATABUFFERFULL
2022-01-29 21:54:18.573 20100-20170/com.example.ids_for_can E/com.example.ids_for_can.connectivity.ObdGatewayService: com.github.pires.obd.exceptions.UnknownErrorException: Error running AT MA, response: C060:00400000:0000100000000000:000010000000460080C000FF7E00<DATAERROR00FF15002000000045FE000000004000000000FF0000000D000000008FFF0FFF2FFF00FF<DATAERROR2B090C090C008FFF0E70F18E00FF<DATABUFFERFULL
2022-01-29 21:54:18.573 20100-20170/com.example.ids_for_can E/com.example.ids_for_can.connectivity.ObdGatewayService: Failed to run command. -> Error running AT MA, response: C060:00400000:0000100000000000:000010000000460080C000FF7E00<DATAERROR00FF15002000000045FE000000004000000000FF0000000D000000008FFF0FFF2FFF00FF<DATAERROR2B090C090C008FFF0E70F18E00FF<DATABUFFERFULL
2022-01-29 21:54:18.575 20100-20100/com.example.ids_for_can D/com.example.ids_for_can.MainActivity: cmdID: MONITOR_ALL, cmdResult: C060:00400000:0000100000000000:000010000000460080C000FF7E00<DATAERROR00FF15002000000045FE000000004000000000FF0000000D000000008FFF0FFF2FFF00FF<DATAERROR2B090C090C008FFF0E70F18E00FF<DATABUFFERFULL
2022-01-29 21:54:18.575 20100-20100/com.example.ids_for_can D/com.example.ids_for_can.MainActivity: cmdID: MONITOR_ALL, rawCmdResult: 
2022-01-29 21:54:18.775 20100-20100/com.example.ids_for_can D/com.example.ids_for_can.MainActivity: Stopping live data...
2022-01-29 21:54:18.775 20100-20100/com.example.ids_for_can D/com.example.ids_for_can.connectivity.ObdGatewayService: Stopping service..
2022-01-29 21:54:18.776 20100-20100/com.example.ids_for_can D/BluetoothSocket: close() this: android.bluetooth.BluetoothSocket@50421f0, channel: 1, mSocketIS: android.net.LocalSocketImpl$SocketInputStream@4b9c369, mSocketOS: android.net.LocalSocketImpl$SocketOutputStream@8d861eemSocket: android.net.LocalSocket@e0c668f impl:android.net.LocalSocketImpl@4216d1c fd:java.io.FileDescriptor@1222d25, mSocketState: CONNECTED
2022-01-29 21:54:18.778 20100-20100/com.example.ids_for_can D/com.example.ids_for_can.MainActivity: Unbinding OBD service..
2022-01-29 21:54:18.794 20100-20100/com.example.ids_for_can D/com.example.ids_for_can.connectivity.AbstractGatewayService: Destroying service...
2022-01-29 21:54:18.794 20100-20100/com.example.ids_for_can D/com.example.ids_for_can.connectivity.AbstractGatewayService: Service destroyed.
2022-01-29 21:54:19.100 20100-20126/com.example.ids_for_can D/OpenGLRenderer: endAllActiveAnimators on 0xb400007c4c3790a0 (MenuPopupWindow$MenuDropDownListView) with handle 0xb400007b5c3bcfa0
2022-01-29 21:54:21.510 20100-20100/com.example.ids_for_can D/com.example.ids_for_can.MainActivity: Starting IDS...
2022-01-29 21:54:21.512 20100-20100/com.example.ids_for_can D/com.example.ids_for_can.MainActivity: Binding OBD service..
2022-01-29 21:54:21.535 20100-20100/com.example.ids_for_can D/com.example.ids_for_can.connectivity.AbstractGatewayService: Creating service...
2022-01-29 21:54:21.536 20100-20100/com.example.ids_for_can D/com.example.ids_for_can.connectivity.AbstractGatewayService: Service created.
2022-01-29 21:54:21.536 20100-20372/com.example.ids_for_can D/com.example.ids_for_can.connectivity.ObdGatewayService: Executing queue...
2022-01-29 21:54:21.541 20100-20100/com.example.ids_for_can D/com.example.ids_for_can.MainActivity: ComponentInfo{com.example.ids_for_can/com.example.ids_for_can.connectivity.ObdGatewayService} service is bound
2022-01-29 21:54:21.541 20100-20100/com.example.ids_for_can D/com.example.ids_for_can.MainActivity: START LIVE DATA
2022-01-29 21:54:21.541 20100-20100/com.example.ids_for_can D/com.example.ids_for_can.connectivity.ObdGatewayService: Starting service...
2022-01-29 21:54:21.541 20100-20100/com.example.ids_for_can D/com.example.ids_for_can.connectivity.ObdGatewayService: Stopping Bluetooth discovery.
2022-01-29 21:54:21.545 20100-20100/com.example.ids_for_can D/com.example.ids_for_can.connectivity.ObdGatewayService: Starting OBD connection...
2022-01-29 21:54:21.545 20100-20100/com.example.ids_for_can D/com.example.ids_for_can.connectivity.BluetoothManager: Starting Bluetooth connection...
2022-01-29 21:54:22.131 20100-20100/com.example.ids_for_can D/com.example.ids_for_can.connectivity.ObdGatewayService: Queueing jobs for connection configuration...
2022-01-29 21:54:22.131 20100-20100/com.example.ids_for_can D/com.example.ids_for_can.connectivity.AbstractGatewayService: Adding job[1] to queue...
2022-01-29 21:54:22.131 20100-20100/com.example.ids_for_can D/com.example.ids_for_can.connectivity.AbstractGatewayService: Job queued successfully.
2022-01-29 21:54:22.131 20100-20372/com.example.ids_for_can D/com.example.ids_for_can.connectivity.ObdGatewayService: Taking job[1] from queue...
2022-01-29 21:54:22.131 20100-20372/com.example.ids_for_can D/com.example.ids_for_can.connectivity.ObdGatewayService: Job state is NEW. Run it...
2022-01-29 21:54:22.632 20100-20100/com.example.ids_for_can D/com.example.ids_for_can.connectivity.AbstractGatewayService: Adding job[2] to queue...
2022-01-29 21:54:22.633 20100-20100/com.example.ids_for_can D/com.example.ids_for_can.connectivity.AbstractGatewayService: Job queued successfully.
2022-01-29 21:54:22.633 20100-20100/com.example.ids_for_can D/com.example.ids_for_can.connectivity.AbstractGatewayService: Adding job[3] to queue...
2022-01-29 21:54:22.633 20100-20100/com.example.ids_for_can D/com.example.ids_for_can.connectivity.AbstractGatewayService: Job queued successfully.
2022-01-29 21:54:22.633 20100-20100/com.example.ids_for_can D/com.example.ids_for_can.connectivity.AbstractGatewayService: Adding job[4] to queue...
2022-01-29 21:54:22.633 20100-20100/com.example.ids_for_can D/com.example.ids_for_can.connectivity.AbstractGatewayService: Job queued successfully.
2022-01-29 21:54:22.633 20100-20100/com.example.ids_for_can D/com.example.ids_for_can.connectivity.AbstractGatewayService: Adding job[5] to queue...
2022-01-29 21:54:22.633 20100-20100/com.example.ids_for_can D/com.example.ids_for_can.connectivity.AbstractGatewayService: Job queued successfully.
2022-01-29 21:54:22.634 20100-20100/com.example.ids_for_can D/com.example.ids_for_can.connectivity.ObdGatewayService: Initialization jobs queued.
2022-01-29 21:54:22.639 20100-20100/com.example.ids_for_can I/Choreographer: Skipped 99 frames!  The application may be doing too much work on its main thread.
2022-01-29 21:54:22.644 20100-20126/com.example.ids_for_can D/OpenGLRenderer: endAllActiveAnimators on 0xb400007c4c391fc0 (MenuPopupWindow$MenuDropDownListView) with handle 0xb400007b5c3b4ed0
2022-01-29 21:54:22.662 20100-20136/com.example.ids_for_can I/OpenGLRenderer: Davey! duration=1114ms; Flags=0, FrameTimelineVsyncId=6595957, IntendedVsync=333017891760108, Vsync=333018991760097, InputEventId=0, HandleInputStart=333018993185135, AnimationStart=333018993187948, PerformTraversalsStart=333019002864459, DrawStart=333019003024303, FrameDeadline=333017912260108, FrameInterval=333018993081698, FrameStartTime=11111111, SyncQueued=333019003289355, SyncStart=333019003363678, IssueDrawCommandsStart=333019003434199, SwapBuffers=333019004046855, FrameCompleted=333019006232324, DequeueBufferDuration=11198, QueueBufferDuration=411459, GpuCompleted=333019006232324, SwapBuffersCompleted=333019004750188, DisplayPresentTime=0, 
2022-01-29 21:54:23.321 20100-20372/com.example.ids_for_can D/ContentValues: readRawData -- ATMAString
2022-01-29 21:54:23.322 20100-20372/com.example.ids_for_can D/ContentValues: ELM327 v1.5
2022-01-29 21:54:23.322 20100-20372/com.example.ids_for_can D/ContentValues: readRawData -- rawData -- SEARCHING_PATTERN
2022-01-29 21:54:23.322 20100-20372/com.example.ids_for_can D/ContentValues: ELM327 v1.5
2022-01-29 21:54:23.322 20100-20372/com.example.ids_for_can D/ContentValues: readRawData -- rawData -- WHITESPACE PATTERN
2022-01-29 21:54:23.322 20100-20372/com.example.ids_for_can D/ContentValues: ELM327v1.5
2022-01-29 21:54:23.322 20100-20372/com.example.ids_for_can D/ContentValues: ATMAArray
2022-01-29 21:54:23.322 20100-20372/com.example.ids_for_can D/ContentValues: ELM327 v1.5
2022-01-29 21:54:23.322 20100-20372/com.example.ids_for_can D/ContentValues: ATMAMap
2022-01-29 21:54:23.322 20100-20372/com.example.ids_for_can D/ContentValues: {ELM327=[v1.5]}
2022-01-29 21:54:23.322 20100-20372/com.example.ids_for_can D/com.example.ids_for_can.connectivity.ObdGatewayService: Taking job[2] from queue...
2022-01-29 21:54:23.322 20100-20372/com.example.ids_for_can D/com.example.ids_for_can.connectivity.ObdGatewayService: Job state is NEW. Run it...
2022-01-29 21:54:23.327 20100-20100/com.example.ids_for_can D/com.example.ids_for_can.MainActivity: cmdID: Reset OBD, cmdResult: ELM327v1.5
2022-01-29 21:54:23.327 20100-20100/com.example.ids_for_can D/com.example.ids_for_can.MainActivity: cmdID: Reset OBD, rawCmdResult: ELM327v1.5
2022-01-29 21:54:24.020 20100-20372/com.example.ids_for_can D/ContentValues: readRawData -- ATMAString
2022-01-29 21:54:24.020 20100-20372/com.example.ids_for_can D/ContentValues: AT E0OK
2022-01-29 21:54:24.020 20100-20372/com.example.ids_for_can D/ContentValues: readRawData -- rawData -- SEARCHING_PATTERN
2022-01-29 21:54:24.020 20100-20372/com.example.ids_for_can D/ContentValues: AT E0OK
2022-01-29 21:54:24.020 20100-20372/com.example.ids_for_can D/ContentValues: readRawData -- rawData -- WHITESPACE PATTERN
2022-01-29 21:54:24.020 20100-20372/com.example.ids_for_can D/ContentValues: ATE0OK
2022-01-29 21:54:24.021 20100-20372/com.example.ids_for_can D/ContentValues: ATMAArray
2022-01-29 21:54:24.021 20100-20372/com.example.ids_for_can D/ContentValues: AT E0OK
2022-01-29 21:54:24.021 20100-20372/com.example.ids_for_can D/ContentValues: ATMAMap
2022-01-29 21:54:24.021 20100-20372/com.example.ids_for_can D/ContentValues: {ELM327=[v1.5], AT=[E0OK]}
2022-01-29 21:54:24.021 20100-20372/com.example.ids_for_can D/com.example.ids_for_can.connectivity.ObdGatewayService: Taking job[3] from queue...
2022-01-29 21:54:24.022 20100-20372/com.example.ids_for_can D/com.example.ids_for_can.connectivity.ObdGatewayService: Job state is NEW. Run it...
2022-01-29 21:54:24.026 20100-20100/com.example.ids_for_can D/com.example.ids_for_can.MainActivity: cmdID: Echo Off, cmdResult: ATE0OK
2022-01-29 21:54:24.026 20100-20100/com.example.ids_for_can D/com.example.ids_for_can.MainActivity: cmdID: Echo Off, rawCmdResult: ATE0OK
2022-01-29 21:54:24.608 20100-20372/com.example.ids_for_can D/ContentValues: readRawData -- ATMAString
2022-01-29 21:54:24.608 20100-20372/com.example.ids_for_can D/ContentValues: OK
2022-01-29 21:54:24.608 20100-20372/com.example.ids_for_can D/ContentValues: readRawData -- rawData -- SEARCHING_PATTERN
2022-01-29 21:54:24.608 20100-20372/com.example.ids_for_can D/ContentValues: OK
2022-01-29 21:54:24.609 20100-20372/com.example.ids_for_can D/ContentValues: readRawData -- rawData -- WHITESPACE PATTERN
2022-01-29 21:54:24.609 20100-20372/com.example.ids_for_can D/ContentValues: OK
2022-01-29 21:54:24.609 20100-20372/com.example.ids_for_can D/ContentValues: ATMAArray
2022-01-29 21:54:24.609 20100-20372/com.example.ids_for_can D/ContentValues: OK
2022-01-29 21:54:24.609 20100-20372/com.example.ids_for_can E/com.example.ids_for_can.connectivity.ObdGatewayService: java.lang.ArrayIndexOutOfBoundsException: length=1; index=1
2022-01-29 21:54:24.609 20100-20372/com.example.ids_for_can E/com.example.ids_for_can.connectivity.ObdGatewayService: Failed to run command. -> length=1; index=1
2022-01-29 21:54:24.610 20100-20372/com.example.ids_for_can D/com.example.ids_for_can.connectivity.ObdGatewayService: Taking job[4] from queue...
2022-01-29 21:54:24.610 20100-20372/com.example.ids_for_can D/com.example.ids_for_can.connectivity.ObdGatewayService: Job state is NEW. Run it...
2022-01-29 21:54:24.614 20100-20100/com.example.ids_for_can D/com.example.ids_for_can.MainActivity: cmdID: Echo Off, cmdResult: OK
2022-01-29 21:54:24.614 20100-20100/com.example.ids_for_can D/com.example.ids_for_can.MainActivity: cmdID: Echo Off, rawCmdResult: 
2022-01-29 21:54:25.206 20100-20372/com.example.ids_for_can D/ContentValues: readRawData -- ATMAString
2022-01-29 21:54:25.206 20100-20372/com.example.ids_for_can D/ContentValues: OK
2022-01-29 21:54:25.206 20100-20372/com.example.ids_for_can D/ContentValues: readRawData -- rawData -- SEARCHING_PATTERN
2022-01-29 21:54:25.207 20100-20372/com.example.ids_for_can D/ContentValues: OK
2022-01-29 21:54:25.207 20100-20372/com.example.ids_for_can D/ContentValues: readRawData -- rawData -- WHITESPACE PATTERN
2022-01-29 21:54:25.207 20100-20372/com.example.ids_for_can D/ContentValues: OK
2022-01-29 21:54:25.207 20100-20372/com.example.ids_for_can D/ContentValues: ATMAArray
2022-01-29 21:54:25.207 20100-20372/com.example.ids_for_can D/ContentValues: OK
2022-01-29 21:54:25.207 20100-20372/com.example.ids_for_can E/com.example.ids_for_can.connectivity.ObdGatewayService: java.lang.ArrayIndexOutOfBoundsException: length=1; index=1
2022-01-29 21:54:25.208 20100-20372/com.example.ids_for_can E/com.example.ids_for_can.connectivity.ObdGatewayService: Failed to run command. -> length=1; index=1
2022-01-29 21:54:25.208 20100-20372/com.example.ids_for_can D/com.example.ids_for_can.connectivity.ObdGatewayService: Taking job[5] from queue...
2022-01-29 21:54:25.208 20100-20372/com.example.ids_for_can D/com.example.ids_for_can.connectivity.ObdGatewayService: Job state is NEW. Run it...
2022-01-29 21:54:25.221 20100-20100/com.example.ids_for_can D/com.example.ids_for_can.MainActivity: cmdID: Timeout, cmdResult: OK
2022-01-29 21:54:25.221 20100-20100/com.example.ids_for_can D/com.example.ids_for_can.MainActivity: cmdID: Timeout, rawCmdResult: 
2022-01-29 21:54:25.536 20100-20100/com.example.ids_for_can D/com.example.ids_for_can.connectivity.AbstractGatewayService: Adding job[1] to queue...
2022-01-29 21:54:25.536 20100-20100/com.example.ids_for_can D/com.example.ids_for_can.connectivity.AbstractGatewayService: Job queued successfully.
2022-01-29 21:54:25.536 20100-20100/com.example.ids_for_can D/com.example.ids_for_can.connectivity.AbstractGatewayService: Adding job[2] to queue...
2022-01-29 21:54:25.537 20100-20100/com.example.ids_for_can D/com.example.ids_for_can.connectivity.AbstractGatewayService: Job queued successfully.
2022-01-29 21:54:25.537 20100-20100/com.example.ids_for_can D/com.example.ids_for_can.connectivity.AbstractGatewayService: Adding job[3] to queue...
2022-01-29 21:54:25.537 20100-20100/com.example.ids_for_can D/com.example.ids_for_can.connectivity.AbstractGatewayService: Job queued successfully.
2022-01-29 21:54:25.538 20100-20100/com.example.ids_for_can D/com.example.ids_for_can.connectivity.AbstractGatewayService: Adding job[4] to queue...
2022-01-29 21:54:25.538 20100-20100/com.example.ids_for_can D/com.example.ids_for_can.connectivity.AbstractGatewayService: Job queued successfully.
2022-01-29 21:54:25.538 20100-20100/com.example.ids_for_can D/com.example.ids_for_can.connectivity.AbstractGatewayService: Adding job[5] to queue...
2022-01-29 21:54:25.539 20100-20100/com.example.ids_for_can D/com.example.ids_for_can.connectivity.AbstractGatewayService: Job queued successfully.
2022-01-29 21:54:25.539 20100-20100/com.example.ids_for_can D/com.example.ids_for_can.connectivity.AbstractGatewayService: Adding job[6] to queue...
2022-01-29 21:54:25.539 20100-20100/com.example.ids_for_can D/com.example.ids_for_can.connectivity.AbstractGatewayService: Job queued successfully.
2022-01-29 21:54:25.539 20100-20100/com.example.ids_for_can D/com.example.ids_for_can.connectivity.AbstractGatewayService: Adding job[7] to queue...
2022-01-29 21:54:25.540 20100-20100/com.example.ids_for_can D/com.example.ids_for_can.connectivity.AbstractGatewayService: Job queued successfully.
2022-01-29 21:54:25.542 20100-20372/com.example.ids_for_can D/ContentValues: readRawData -- ATMAString
2022-01-29 21:54:25.542 20100-20372/com.example.ids_for_can D/ContentValues: OK
2022-01-29 21:54:25.542 20100-20372/com.example.ids_for_can D/ContentValues: readRawData -- rawData -- SEARCHING_PATTERN
2022-01-29 21:54:25.542 20100-20372/com.example.ids_for_can D/ContentValues: OK
2022-01-29 21:54:25.542 20100-20372/com.example.ids_for_can D/ContentValues: readRawData -- rawData -- WHITESPACE PATTERN
2022-01-29 21:54:25.542 20100-20372/com.example.ids_for_can D/ContentValues: OK
2022-01-29 21:54:25.543 20100-20372/com.example.ids_for_can D/ContentValues: ATMAArray
2022-01-29 21:54:25.543 20100-20372/com.example.ids_for_can D/ContentValues: OK
2022-01-29 21:54:25.543 20100-20372/com.example.ids_for_can E/com.example.ids_for_can.connectivity.ObdGatewayService: java.lang.ArrayIndexOutOfBoundsException: length=1; index=1
2022-01-29 21:54:25.543 20100-20372/com.example.ids_for_can E/com.example.ids_for_can.connectivity.ObdGatewayService: Failed to run command. -> length=1; index=1
2022-01-29 21:54:25.543 20100-20372/com.example.ids_for_can D/com.example.ids_for_can.connectivity.ObdGatewayService: Taking job[1] from queue...
2022-01-29 21:54:25.543 20100-20372/com.example.ids_for_can D/com.example.ids_for_can.connectivity.ObdGatewayService: Job state is NEW. Run it...
2022-01-29 21:54:25.547 20100-20100/com.example.ids_for_can D/com.example.ids_for_can.MainActivity: cmdID: Select Protocol AUTO, cmdResult: OK
2022-01-29 21:54:25.547 20100-20100/com.example.ids_for_can D/com.example.ids_for_can.MainActivity: cmdID: Select Protocol AUTO, rawCmdResult: 
2022-01-29 21:54:26.138 20100-20372/com.example.ids_for_can D/ContentValues: readRawData -- ATMAString
2022-01-29 21:54:26.138 20100-20372/com.example.ids_for_can D/ContentValues: ELM327 v1.5
2022-01-29 21:54:26.138 20100-20372/com.example.ids_for_can D/ContentValues: readRawData -- rawData -- SEARCHING_PATTERN
2022-01-29 21:54:26.138 20100-20372/com.example.ids_for_can D/ContentValues: ELM327 v1.5
2022-01-29 21:54:26.138 20100-20372/com.example.ids_for_can D/ContentValues: readRawData -- rawData -- WHITESPACE PATTERN
2022-01-29 21:54:26.138 20100-20372/com.example.ids_for_can D/ContentValues: ELM327v1.5
2022-01-29 21:54:26.139 20100-20372/com.example.ids_for_can D/ContentValues: ATMAArray
2022-01-29 21:54:26.139 20100-20372/com.example.ids_for_can D/ContentValues: ELM327 v1.5
2022-01-29 21:54:26.139 20100-20372/com.example.ids_for_can D/ContentValues: ATMAMap
2022-01-29 21:54:26.139 20100-20372/com.example.ids_for_can D/ContentValues: {ELM327=[v1.5, v1.5], AT=[E0OK]}
2022-01-29 21:54:26.139 20100-20372/com.example.ids_for_can D/com.example.ids_for_can.connectivity.ObdGatewayService: Taking job[2] from queue...
2022-01-29 21:54:26.139 20100-20372/com.example.ids_for_can D/com.example.ids_for_can.connectivity.ObdGatewayService: Job state is NEW. Run it...
2022-01-29 21:54:26.144 20100-20100/com.example.ids_for_can D/com.example.ids_for_can.MainActivity: cmdID: WarmStart OBD, cmdResult: ELM327v1.5
2022-01-29 21:54:26.144 20100-20100/com.example.ids_for_can D/com.example.ids_for_can.MainActivity: cmdID: WarmStart OBD, rawCmdResult: ELM327v1.5
2022-01-29 21:54:26.488 20100-20372/com.example.ids_for_can D/ContentValues: readRawData -- ATMAString
2022-01-29 21:54:26.488 20100-20372/com.example.ids_for_can D/ContentValues: AT L1OK
2022-01-29 21:54:26.488 20100-20372/com.example.ids_for_can D/ContentValues: readRawData -- rawData -- SEARCHING_PATTERN
2022-01-29 21:54:26.488 20100-20372/com.example.ids_for_can D/ContentValues: AT L1OK
2022-01-29 21:54:26.489 20100-20372/com.example.ids_for_can D/ContentValues: readRawData -- rawData -- WHITESPACE PATTERN
2022-01-29 21:54:26.489 20100-20372/com.example.ids_for_can D/ContentValues: ATL1OK
2022-01-29 21:54:26.489 20100-20372/com.example.ids_for_can D/ContentValues: ATMAArray
2022-01-29 21:54:26.490 20100-20372/com.example.ids_for_can D/ContentValues: AT L1OK
2022-01-29 21:54:26.490 20100-20372/com.example.ids_for_can D/ContentValues: ATMAMap
2022-01-29 21:54:26.490 20100-20372/com.example.ids_for_can D/ContentValues: {ELM327=[v1.5, v1.5], AT=[E0OK, L1OK]}
2022-01-29 21:54:26.490 20100-20372/com.example.ids_for_can D/com.example.ids_for_can.connectivity.ObdGatewayService: Taking job[3] from queue...
2022-01-29 21:54:26.490 20100-20372/com.example.ids_for_can D/com.example.ids_for_can.connectivity.ObdGatewayService: Job state is NEW. Run it...
2022-01-29 21:54:26.496 20100-20100/com.example.ids_for_can D/com.example.ids_for_can.MainActivity: cmdID: Line Feed On, cmdResult: ATL1OK
2022-01-29 21:54:26.496 20100-20100/com.example.ids_for_can D/com.example.ids_for_can.MainActivity: cmdID: Line Feed On, rawCmdResult: ATL1OK
2022-01-29 21:54:26.837 20100-20372/com.example.ids_for_can D/ContentValues: readRawData -- ATMAString
2022-01-29 21:54:26.838 20100-20372/com.example.ids_for_can D/ContentValues: AT E0
    OK
2022-01-29 21:54:26.838 20100-20372/com.example.ids_for_can D/ContentValues: readRawData -- rawData -- SEARCHING_PATTERN
2022-01-29 21:54:26.838 20100-20372/com.example.ids_for_can D/ContentValues: AT E0
    OK
2022-01-29 21:54:26.838 20100-20372/com.example.ids_for_can D/ContentValues: readRawData -- rawData -- WHITESPACE PATTERN
2022-01-29 21:54:26.838 20100-20372/com.example.ids_for_can D/ContentValues: ATE0OK
2022-01-29 21:54:26.839 20100-20372/com.example.ids_for_can D/ContentValues: ATMAArray
2022-01-29 21:54:26.839 20100-20372/com.example.ids_for_can D/ContentValues: AT E0
