2022-01-29 21:54:31.771 20100-20372/com.example.ids_for_can D/ContentValues: readRawData -- rawData -- SEARCHING_PATTERN
2022-01-29 21:54:31.771 20100-20372/com.example.ids_for_can D/ContentValues: 7E8 03 41 07 7F 
2022-01-29 21:54:31.771 20100-20372/com.example.ids_for_can D/ContentValues: readRawData -- rawData -- WHITESPACE PATTERN
2022-01-29 21:54:31.771 20100-20372/com.example.ids_for_can D/ContentValues: 7E80341077F
2022-01-29 21:54:31.772 20100-20372/com.example.ids_for_can D/ContentValues: ATMAArray
2022-01-29 21:54:31.772 20100-20372/com.example.ids_for_can D/ContentValues: 7E8 03 41 07 7F 
2022-01-29 21:54:31.772 20100-20372/com.example.ids_for_can D/ContentValues: ATMAMap
2022-01-29 21:54:31.772 20100-20372/com.example.ids_for_can D/ContentValues: {1F5=[0F 0F 00 21 00 00 03 00 <DATA ERROR], 1A1=[00 10 00 00 00 00 00 00], 1C3=[06 2B 06 2B 00 00 00], NO=[DATA, DATA], ELM327=[v1.5, v1.5], 0C9=[00 00 00 0D 00 00 00 00], 191=[06 2B 09 0C 09 0C 00], 7E8=[04 41 42 2F AB, 04 41 44 FF FF, 04 41 21 00 08, 06 41 01 01 07 E5 00, 03 41 0E 80, 03 41 04 00, 04 41 0C 00 00, 04 41 1F 00 00, 04 41 10 00 00, 03 41 11 54, 03 41 2F BC, 03 41 07 7F], 1ED=[00 00 00 00 00 00 08 00], 1EF=[00 00 00 00], AT=[E0OK, L1OK, E0], 7EA=[04 41 42 00 00, 04 41 21 00 00, 06 41 01 00 04 00 00], 7EB=[04 41 42 00 00, 04 41 21 00 00, 06 41 01 00 04 00 00], 1AF=[00 00 00], 0F1=[34 06 00], 19D=[80 00 3F FE 00 00 00 FF <DATA ERROR]}
2022-01-29 21:54:31.773 20100-20372/com.example.ids_for_can D/com.example.ids_for_can.connectivity.ObdGatewayService: Taking job[24] from queue...
2022-01-29 21:54:31.773 20100-20372/com.example.ids_for_can D/com.example.ids_for_can.connectivity.ObdGatewayService: Job state is NEW. Run it...
2022-01-29 21:54:31.778 20100-20100/com.example.ids_for_can D/com.example.ids_for_can.MainActivity: cmdID: Long Term Fuel Trim Bank 1, cmdResult: 0.0%
2022-01-29 21:54:31.778 20100-20100/com.example.ids_for_can D/com.example.ids_for_can.MainActivity: cmdID: Long Term Fuel Trim Bank 1, rawCmdResult: 7E80341077F
2022-01-29 21:54:31.939 20100-20372/com.example.ids_for_can D/ContentValues: readRawData -- ATMAString
2022-01-29 21:54:31.939 20100-20372/com.example.ids_for_can D/ContentValues: 7E8 03 41 09 7F 
2022-01-29 21:54:31.940 20100-20372/com.example.ids_for_can D/ContentValues: readRawData -- rawData -- SEARCHING_PATTERN
2022-01-29 21:54:31.940 20100-20372/com.example.ids_for_can D/ContentValues: 7E8 03 41 09 7F 
2022-01-29 21:54:31.940 20100-20372/com.example.ids_for_can D/ContentValues: readRawData -- rawData -- WHITESPACE PATTERN
2022-01-29 21:54:31.940 20100-20372/com.example.ids_for_can D/ContentValues: 7E80341097F
2022-01-29 21:54:31.940 20100-20372/com.example.ids_for_can D/ContentValues: ATMAArray
2022-01-29 21:54:31.940 20100-20372/com.example.ids_for_can D/ContentValues: 7E8 03 41 09 7F 
2022-01-29 21:54:31.940 20100-20372/com.example.ids_for_can D/ContentValues: ATMAMap
2022-01-29 21:54:31.941 20100-20372/com.example.ids_for_can D/ContentValues: {1F5=[0F 0F 00 21 00 00 03 00 <DATA ERROR], 1A1=[00 10 00 00 00 00 00 00], 1C3=[06 2B 06 2B 00 00 00], NO=[DATA, DATA], ELM327=[v1.5, v1.5], 0C9=[00 00 00 0D 00 00 00 00], 191=[06 2B 09 0C 09 0C 00], 7E8=[04 41 42 2F AB, 04 41 44 FF FF, 04 41 21 00 08, 06 41 01 01 07 E5 00, 03 41 0E 80, 03 41 04 00, 04 41 0C 00 00, 04 41 1F 00 00, 04 41 10 00 00, 03 41 11 54, 03 41 2F BC, 03 41 07 7F, 03 41 09 7F], 1ED=[00 00 00 00 00 00 08 00], 1EF=[00 00 00 00], AT=[E0OK, L1OK, E0], 7EA=[04 41 42 00 00, 04 41 21 00 00, 06 41 01 00 04 00 00], 7EB=[04 41 42 00 00, 04 41 21 00 00, 06 41 01 00 04 00 00], 1AF=[00 00 00], 0F1=[34 06 00], 19D=[80 00 3F FE 00 00 00 FF <DATA ERROR]}
2022-01-29 21:54:31.941 20100-20372/com.example.ids_for_can D/com.example.ids_for_can.connectivity.ObdGatewayService: Taking job[25] from queue...
2022-01-29 21:54:31.941 20100-20372/com.example.ids_for_can D/com.example.ids_for_can.connectivity.ObdGatewayService: Job state is NEW. Run it...
2022-01-29 21:54:31.945 20100-20100/com.example.ids_for_can D/com.example.ids_for_can.MainActivity: cmdID: Long Term Fuel Trim Bank 2, cmdResult: 0.0%
2022-01-29 21:54:31.945 20100-20100/com.example.ids_for_can D/com.example.ids_for_can.MainActivity: cmdID: Long Term Fuel Trim Bank 2, rawCmdResult: 7E80341097F
2022-01-29 21:54:32.136 20100-20372/com.example.ids_for_can D/ContentValues: readRawData -- ATMAString
2022-01-29 21:54:32.136 20100-20372/com.example.ids_for_can D/ContentValues: 7E8 03 41 06 80 
2022-01-29 21:54:32.137 20100-20372/com.example.ids_for_can D/ContentValues: readRawData -- rawData -- SEARCHING_PATTERN
2022-01-29 21:54:32.137 20100-20372/com.example.ids_for_can D/ContentValues: 7E8 03 41 06 80 
2022-01-29 21:54:32.137 20100-20372/com.example.ids_for_can D/ContentValues: readRawData -- rawData -- WHITESPACE PATTERN
2022-01-29 21:54:32.137 20100-20372/com.example.ids_for_can D/ContentValues: 7E803410680
2022-01-29 21:54:32.137 20100-20372/com.example.ids_for_can D/ContentValues: ATMAArray
2022-01-29 21:54:32.137 20100-20372/com.example.ids_for_can D/ContentValues: 7E8 03 41 06 80 
2022-01-29 21:54:32.137 20100-20372/com.example.ids_for_can D/ContentValues: ATMAMap
2022-01-29 21:54:32.138 20100-20372/com.example.ids_for_can D/ContentValues: {1F5=[0F 0F 00 21 00 00 03 00 <DATA ERROR], 1A1=[00 10 00 00 00 00 00 00], 1C3=[06 2B 06 2B 00 00 00], NO=[DATA, DATA], ELM327=[v1.5, v1.5], 0C9=[00 00 00 0D 00 00 00 00], 191=[06 2B 09 0C 09 0C 00], 7E8=[04 41 42 2F AB, 04 41 44 FF FF, 04 41 21 00 08, 06 41 01 01 07 E5 00, 03 41 0E 80, 03 41 04 00, 04 41 0C 00 00, 04 41 1F 00 00, 04 41 10 00 00, 03 41 11 54, 03 41 2F BC, 03 41 07 7F, 03 41 09 7F, 03 41 06 80], 1ED=[00 00 00 00 00 00 08 00], 1EF=[00 00 00 00], AT=[E0OK, L1OK, E0], 7EA=[04 41 42 00 00, 04 41 21 00 00, 06 41 01 00 04 00 00], 7EB=[04 41 42 00 00, 04 41 21 00 00, 06 41 01 00 04 00 00], 1AF=[00 00 00], 0F1=[34 06 00], 19D=[80 00 3F FE 00 00 00 FF <DATA ERROR]}
2022-01-29 21:54:32.138 20100-20372/com.example.ids_for_can D/com.example.ids_for_can.connectivity.ObdGatewayService: Taking job[26] from queue...
2022-01-29 21:54:32.138 20100-20372/com.example.ids_for_can D/com.example.ids_for_can.connectivity.ObdGatewayService: Job state is NEW. Run it...
2022-01-29 21:54:32.143 20100-20100/com.example.ids_for_can D/com.example.ids_for_can.MainActivity: cmdID: Short Term Fuel Trim Bank 1, cmdResult: 0.0%
2022-01-29 21:54:32.143 20100-20100/com.example.ids_for_can D/com.example.ids_for_can.MainActivity: cmdID: Short Term Fuel Trim Bank 1, rawCmdResult: 7E803410680
2022-01-29 21:54:32.494 20100-20372/com.example.ids_for_can D/ContentValues: readRawData -- ATMAString
2022-01-29 21:54:32.494 20100-20372/com.example.ids_for_can D/ContentValues: 7E8 03 41 08 80 
2022-01-29 21:54:32.494 20100-20372/com.example.ids_for_can D/ContentValues: readRawData -- rawData -- SEARCHING_PATTERN
2022-01-29 21:54:32.494 20100-20372/com.example.ids_for_can D/ContentValues: 7E8 03 41 08 80 
2022-01-29 21:54:32.494 20100-20372/com.example.ids_for_can D/ContentValues: readRawData -- rawData -- WHITESPACE PATTERN
2022-01-29 21:54:32.494 20100-20372/com.example.ids_for_can D/ContentValues: 7E803410880
2022-01-29 21:54:32.495 20100-20372/com.example.ids_for_can D/ContentValues: ATMAArray
2022-01-29 21:54:32.495 20100-20372/com.example.ids_for_can D/ContentValues: 7E8 03 41 08 80 
2022-01-29 21:54:32.495 20100-20372/com.example.ids_for_can D/ContentValues: ATMAMap
2022-01-29 21:54:32.495 20100-20372/com.example.ids_for_can D/ContentValues: {1F5=[0F 0F 00 21 00 00 03 00 <DATA ERROR], 1A1=[00 10 00 00 00 00 00 00], 1C3=[06 2B 06 2B 00 00 00], NO=[DATA, DATA], ELM327=[v1.5, v1.5], 0C9=[00 00 00 0D 00 00 00 00], 191=[06 2B 09 0C 09 0C 00], 7E8=[04 41 42 2F AB, 04 41 44 FF FF, 04 41 21 00 08, 06 41 01 01 07 E5 00, 03 41 0E 80, 03 41 04 00, 04 41 0C 00 00, 04 41 1F 00 00, 04 41 10 00 00, 03 41 11 54, 03 41 2F BC, 03 41 07 7F, 03 41 09 7F, 03 41 06 80, 03 41 08 80], 1ED=[00 00 00 00 00 00 08 00], 1EF=[00 00 00 00], AT=[E0OK, L1OK, E0], 7EA=[04 41 42 00 00, 04 41 21 00 00, 06 41 01 00 04 00 00], 7EB=[04 41 42 00 00, 04 41 21 00 00, 06 41 01 00 04 00 00], 1AF=[00 00 00], 0F1=[34 06 00], 19D=[80 00 3F FE 00 00 00 FF <DATA ERROR]}
2022-01-29 21:54:32.496 20100-20372/com.example.ids_for_can D/com.example.ids_for_can.connectivity.ObdGatewayService: Taking job[27] from queue...
2022-01-29 21:54:32.496 20100-20372/com.example.ids_for_can D/com.example.ids_for_can.connectivity.ObdGatewayService: Job state is NEW. Run it...
2022-01-29 21:54:32.500 20100-20100/com.example.ids_for_can D/com.example.ids_for_can.MainActivity: cmdID: Short Term Fuel Trim Bank 2, cmdResult: 0.0%
2022-01-29 21:54:32.500 20100-20100/com.example.ids_for_can D/com.example.ids_for_can.MainActivity: cmdID: Short Term Fuel Trim Bank 2, rawCmdResult: 7E803410880
2022-01-29 21:54:32.748 20100-20372/com.example.ids_for_can D/ContentValues: readRawData -- ATMAString
2022-01-29 21:54:32.748 20100-20372/com.example.ids_for_can D/ContentValues: 7E8 04 41 44 FF FF 
2022-01-29 21:54:32.749 20100-20372/com.example.ids_for_can D/ContentValues: readRawData -- rawData -- SEARCHING_PATTERN
2022-01-29 21:54:32.749 20100-20372/com.example.ids_for_can D/ContentValues: 7E8 04 41 44 FF FF 
2022-01-29 21:54:32.749 20100-20372/com.example.ids_for_can D/ContentValues: readRawData -- rawData -- WHITESPACE PATTERN
2022-01-29 21:54:32.749 20100-20372/com.example.ids_for_can D/ContentValues: 7E8044144FFFF
2022-01-29 21:54:32.750 20100-20372/com.example.ids_for_can D/ContentValues: ATMAArray
2022-01-29 21:54:32.750 20100-20372/com.example.ids_for_can D/ContentValues: 7E8 04 41 44 FF FF 
2022-01-29 21:54:32.750 20100-20372/com.example.ids_for_can D/ContentValues: ATMAMap
2022-01-29 21:54:32.750 20100-20372/com.example.ids_for_can D/ContentValues: {1F5=[0F 0F 00 21 00 00 03 00 <DATA ERROR], 1A1=[00 10 00 00 00 00 00 00], 1C3=[06 2B 06 2B 00 00 00], NO=[DATA, DATA], ELM327=[v1.5, v1.5], 0C9=[00 00 00 0D 00 00 00 00], 191=[06 2B 09 0C 09 0C 00], 7E8=[04 41 42 2F AB, 04 41 44 FF FF, 04 41 21 00 08, 06 41 01 01 07 E5 00, 03 41 0E 80, 03 41 04 00, 04 41 0C 00 00, 04 41 1F 00 00, 04 41 10 00 00, 03 41 11 54, 03 41 2F BC, 03 41 07 7F, 03 41 09 7F, 03 41 06 80, 03 41 08 80, 04 41 44 FF FF], 1ED=[00 00 00 00 00 00 08 00], 1EF=[00 00 00 00], AT=[E0OK, L1OK, E0], 7EA=[04 41 42 00 00, 04 41 21 00 00, 06 41 01 00 04 00 00], 7EB=[04 41 42 00 00, 04 41 21 00 00, 06 41 01 00 04 00 00], 1AF=[00 00 00], 0F1=[34 06 00], 19D=[80 00 3F FE 00 00 00 FF <DATA ERROR]}
2022-01-29 21:54:32.751 20100-20372/com.example.ids_for_can D/com.example.ids_for_can.connectivity.ObdGatewayService: Taking job[28] from queue...
2022-01-29 21:54:32.751 20100-20372/com.example.ids_for_can D/com.example.ids_for_can.connectivity.ObdGatewayService: Job state is NEW. Run it...
2022-01-29 21:54:32.757 20100-20100/com.example.ids_for_can D/com.example.ids_for_can.MainActivity: cmdID: AIR_FUEL_RATIO, cmdResult: 0.00:1 AFR
2022-01-29 21:54:32.757 20100-20100/com.example.ids_for_can D/com.example.ids_for_can.MainActivity: cmdID: AIR_FUEL_RATIO, rawCmdResult: 7E8044144FFFF
2022-01-29 21:54:33.189 20100-20372/com.example.ids_for_can D/ContentValues: readRawData -- ATMAString
2022-01-29 21:54:33.189 20100-20372/com.example.ids_for_can D/ContentValues: NO DATA
2022-01-29 21:54:33.189 20100-20372/com.example.ids_for_can D/ContentValues: readRawData -- rawData -- SEARCHING_PATTERN
2022-01-29 21:54:33.189 20100-20372/com.example.ids_for_can D/ContentValues: NO DATA
2022-01-29 21:54:33.190 20100-20372/com.example.ids_for_can D/ContentValues: readRawData -- rawData -- WHITESPACE PATTERN
2022-01-29 21:54:33.190 20100-20372/com.example.ids_for_can D/ContentValues: NODATA
2022-01-29 21:54:33.190 20100-20372/com.example.ids_for_can D/ContentValues: ATMAArray
2022-01-29 21:54:33.190 20100-20372/com.example.ids_for_can D/ContentValues: NO DATA
2022-01-29 21:54:33.190 20100-20372/com.example.ids_for_can D/ContentValues: ATMAMap
2022-01-29 21:54:33.191 20100-20372/com.example.ids_for_can D/ContentValues: {1F5=[0F 0F 00 21 00 00 03 00 <DATA ERROR], 1A1=[00 10 00 00 00 00 00 00], 1C3=[06 2B 06 2B 00 00 00], NO=[DATA, DATA, DATA], ELM327=[v1.5, v1.5], 0C9=[00 00 00 0D 00 00 00 00], 191=[06 2B 09 0C 09 0C 00], 7E8=[04 41 42 2F AB, 04 41 44 FF FF, 04 41 21 00 08, 06 41 01 01 07 E5 00, 03 41 0E 80, 03 41 04 00, 04 41 0C 00 00, 04 41 1F 00 00, 04 41 10 00 00, 03 41 11 54, 03 41 2F BC, 03 41 07 7F, 03 41 09 7F, 03 41 06 80, 03 41 08 80, 04 41 44 FF FF], 1ED=[00 00 00 00 00 00 08 00], 1EF=[00 00 00 00], AT=[E0OK, L1OK, E0], 7EA=[04 41 42 00 00, 04 41 21 00 00, 06 41 01 00 04 00 00], 7EB=[04 41 42 00 00, 04 41 21 00 00, 06 41 01 00 04 00 00], 1AF=[00 00 00], 0F1=[34 06 00], 19D=[80 00 3F FE 00 00 00 FF <DATA ERROR]}
2022-01-29 21:54:33.191 20100-20372/com.example.ids_for_can D/com.example.ids_for_can.connectivity.ObdGatewayService: Taking job[29] from queue...
2022-01-29 21:54:33.191 20100-20372/com.example.ids_for_can D/com.example.ids_for_can.connectivity.ObdGatewayService: Job state is NEW. Run it...
2022-01-29 21:54:33.197 20100-20100/com.example.ids_for_can D/com.example.ids_for_can.MainActivity: cmdID: WIDEBAND_AIR_FUEL_RATIO, cmdResult: 0.00:1 AFR
2022-01-29 21:54:33.197 20100-20100/com.example.ids_for_can D/com.example.ids_for_can.MainActivity: cmdID: WIDEBAND_AIR_FUEL_RATIO, rawCmdResult: NODATA
2022-01-29 21:54:33.633 20100-20372/com.example.ids_for_can D/ContentValues: readRawData -- ATMAString
2022-01-29 21:54:33.633 20100-20372/com.example.ids_for_can D/ContentValues: NO DATA
2022-01-29 21:54:33.633 20100-20372/com.example.ids_for_can D/ContentValues: readRawData -- rawData -- SEARCHING_PATTERN
2022-01-29 21:54:33.633 20100-20372/com.example.ids_for_can D/ContentValues: NO DATA
2022-01-29 21:54:33.634 20100-20372/com.example.ids_for_can D/ContentValues: readRawData -- rawData -- WHITESPACE PATTERN
2022-01-29 21:54:33.634 20100-20372/com.example.ids_for_can D/ContentValues: NODATA
2022-01-29 21:54:33.634 20100-20372/com.example.ids_for_can D/ContentValues: ATMAArray
2022-01-29 21:54:33.634 20100-20372/com.example.ids_for_can D/ContentValues: NO DATA
2022-01-29 21:54:33.634 20100-20372/com.example.ids_for_can D/ContentValues: ATMAMap
2022-01-29 21:54:33.634 20100-20372/com.example.ids_for_can D/ContentValues: {1F5=[0F 0F 00 21 00 00 03 00 <DATA ERROR], 1A1=[00 10 00 00 00 00 00 00], 1C3=[06 2B 06 2B 00 00 00], NO=[DATA, DATA, DATA, DATA], ELM327=[v1.5, v1.5], 0C9=[00 00 00 0D 00 00 00 00], 191=[06 2B 09 0C 09 0C 00], 7E8=[04 41 42 2F AB, 04 41 44 FF FF, 04 41 21 00 08, 06 41 01 01 07 E5 00, 03 41 0E 80, 03 41 04 00, 04 41 0C 00 00, 04 41 1F 00 00, 04 41 10 00 00, 03 41 11 54, 03 41 2F BC, 03 41 07 7F, 03 41 09 7F, 03 41 06 80, 03 41 08 80, 04 41 44 FF FF], 1ED=[00 00 00 00 00 00 08 00], 1EF=[00 00 00 00], AT=[E0OK, L1OK, E0], 7EA=[04 41 42 00 00, 04 41 21 00 00, 06 41 01 00 04 00 00], 7EB=[04 41 42 00 00, 04 41 21 00 00, 06 41 01 00 04 00 00], 1AF=[00 00 00], 0F1=[34 06 00], 19D=[80 00 3F FE 00 00 00 FF <DATA ERROR]}
2022-01-29 21:54:33.635 20100-20372/com.example.ids_for_can D/com.example.ids_for_can.connectivity.ObdGatewayService: Taking job[30] from queue...
2022-01-29 21:54:33.635 20100-20372/com.example.ids_for_can D/com.example.ids_for_can.connectivity.ObdGatewayService: Job state is NEW. Run it...
2022-01-29 21:54:33.639 20100-20100/com.example.ids_for_can D/com.example.ids_for_can.MainActivity: cmdID: ENGINE_OIL_TEMP, cmdResult: 0C
2022-01-29 21:54:33.639 20100-20100/com.example.ids_for_can D/com.example.ids_for_can.MainActivity: cmdID: ENGINE_OIL_TEMP, rawCmdResult: NODATA
2022-01-29 21:54:34.025 20100-20372/com.example.ids_for_can D/ContentValues: readRawData -- ATMAString
2022-01-29 21:54:34.025 20100-20372/com.example.ids_for_can D/ContentValues: 7E8 03 41 33 61 
2022-01-29 21:54:34.025 20100-20372/com.example.ids_for_can D/ContentValues: readRawData -- rawData -- SEARCHING_PATTERN
2022-01-29 21:54:34.025 20100-20372/com.example.ids_for_can D/ContentValues: 7E8 03 41 33 61 
2022-01-29 21:54:34.025 20100-20372/com.example.ids_for_can D/ContentValues: readRawData -- rawData -- WHITESPACE PATTERN
2022-01-29 21:54:34.025 20100-20372/com.example.ids_for_can D/ContentValues: 7E803413361
2022-01-29 21:54:34.026 20100-20372/com.example.ids_for_can D/ContentValues: ATMAArray
2022-01-29 21:54:34.026 20100-20372/com.example.ids_for_can D/ContentValues: 7E8 03 41 33 61 
2022-01-29 21:54:34.026 20100-20372/com.example.ids_for_can D/ContentValues: ATMAMap
2022-01-29 21:54:34.027 20100-20372/com.example.ids_for_can D/ContentValues: {1F5=[0F 0F 00 21 00 00 03 00 <DATA ERROR], 1A1=[00 10 00 00 00 00 00 00], 1C3=[06 2B 06 2B 00 00 00], NO=[DATA, DATA, DATA, DATA], ELM327=[v1.5, v1.5], 0C9=[00 00 00 0D 00 00 00 00], 191=[06 2B 09 0C 09 0C 00], 7E8=[04 41 42 2F AB, 04 41 44 FF FF, 04 41 21 00 08, 06 41 01 01 07 E5 00, 03 41 0E 80, 03 41 04 00, 04 41 0C 00 00, 04 41 1F 00 00, 04 41 10 00 00, 03 41 11 54, 03 41 2F BC, 03 41 07 7F, 03 41 09 7F, 03 41 06 80, 03 41 08 80, 04 41 44 FF FF, 03 41 33 61], 1ED=[00 00 00 00 00 00 08 00], 1EF=[00 00 00 00], AT=[E0OK, L1OK, E0], 7EA=[04 41 42 00 00, 04 41 21 00 00, 06 41 01 00 04 00 00], 7EB=[04 41 42 00 00, 04 41 21 00 00, 06 41 01 00 04 00 00], 1AF=[00 00 00], 0F1=[34 06 00], 19D=[80 00 3F FE 00 00 00 FF <DATA ERROR]}
2022-01-29 21:54:34.027 20100-20372/com.example.ids_for_can D/com.example.ids_for_can.connectivity.ObdGatewayService: Taking job[31] from queue...
2022-01-29 21:54:34.027 20100-20372/com.example.ids_for_can D/com.example.ids_for_can.connectivity.ObdGatewayService: Job state is NEW. Run it...
2022-01-29 21:54:34.034 20100-20100/com.example.ids_for_can D/com.example.ids_for_can.MainActivity: cmdID: BAROMETRIC_PRESSURE, cmdResult: 0kPa
2022-01-29 21:54:34.034 20100-20100/com.example.ids_for_can D/com.example.ids_for_can.MainActivity: cmdID: BAROMETRIC_PRESSURE, rawCmdResult: 7E803413361
2022-01-29 21:54:34.271 20100-20372/com.example.ids_for_can D/ContentValues: readRawData -- ATMAString
2022-01-29 21:54:34.271 20100-20372/com.example.ids_for_can D/ContentValues: 7EB 03 41 0A 17 
2022-01-29 21:54:34.271 20100-20372/com.example.ids_for_can D/ContentValues: readRawData -- rawData -- SEARCHING_PATTERN
2022-01-29 21:54:34.271 20100-20372/com.example.ids_for_can D/ContentValues: 7EB 03 41 0A 17 
2022-01-29 21:54:34.271 20100-20372/com.example.ids_for_can D/ContentValues: readRawData -- rawData -- WHITESPACE PATTERN
2022-01-29 21:54:34.271 20100-20372/com.example.ids_for_can D/ContentValues: 7EB03410A17
2022-01-29 21:54:34.272 20100-20372/com.example.ids_for_can D/ContentValues: ATMAArray
2022-01-29 21:54:34.272 20100-20372/com.example.ids_for_can D/ContentValues: 7EB 03 41 0A 17 
2022-01-29 21:54:34.272 20100-20372/com.example.ids_for_can D/ContentValues: ATMAMap
2022-01-29 21:54:34.272 20100-20372/com.example.ids_for_can D/ContentValues: {1F5=[0F 0F 00 21 00 00 03 00 <DATA ERROR], 1A1=[00 10 00 00 00 00 00 00], 1C3=[06 2B 06 2B 00 00 00], NO=[DATA, DATA, DATA, DATA], ELM327=[v1.5, v1.5], 0C9=[00 00 00 0D 00 00 00 00], 191=[06 2B 09 0C 09 0C 00], 7E8=[04 41 42 2F AB, 04 41 44 FF FF, 04 41 21 00 08, 06 41 01 01 07 E5 00, 03 41 0E 80, 03 41 04 00, 04 41 0C 00 00, 04 41 1F 00 00, 04 41 10 00 00, 03 41 11 54, 03 41 2F BC, 03 41 07 7F, 03 41 09 7F, 03 41 06 80, 03 41 08 80, 04 41 44 FF FF, 03 41 33 61], 1ED=[00 00 00 00 00 00 08 00], 1EF=[00 00 00 00], AT=[E0OK, L1OK, E0], 7EA=[04 41 42 00 00, 04 41 21 00 00, 06 41 01 00 04 00 00], 7EB=[04 41 42 00 00, 04 41 21 00 00, 06 41 01 00 04 00 00, 03 41 0A 17], 1AF=[00 00 00], 0F1=[34 06 00], 19D=[80 00 3F FE 00 00 00 FF <DATA ERROR]}
2022-01-29 21:54:34.273 20100-20372/com.example.ids_for_can D/com.example.ids_for_can.connectivity.ObdGatewayService: Taking job[32] from queue...
2022-01-29 21:54:34.273 20100-20372/com.example.ids_for_can D/com.example.ids_for_can.connectivity.ObdGatewayService: Job state is NEW. Run it...
2022-01-29 21:54:34.277 20100-20100/com.example.ids_for_can D/com.example.ids_for_can.MainActivity: cmdID: FUEL_PRESSURE, cmdResult: 0kPa
2022-01-29 21:54:34.278 20100-20100/com.example.ids_for_can D/com.example.ids_for_can.MainActivity: cmdID: FUEL_PRESSURE, rawCmdResult: 7EB03410A17
2022-01-29 21:54:34.498 20100-20372/com.example.ids_for_can D/ContentValues: readRawData -- ATMAString
2022-01-29 21:54:34.498 20100-20372/com.example.ids_for_can D/ContentValues: 7E8 04 41 23 00 06 
2022-01-29 21:54:34.498 20100-20372/com.example.ids_for_can D/ContentValues: readRawData -- rawData -- SEARCHING_PATTERN
2022-01-29 21:54:34.498 20100-20372/com.example.ids_for_can D/ContentValues: 7E8 04 41 23 00 06 
2022-01-29 21:54:34.499 20100-20372/com.example.ids_for_can D/ContentValues: readRawData -- rawData -- WHITESPACE PATTERN
2022-01-29 21:54:34.499 20100-20372/com.example.ids_for_can D/ContentValues: 7E80441230006
2022-01-29 21:54:34.499 20100-20372/com.example.ids_for_can D/ContentValues: ATMAArray
2022-01-29 21:54:34.500 20100-20372/com.example.ids_for_can D/ContentValues: 7E8 04 41 23 00 06 
2022-01-29 21:54:34.500 20100-20372/com.example.ids_for_can D/ContentValues: ATMAMap
2022-01-29 21:54:34.500 20100-20372/com.example.ids_for_can D/ContentValues: {1F5=[0F 0F 00 21 00 00 03 00 <DATA ERROR], 1A1=[00 10 00 00 00 00 00 00], 1C3=[06 2B 06 2B 00 00 00], NO=[DATA, DATA, DATA, DATA], ELM327=[v1.5, v1.5], 0C9=[00 00 00 0D 00 00 00 00], 191=[06 2B 09 0C 09 0C 00], 7E8=[04 41 42 2F AB, 04 41 44 FF FF, 04 41 21 00 08, 06 41 01 01 07 E5 00, 03 41 0E 80, 03 41 04 00, 04 41 0C 00 00, 04 41 1F 00 00, 04 41 10 00 00, 03 41 11 54, 03 41 2F BC, 03 41 07 7F, 03 41 09 7F, 03 41 06 80, 03 41 08 80, 04 41 44 FF FF, 03 41 33 61, 04 41 23 00 06], 1ED=[00 00 00 00 00 00 08 00], 1EF=[00 00 00 00], AT=[E0OK, L1OK, E0], 7EA=[04 41 42 00 00, 04 41 21 00 00, 06 41 01 00 04 00 00], 7EB=[04 41 42 00 00, 04 41 21 00 00, 06 41 01 00 04 00 00, 03 41 0A 17], 1AF=[00 00 00], 0F1=[34 06 00], 19D=[80 00 3F FE 00 00 00 FF <DATA ERROR]}
2022-01-29 21:54:34.500 20100-20372/com.example.ids_for_can D/com.example.ids_for_can.connectivity.ObdGatewayService: Taking job[33] from queue...
2022-01-29 21:54:34.500 20100-20372/com.example.ids_for_can D/com.example.ids_for_can.connectivity.ObdGatewayService: Job state is NEW. Run it...
2022-01-29 21:54:34.505 20100-20100/com.example.ids_for_can D/com.example.ids_for_can.MainActivity: cmdID: FUEL_RAIL_PRESSURE, cmdResult: 0kPa
2022-01-29 21:54:34.506 20100-20100/com.example.ids_for_can D/com.example.ids_for_can.MainActivity: cmdID: FUEL_RAIL_PRESSURE, rawCmdResult: 7E80441230006
2022-01-29 21:54:35.231 20100-20372/com.example.ids_for_can D/ContentValues: readRawData -- ATMAString
2022-01-29 21:54:35.231 20100-20372/com.example.ids_for_can D/ContentValues: NO DATA
2022-01-29 21:54:35.231 20100-20372/com.example.ids_for_can D/ContentValues: readRawData -- rawData -- SEARCHING_PATTERN
2022-01-29 21:54:35.231 20100-20372/com.example.ids_for_can D/ContentValues: NO DATA
2022-01-29 21:54:35.232 20100-20372/com.example.ids_for_can D/ContentValues: readRawData -- rawData -- WHITESPACE PATTERN
2022-01-29 21:54:35.232 20100-20372/com.example.ids_for_can D/ContentValues: NODATA
2022-01-29 21:54:35.232 20100-20372/com.example.ids_for_can D/ContentValues: ATMAArray
2022-01-29 21:54:35.232 20100-20372/com.example.ids_for_can D/ContentValues: NO DATA
2022-01-29 21:54:35.232 20100-20372/com.example.ids_for_can D/ContentValues: ATMAMap
2022-01-29 21:54:35.233 20100-20372/com.example.ids_for_can D/ContentValues: {1F5=[0F 0F 00 21 00 00 03 00 <DATA ERROR], 1A1=[00 10 00 00 00 00 00 00], 1C3=[06 2B 06 2B 00 00 00], NO=[DATA, DATA, DATA, DATA, DATA], ELM327=[v1.5, v1.5], 0C9=[00 00 00 0D 00 00 00 00], 191=[06 2B 09 0C 09 0C 00], 7E8=[04 41 42 2F AB, 04 41 44 FF FF, 04 41 21 00 08, 06 41 01 01 07 E5 00, 03 41 0E 80, 03 41 04 00, 04 41 0C 00 00, 04 41 1F 00 00, 04 41 10 00 00, 03 41 11 54, 03 41 2F BC, 03 41 07 7F, 03 41 09 7F, 03 41 06 80, 03 41 08 80, 04 41 44 FF FF, 03 41 33 61, 04 41 23 00 06], 1ED=[00 00 00 00 00 00 08 00], 1EF=[00 00 00 00], AT=[E0OK, L1OK, E0], 7EA=[04 41 42 00 00, 04 41 21 00 00, 06 41 01 00 04 00 00], 7EB=[04 41 42 00 00, 04 41 21 00 00, 06 41 01 00 04 00 00, 03 41 0A 17], 1AF=[00 00 00], 0F1=[34 06 00], 19D=[80 00 3F FE 00 00 00 FF <DATA ERROR]}
2022-01-29 21:54:35.233 20100-20372/com.example.ids_for_can D/com.example.ids_for_can.connectivity.ObdGatewayService: Taking job[34] from queue...
2022-01-29 21:54:35.233 20100-20372/com.example.ids_for_can D/com.example.ids_for_can.connectivity.ObdGatewayService: Job state is NEW. Run it...
2022-01-29 21:54:35.239 20100-20100/com.example.ids_for_can D/com.example.ids_for_can.MainActivity: cmdID: INTAKE_MANIFOLD_PRESSURE, cmdResult: 0kPa
2022-01-29 21:54:35.239 20100-20100/com.example.ids_for_can D/com.example.ids_for_can.MainActivity: cmdID: INTAKE_MANIFOLD_PRESSURE, rawCmdResult: NODATA
2022-01-29 21:54:35.701 20100-20372/com.example.ids_for_can D/ContentValues: readRawData -- ATMAString
2022-01-29 21:54:35.701 20100-20372/com.example.ids_for_can D/ContentValues: 7E8 03 41 0F 3E 
2022-01-29 21:54:35.701 20100-20372/com.example.ids_for_can D/ContentValues: readRawData -- rawData -- SEARCHING_PATTERN
2022-01-29 21:54:35.701 20100-20372/com.example.ids_for_can D/ContentValues: 7E8 03 41 0F 3E 
2022-01-29 21:54:35.701 20100-20372/com.example.ids_for_can D/ContentValues: readRawData -- rawData -- WHITESPACE PATTERN
2022-01-29 21:54:35.701 20100-20372/com.example.ids_for_can D/ContentValues: 7E803410F3E
2022-01-29 21:54:35.702 20100-20372/com.example.ids_for_can D/ContentValues: ATMAArray
2022-01-29 21:54:35.702 20100-20372/com.example.ids_for_can D/ContentValues: 7E8 03 41 0F 3E 
2022-01-29 21:54:35.702 20100-20372/com.example.ids_for_can D/ContentValues: ATMAMap
2022-01-29 21:54:35.702 20100-20372/com.example.ids_for_can D/ContentValues: {1F5=[0F 0F 00 21 00 00 03 00 <DATA ERROR], 1A1=[00 10 00 00 00 00 00 00], 1C3=[06 2B 06 2B 00 00 00], NO=[DATA, DATA, DATA, DATA, DATA], ELM327=[v1.5, v1.5], 0C9=[00 00 00 0D 00 00 00 00], 191=[06 2B 09 0C 09 0C 00], 7E8=[04 41 42 2F AB, 04 41 44 FF FF, 04 41 21 00 08, 06 41 01 01 07 E5 00, 03 41 0E 80, 03 41 04 00, 04 41 0C 00 00, 04 41 1F 00 00, 04 41 10 00 00, 03 41 11 54, 03 41 2F BC, 03 41 07 7F, 03 41 09 7F, 03 41 06 80, 03 41 08 80, 04 41 44 FF FF, 03 41 33 61, 04 41 23 00 06, 03 41 0F 3E], 1ED=[00 00 00 00 00 00 08 00], 1EF=[00 00 00 00], AT=[E0OK, L1OK, E0], 7EA=[04 41 42 00 00, 04 41 21 00 00, 06 41 01 00 04 00 00], 7EB=[04 41 42 00 00, 04 41 21 00 00, 06 41 01 00 04 00 00, 03 41 0A 17], 1AF=[00 00 00], 0F1=[34 06 00], 19D=[80 00 3F FE 00 00 00 FF <DATA ERROR]}
2022-01-29 21:54:35.703 20100-20372/com.example.ids_for_can D/com.example.ids_for_can.connectivity.ObdGatewayService: Taking job[35] from queue...
2022-01-29 21:54:35.703 20100-20372/com.example.ids_for_can D/com.example.ids_for_can.connectivity.ObdGatewayService: Job state is NEW. Run it...
2022-01-29 21:54:35.707 20100-20100/com.example.ids_for_can D/com.example.ids_for_can.MainActivity: cmdID: AIR_INTAKE_TEMP, cmdResult: 0C
2022-01-29 21:54:35.707 20100-20100/com.example.ids_for_can D/com.example.ids_for_can.MainActivity: cmdID: AIR_INTAKE_TEMP, rawCmdResult: 7E803410F3E
2022-01-29 21:54:35.854 20100-20372/com.example.ids_for_can D/ContentValues: readRawData -- ATMAString
2022-01-29 21:54:35.854 20100-20372/com.example.ids_for_can D/ContentValues: 7E8 03 41 46 35 
2022-01-29 21:54:35.854 20100-20372/com.example.ids_for_can D/ContentValues: readRawData -- rawData -- SEARCHING_PATTERN
2022-01-29 21:54:35.854 20100-20372/com.example.ids_for_can D/ContentValues: 7E8 03 41 46 35 
2022-01-29 21:54:35.854 20100-20372/com.example.ids_for_can D/ContentValues: readRawData -- rawData -- WHITESPACE PATTERN
2022-01-29 21:54:35.854 20100-20372/com.example.ids_for_can D/ContentValues: 7E803414635
2022-01-29 21:54:35.855 20100-20372/com.example.ids_for_can D/ContentValues: ATMAArray
2022-01-29 21:54:35.855 20100-20372/com.example.ids_for_can D/ContentValues: 7E8 03 41 46 35 
2022-01-29 21:54:35.855 20100-20372/com.example.ids_for_can D/ContentValues: ATMAMap
2022-01-29 21:54:35.855 20100-20372/com.example.ids_for_can D/ContentValues: {1F5=[0F 0F 00 21 00 00 03 00 <DATA ERROR], 1A1=[00 10 00 00 00 00 00 00], 1C3=[06 2B 06 2B 00 00 00], NO=[DATA, DATA, DATA, DATA, DATA], ELM327=[v1.5, v1.5], 0C9=[00 00 00 0D 00 00 00 00], 191=[06 2B 09 0C 09 0C 00], 7E8=[04 41 42 2F AB, 04 41 44 FF FF, 04 41 21 00 08, 06 41 01 01 07 E5 00, 03 41 0E 80, 03 41 04 00, 04 41 0C 00 00, 04 41 1F 00 00, 04 41 10 00 00, 03 41 11 54, 03 41 2F BC, 03 41 07 7F, 03 41 09 7F, 03 41 06 80, 03 41 08 80, 04 41 44 FF FF, 03 41 33 61, 04 41 23 00 06, 03 41 0F 3E, 03 41 46 35], 1ED=[00 00 00 00 00 00 08 00], 1EF=[00 00 00 00], AT=[E0OK, L1OK, E0], 7EA=[04 41 42 00 00, 04 41 21 00 00, 06 41 01 00 04 00 00], 7EB=[04 41 42 00 00, 04 41 21 00 00, 06 41 01 00 04 00 00, 03 41 0A 17], 1AF=[00 00 00], 0F1=[34 06 00], 19D=[80 00 3F FE 00 00 00 FF <DATA ERROR]}
2022-01-29 21:54:35.855 20100-20372/com.example.ids_for_can D/com.example.ids_for_can.connectivity.ObdGatewayService: Taking job[36] from queue...
2022-01-29 21:54:35.855 20100-20372/com.example.ids_for_can D/com.example.ids_for_can.connectivity.ObdGatewayService: Job state is NEW. Run it...
2022-01-29 21:54:35.859 20100-20100/com.example.ids_for_can D/com.example.ids_for_can.MainActivity: cmdID: AMBIENT_AIR_TEMP, cmdResult: 0C
2022-01-29 21:54:35.859 20100-20100/com.example.ids_for_can D/com.example.ids_for_can.MainActivity: cmdID: AMBIENT_AIR_TEMP, rawCmdResult: 7E803414635
2022-01-29 21:54:36.356 20100-20372/com.example.ids_for_can D/ContentValues: readRawData -- ATMAString
2022-01-29 21:54:36.356 20100-20372/com.example.ids_for_can D/ContentValues: 7E8 03 41 05 3F 
2022-01-29 21:54:36.356 20100-20372/com.example.ids_for_can D/ContentValues: readRawData -- rawData -- SEARCHING_PATTERN
2022-01-29 21:54:36.356 20100-20372/com.example.ids_for_can D/ContentValues: 7E8 03 41 05 3F 
2022-01-29 21:54:36.356 20100-20372/com.example.ids_for_can D/ContentValues: readRawData -- rawData -- WHITESPACE PATTERN
2022-01-29 21:54:36.356 20100-20372/com.example.ids_for_can D/ContentValues: 7E80341053F
2022-01-29 21:54:36.357 20100-20372/com.example.ids_for_can D/ContentValues: ATMAArray
2022-01-29 21:54:36.357 20100-20372/com.example.ids_for_can D/ContentValues: 7E8 03 41 05 3F 
2022-01-29 21:54:36.357 20100-20372/com.example.ids_for_can D/ContentValues: ATMAMap
2022-01-29 21:54:36.357 20100-20372/com.example.ids_for_can D/ContentValues: {1F5=[0F 0F 00 21 00 00 03 00 <DATA ERROR], 1A1=[00 10 00 00 00 00 00 00], 1C3=[06 2B 06 2B 00 00 00], NO=[DATA, DATA, DATA, DATA, DATA], ELM327=[v1.5, v1.5], 0C9=[00 00 00 0D 00 00 00 00], 191=[06 2B 09 0C 09 0C 00], 7E8=[04 41 42 2F AB, 04 41 44 FF FF, 04 41 21 00 08, 06 41 01 01 07 E5 00, 03 41 0E 80, 03 41 04 00, 04 41 0C 00 00, 04 41 1F 00 00, 04 41 10 00 00, 03 41 11 54, 03 41 2F BC, 03 41 07 7F, 03 41 09 7F, 03 41 06 80, 03 41 08 80, 04 41 44 FF FF, 03 41 33 61, 04 41 23 00 06, 03 41 0F 3E, 03 41 46 35, 03 41 05 3F], 1ED=[00 00 00 00 00 00 08 00], 1EF=[00 00 00 00], AT=[E0OK, L1OK, E0], 7EA=[04 41 42 00 00, 04 41 21 00 00, 06 41 01 00 04 00 00], 7EB=[04 41 42 00 00, 04 41 21 00 00, 06 41 01 00 04 00 00, 03 41 0A 17], 1AF=[00 00 00], 0F1=[34 06 00], 19D=[80 00 3F FE 00 00 00 FF <DATA ERROR]}
2022-01-29 21:54:36.358 20100-20372/com.example.ids_for_can D/com.example.ids_for_can.connectivity.ObdGatewayService: Taking job[37] from queue...
2022-01-29 21:54:36.358 20100-20372/com.example.ids_for_can D/com.example.ids_for_can.connectivity.ObdGatewayService: Job state is NEW. Run it...
2022-01-29 21:54:36.364 20100-20100/com.example.ids_for_can D/com.example.ids_for_can.MainActivity: cmdID: ENGINE_COOLANT_TEMP, cmdResult: 0C
2022-01-29 21:54:36.364 20100-20100/com.example.ids_for_can D/com.example.ids_for_can.MainActivity: cmdID: ENGINE_COOLANT_TEMP, rawCmdResult: 7E80341053F
2022-01-29 21:54:36.587 20100-20372/com.example.ids_for_can D/ContentValues: readRawData -- ATMAString
2022-01-29 21:54:36.587 20100-20372/com.example.ids_for_can D/ContentValues: 7E8 03 41 0D 00 
2022-01-29 21:54:36.587 20100-20372/com.example.ids_for_can D/ContentValues: readRawData -- rawData -- SEARCHING_PATTERN
2022-01-29 21:54:36.587 20100-20372/com.example.ids_for_can D/ContentValues: 7E8 03 41 0D 00 
2022-01-29 21:54:36.587 20100-20372/com.example.ids_for_can D/ContentValues: readRawData -- rawData -- WHITESPACE PATTERN
2022-01-29 21:54:36.587 20100-20372/com.example.ids_for_can D/ContentValues: 7E803410D00
2022-01-29 21:54:36.588 20100-20372/com.example.ids_for_can D/ContentValues: ATMAArray
2022-01-29 21:54:36.588 20100-20372/com.example.ids_for_can D/ContentValues: 7E8 03 41 0D 00 
2022-01-29 21:54:36.588 20100-20372/com.example.ids_for_can D/ContentValues: ATMAMap
2022-01-29 21:54:36.588 20100-20372/com.example.ids_for_can D/ContentValues: {1F5=[0F 0F 00 21 00 00 03 00 <DATA ERROR], 1A1=[00 10 00 00 00 00 00 00], 1C3=[06 2B 06 2B 00 00 00], NO=[DATA, DATA, DATA, DATA, DATA], ELM327=[v1.5, v1.5], 0C9=[00 00 00 0D 00 00 00 00], 191=[06 2B 09 0C 09 0C 00], 7E8=[04 41 42 2F AB, 04 41 44 FF FF, 04 41 21 00 08, 06 41 01 01 07 E5 00, 03 41 0E 80, 03 41 04 00, 04 41 0C 00 00, 04 41 1F 00 00, 04 41 10 00 00, 03 41 11 54, 03 41 2F BC, 03 41 07 7F, 03 41 09 7F, 03 41 06 80, 03 41 08 80, 04 41 44 FF FF, 03 41 33 61, 04 41 23 00 06, 03 41 0F 3E, 03 41 46 35, 03 41 05 3F, 03 41 0D 00], 1ED=[00 00 00 00 00 00 08 00], 1EF=[00 00 00 00], AT=[E0OK, L1OK, E0], 7EA=[04 41 42 00 00, 04 41 21 00 00, 06 41 01 00 04 00 00], 7EB=[04 41 42 00 00, 04 41 21 00 00, 06 41 01 00 04 00 00, 03 41 0A 17], 1AF=[00 00 00], 0F1=[34 06 00], 19D=[80 00 3F FE 00 00 00 FF <DATA ERROR]}
2022-01-29 21:54:36.589 20100-20372/com.example.ids_for_can D/com.example.ids_for_can.connectivity.ObdGatewayService: Taking job[38] from queue...
2022-01-29 21:54:36.589 20100-20372/com.example.ids_for_can D/com.example.ids_for_can.connectivity.ObdGatewayService: Job state is NEW. Run it...
2022-01-29 21:54:36.591 20100-20100/com.example.ids_for_can D/com.example.ids_for_can.MainActivity: cmdID: SPEED, cmdResult: 0km/h
2022-01-29 21:54:36.591 20100-20100/com.example.ids_for_can D/com.example.ids_for_can.MainActivity: cmdID: SPEED, rawCmdResult: 7E803410D00
2022-01-29 21:54:37.382 20100-20372/com.example.ids_for_can D/ContentValues: readRawData -- ATMAString
2022-01-29 21:54:37.382 20100-20372/com.example.ids_for_can D/ContentValues: 3C1 07 65 04 00 00 00 00 00 
    3D1 10 46 00 00 00 00 00 00 
    3E9 00 00 00 00 00 00 00 00 
    3C9 07 66 00 00 00 00 00 00 
    19D 00 00 00 00 00 00 00 FF 
    1AF 00 00 00 
    1F5 0F 0F 00 21 00 00 03 00 <DATA ERROR
    4C9 40 3E 00 00 <DATA ERROR
    0F1 28 06 00 40 
    0C1 20 00 00 00 20 00 00 
    BUFFER FULL
2022-01-29 21:54:37.382 20100-20372/com.example.ids_for_can D/ContentValues: readRawData -- rawData -- SEARCHING_PATTERN
2022-01-29 21:54:37.382 20100-20372/com.example.ids_for_can D/ContentValues: 3C1 07 65 04 00 00 00 00 00 
    3D1 10 46 00 00 00 00 00 00 
    3E9 00 00 00 00 00 00 00 00 
    3C9 07 66 00 00 00 00 00 00 
    19D 00 00 00 00 00 00 00 FF 
    1AF 00 00 00 
    1F5 0F 0F 00 21 00 00 03 00 <DATA ERROR
    4C9 40 3E 00 00 <DATA ERROR
    0F1 28 06 00 40 
    0C1 20 00 00 00 20 00 00 
    BUFFER FULL
2022-01-29 21:54:37.384 20100-20372/com.example.ids_for_can D/ContentValues: readRawData -- rawData -- WHITESPACE PATTERN
2022-01-29 21:54:37.384 20100-20372/com.example.ids_for_can D/ContentValues: 3C107650400000000003D110460000000000003E900000000000000003C9076600000000000019D00000000000000FF1AF0000001F50F0F002100000300<DATAERROR4C9403E0000<DATAERROR0F1280600400C120000000200000BUFFERFULL
2022-01-29 21:54:37.384 20100-20372/com.example.ids_for_can D/ContentValues: ATMAArray
2022-01-29 21:54:37.384 20100-20372/com.example.ids_for_can D/ContentValues: 3C1 07 65 04 00 00 00 00 00 
2022-01-29 21:54:37.384 20100-20372/com.example.ids_for_can D/ContentValues: 3D1 10 46 00 00 00 00 00 00 
2022-01-29 21:54:37.385 20100-20372/com.example.ids_for_can D/ContentValues: 3E9 00 00 00 00 00 00 00 00 
2022-01-29 21:54:37.385 20100-20372/com.example.ids_for_can D/ContentValues: 3C9 07 66 00 00 00 00 00 00 
2022-01-29 21:54:37.385 20100-20372/com.example.ids_for_can D/ContentValues: 19D 00 00 00 00 00 00 00 FF 
2022-01-29 21:54:37.385 20100-20372/com.example.ids_for_can D/ContentValues: 1AF 00 00 00 
2022-01-29 21:54:37.385 20100-20372/com.example.ids_for_can D/ContentValues: 1F5 0F 0F 00 21 00 00 03 00 <DATA ERROR
2022-01-29 21:54:37.385 20100-20372/com.example.ids_for_can D/ContentValues: 4C9 40 3E 00 00 <DATA ERROR
2022-01-29 21:54:37.385 20100-20372/com.example.ids_for_can D/ContentValues: 0F1 28 06 00 40 
2022-01-29 21:54:37.385 20100-20372/com.example.ids_for_can D/ContentValues: 0C1 20 00 00 00 20 00 00 
2022-01-29 21:54:37.385 20100-20372/com.example.ids_for_can D/ContentValues: BUFFER FULL
2022-01-29 21:54:37.385 20100-20372/com.example.ids_for_can D/ContentValues: ATMAMap
2022-01-29 21:54:37.386 20100-20372/com.example.ids_for_can D/ContentValues: {1F5=[0F 0F 00 21 00 00 03 00 <DATA ERROR, 0F 0F 00 21 00 00 03 00 <DATA ERROR], 3D1=[10 46 00 00 00 00 00 00], 1A1=[00 10 00 00 00 00 00 00], 1C3=[06 2B 06 2B 00 00 00], NO=[DATA, DATA, DATA, DATA, DATA], 3C1=[07 65 04 00 00 00 00 00], ELM327=[v1.5, v1.5], 0C9=[00 00 00 0D 00 00 00 00], 3E9=[00 00 00 00 00 00 00 00], 191=[06 2B 09 0C 09 0C 00], 3C9=[07 66 00 00 00 00 00 00], 7E8=[04 41 42 2F AB, 04 41 44 FF FF, 04 41 21 00 08, 06 41 01 01 07 E5 00, 03 41 0E 80, 03 41 04 00, 04 41 0C 00 00, 04 41 1F 00 00, 04 41 10 00 00, 03 41 11 54, 03 41 2F BC, 03 41 07 7F, 03 41 09 7F, 03 41 06 80, 03 41 08 80, 04 41 44 FF FF, 03 41 33 61, 04 41 23 00 06, 03 41 0F 3E, 03 41 46 35, 03 41 05 3F, 03 41 0D 00], 4C9=[40 3E 00 00 <DATA ERROR], 1ED=[00 00 00 00 00 00 08 00], 1EF=[00 00 00 00], AT=[E0OK, L1OK, E0], 7EA=[04 41 42 00 00, 04 41 21 00 00, 06 41 01 00 04 00 00], 7EB=[04 41 42 00 00, 04 41 21 00 00, 06 41 01 00 04 00 00, 03 41 0A 17], 1AF=[00 00 00, 00 00 00], 0F1=[34 06 00, 28 06 00 40], 19D=[80 00 3F FE 00 00 00 FF <DATA ERROR, 00 00 00 00 00 00 00 FF], 0C1=[20 00 00 00 20 00 00]}
2022-01-29 21:54:37.387 20100-20100/com.example.ids_for_can D/ContentValues: rawData: 3C107650400000000003D110460000000000003E900000000000000003C9076600000000000019D00000000000000FF1AF0000001F50F0F002100000300<DATAERROR4C9403E0000<DATAERROR0F1280600400C120000000200000BUFFERFULL
2022-01-29 21:54:37.387 20100-20100/com.example.ids_for_can D/ContentValues: buffer: []
2022-01-29 21:54:37.398 20100-20100/com.example.ids_for_can D/com.example.ids_for_can.MainActivity: cmdID: MONITOR_ALL, cmdResult: 3C107650400000000003D110460000000000003E900000000000000003C9076600000000000019D00000000000000FF1AF0000001F50F0F002100000300<DATAERROR4C9403E0000<DATAERROR0F1280600400C120000000200000BUFFERFULL
2022-01-29 21:54:37.399 20100-20100/com.example.ids_for_can D/com.example.ids_for_can.MainActivity: cmdID: MONITOR_ALL, rawCmdResult: 3C107650400000000003D110460000000000003E900000000000000003C9076600000000000019D00000000000000FF1AF0000001F50F0F002100000300<DATAERROR4C9403E0000<DATAERROR0F1280600400C120000000200000BUFFERFULL
2022-01-29 21:54:37.544 20100-20100/com.example.ids_for_can D/com.example.ids_for_can.connectivity.AbstractGatewayService: Adding job[39] to queue...
2022-01-29 21:54:37.544 20100-20100/com.example.ids_for_can D/com.example.ids_for_can.connectivity.AbstractGatewayService: Job queued successfully.
2022-01-29 21:54:37.545 20100-20372/com.example.ids_for_can D/com.example.ids_for_can.connectivity.ObdGatewayService: Taking job[39] from queue...
2022-01-29 21:54:37.545 20100-20372/com.example.ids_for_can D/com.example.ids_for_can.connectivity.ObdGatewayService: Job state is NEW. Run it...
2022-01-29 21:54:38.387 20100-20372/com.example.ids_for_can D/ContentValues: readRawData -- ATMAString
2022-01-29 21:54:38.388 20100-20372/com.example.ids_for_can D/ContentValues: 0C1 20 00 00 00 20 00 00 00 
    1CB 10 00 00 
    0C5 20 00 00 00 20 00 00 00 
    184 00 01 00 00 01 FF 
    1C7 0F FF 70 00 03 FF 3F <DATA ERROR
    1CD C7 FF 07 FE 7F <DATA ERROR
    1E5 46 00 80 E0 00 FF 7D 00 <DATA ERROR
    1E9 00 00 00 0C 00 00 00 00 
    2F9 43 00 0F 00 00 <DATA E
    BUFFER FULL
2022-01-29 21:54:38.388 20100-20372/com.example.ids_for_can D/ContentValues: readRawData -- rawData -- SEARCHING_PATTERN
2022-01-29 21:54:38.388 20100-20372/com.example.ids_for_can D/ContentValues: 0C1 20 00 00 00 20 00 00 00 
    1CB 10 00 00 
    0C5 20 00 00 00 20 00 00 00 
    184 00 01 00 00 01 FF 
    1C7 0F FF 70 00 03 FF 3F <DATA ERROR
    1CD C7 FF 07 FE 7F <DATA ERROR
    1E5 46 00 80 E0 00 FF 7D 00 <DATA ERROR
    1E9 00 00 00 0C 00 00 00 00 
    2F9 43 00 0F 00 00 <DATA E
    BUFFER FULL
2022-01-29 21:54:38.389 20100-20372/com.example.ids_for_can D/ContentValues: readRawData -- rawData -- WHITESPACE PATTERN
2022-01-29 21:54:38.389 20100-20372/com.example.ids_for_can D/ContentValues: 0C120000000200000001CB1000000C520000000200000001840001000001FF1C70FFF700003FF3F<DATAERROR1CDC7FF07FE7F<DATAERROR1E5460080E000FF7D00<DATAERROR1E90000000C000000002F943000F0000<DATAEBUFFERFULL
2022-01-29 21:54:38.389 20100-20372/com.example.ids_for_can D/ContentValues: ATMAArray
2022-01-29 21:54:38.389 20100-20372/com.example.ids_for_can D/ContentValues: 0C1 20 00 00 00 20 00 00 00 
2022-01-29 21:54:38.389 20100-20372/com.example.ids_for_can D/ContentValues: 1CB 10 00 00 
2022-01-29 21:54:38.389 20100-20372/com.example.ids_for_can D/ContentValues: 0C5 20 00 00 00 20 00 00 00 
2022-01-29 21:54:38.389 20100-20372/com.example.ids_for_can D/ContentValues: 184 00 01 00 00 01 FF 
2022-01-29 21:54:38.390 20100-20372/com.example.ids_for_can D/ContentValues: 1C7 0F FF 70 00 03 FF 3F <DATA ERROR
2022-01-29 21:54:38.390 20100-20372/com.example.ids_for_can D/ContentValues: 1CD C7 FF 07 FE 7F <DATA ERROR
2022-01-29 21:54:38.390 20100-20372/com.example.ids_for_can D/ContentValues: 1E5 46 00 80 E0 00 FF 7D 00 <DATA ERROR
2022-01-29 21:54:38.390 20100-20372/com.example.ids_for_can D/ContentValues: 1E9 00 00 00 0C 00 00 00 00 
2022-01-29 21:54:38.390 20100-20372/com.example.ids_for_can D/ContentValues: 2F9 43 00 0F 00 00 <DATA E
2022-01-29 21:54:38.390 20100-20372/com.example.ids_for_can D/ContentValues: BUFFER FULL
2022-01-29 21:54:38.390 20100-20372/com.example.ids_for_can D/ContentValues: ATMAMap
2022-01-29 21:54:38.390 20100-20372/com.example.ids_for_can D/ContentValues: {1A1=[00 10 00 00 00 00 00 00], 1C3=[06 2B 06 2B 00 00 00], NO=[DATA, DATA, DATA, DATA, DATA], 3C1=[07 65 04 00 00 00 00 00], 1E5=[46 00 80 E0 00 FF 7D 00 <DATA ERROR], 0C5=[20 00 00 00 20 00 00 00], 1C7=[0F FF 70 00 03 FF 3F <DATA ERROR], 1E9=[00 00 00 0C 00 00 00 00], 0C9=[00 00 00 0D 00 00 00 00], 3E9=[00 00 00 00 00 00 00 00], 191=[06 2B 09 0C 09 0C 00], 3C9=[07 66 00 00 00 00 00 00], 7E8=[04 41 42 2F AB, 04 41 44 FF FF, 04 41 21 00 08, 06 41 01 01 07 E5 00, 03 41 0E 80, 03 41 04 00, 04 41 0C 00 00, 04 41 1F 00 00, 04 41 10 00 00, 03 41 11 54, 03 41 2F BC, 03 41 07 7F, 03 41 09 7F, 03 41 06 80, 03 41 08 80, 04 41 44 FF FF, 03 41 33 61, 04 41 23 00 06, 03 41 0F 3E, 03 41 46 35, 03 41 05 3F, 03 41 0D 00], 4C9=[40 3E 00 00 <DATA ERROR], 1ED=[00 00 00 00 00 00 08 00], 1CB=[10 00 00], 1EF=[00 00 00 00], 1CD=[C7 FF 07 FE 7F <DATA ERROR], 7EA=[04 41 42 00 00, 04 41 21 00 00, 06 41 01 00 04 00 00], 7EB=[04 41 42 00 00, 04 41 21 00 00, 06 41 01 00 04 00 00, 03 41 0A 17], 1AF=[00 00 00, 00 00 00], 0F1=[34 06 00, 28 06 00 40], 19D=[80 00 3F FE 00 00 00 FF <DATA ERROR, 00 00 00 00 00 00 00 FF], 1F5=[0F 0F 00 21 00 00 03 00 <DATA ERROR, 0F 0F 00 21 00 00 03 00 <DATA ERROR], 3D1=[10 46 00 00 00 00 00 00], ELM327=[v1.5, v1.5], 2F9=[43 00 0F 00 00 <DATA E], 184=[00 01 00 00 01 FF], AT=[E0OK, L1OK, E0], 0C1=[20 00 00 00 20 00 00, 20 00 00 00 20 00 00 00]}
2022-01-29 21:54:38.391 20100-20100/com.example.ids_for_can D/ContentValues: rawData: 0C120000000200000001CB1000000C520000000200000001840001000001FF1C70FFF700003FF3F<DATAERROR1CDC7FF07FE7F<DATAERROR1E5460080E000FF7D00<DATAERROR1E90000000C000000002F943000F0000<DATAEBUFFERFULL
2022-01-29 21:54:38.391 20100-20100/com.example.ids_for_can D/ContentValues: buffer: []
2022-01-29 21:54:38.393 20100-20100/com.example.ids_for_can D/com.example.ids_for_can.MainActivity: cmdID: MONITOR_ALL, cmdResult: 0C120000000200000001CB1000000C520000000200000001840001000001FF1C70FFF700003FF3F<DATAERROR1CDC7FF07FE7F<DATAERROR1E5460080E000FF7D00<DATAERROR1E90000000C000000002F943000F0000<DATAEBUFFERFULL
2022-01-29 21:54:38.393 20100-20100/com.example.ids_for_can D/com.example.ids_for_can.MainActivity: cmdID: MONITOR_ALL, rawCmdResult: 0C120000000200000001CB1000000C520000000200000001840001000001FF1C70FFF700003FF3F<DATAERROR1CDC7FF07FE7F<DATAERROR1E5460080E000FF7D00<DATAERROR1E90000000C000000002F943000F0000<DATAEBUFFERFULL
2022-01-29 21:54:40.061 20100-20100/com.example.ids_for_can D/com.example.ids_for_can.connectivity.AbstractGatewayService: Adding job[40] to queue...
2022-01-29 21:54:40.061 20100-20100/com.example.ids_for_can D/com.example.ids_for_can.connectivity.AbstractGatewayService: Job queued successfully.
2022-01-29 21:54:40.061 20100-20100/com.example.ids_for_can D/com.example.ids_for_can.connectivity.AbstractGatewayService: Adding job[41] to queue...
2022-01-29 21:54:40.061 20100-20100/com.example.ids_for_can D/com.example.ids_for_can.connectivity.AbstractGatewayService: Job queued successfully.
2022-01-29 21:54:40.061 20100-20100/com.example.ids_for_can D/com.example.ids_for_can.connectivity.AbstractGatewayService: Adding job[42] to queue...
2022-01-29 21:54:40.061 20100-20100/com.example.ids_for_can D/com.example.ids_for_can.connectivity.AbstractGatewayService: Job queued successfully.
2022-01-29 21:54:40.062 20100-20372/com.example.ids_for_can D/com.example.ids_for_can.connectivity.ObdGatewayService: Taking job[40] from queue...
2022-01-29 21:54:40.062 20100-20100/com.example.ids_for_can D/com.example.ids_for_can.connectivity.AbstractGatewayService: Adding job[43] to queue...
2022-01-29 21:54:40.062 20100-20372/com.example.ids_for_can D/com.example.ids_for_can.connectivity.ObdGatewayService: Job state is NEW. Run it...
2022-01-29 21:54:40.062 20100-20100/com.example.ids_for_can D/com.example.ids_for_can.connectivity.AbstractGatewayService: Job queued successfully.
2022-01-29 21:54:40.062 20100-20100/com.example.ids_for_can D/com.example.ids_for_can.connectivity.AbstractGatewayService: Adding job[44] to queue...
2022-01-29 21:54:40.063 20100-20100/com.example.ids_for_can D/com.example.ids_for_can.connectivity.AbstractGatewayService: Job queued successfully.
2022-01-29 21:54:40.063 20100-20100/com.example.ids_for_can D/com.example.ids_for_can.connectivity.AbstractGatewayService: Adding job[45] to queue...
2022-01-29 21:54:40.063 20100-20100/com.example.ids_for_can D/com.example.ids_for_can.connectivity.AbstractGatewayService: Job queued successfully.
2022-01-29 21:54:40.063 20100-20100/com.example.ids_for_can D/com.example.ids_for_can.connectivity.AbstractGatewayService: Adding job[46] to queue...
2022-01-29 21:54:40.063 20100-20100/com.example.ids_for_can D/com.example.ids_for_can.connectivity.AbstractGatewayService: Job queued successfully.
2022-01-29 21:54:40.063 20100-20100/com.example.ids_for_can D/com.example.ids_for_can.connectivity.AbstractGatewayService: Adding job[47] to queue...
2022-01-29 21:54:40.064 20100-20100/com.example.ids_for_can D/com.example.ids_for_can.connectivity.AbstractGatewayService: Job queued successfully.
2022-01-29 21:54:40.064 20100-20100/com.example.ids_for_can D/com.example.ids_for_can.connectivity.AbstractGatewayService: Adding job[48] to queue...
2022-01-29 21:54:40.064 20100-20100/com.example.ids_for_can D/com.example.ids_for_can.connectivity.AbstractGatewayService: Job queued successfully.
2022-01-29 21:54:40.064 20100-20100/com.example.ids_for_can D/com.example.ids_for_can.connectivity.AbstractGatewayService: Adding job[49] to queue...
2022-01-29 21:54:40.064 20100-20100/com.example.ids_for_can D/com.example.ids_for_can.connectivity.AbstractGatewayService: Job queued successfully.
2022-01-29 21:54:40.065 20100-20100/com.example.ids_for_can D/com.example.ids_for_can.connectivity.AbstractGatewayService: Adding job[50] to queue...
2022-01-29 21:54:40.065 20100-20100/com.example.ids_for_can D/com.example.ids_for_can.connectivity.AbstractGatewayService: Job queued successfully.
2022-01-29 21:54:40.065 20100-20100/com.example.ids_for_can D/com.example.ids_for_can.connectivity.AbstractGatewayService: Adding job[51] to queue...
2022-01-29 21:54:40.065 20100-20100/com.example.ids_for_can D/com.example.ids_for_can.connectivity.AbstractGatewayService: Job queued successfully.
2022-01-29 21:54:40.065 20100-20100/com.example.ids_for_can D/com.example.ids_for_can.connectivity.AbstractGatewayService: Adding job[52] to queue...
2022-01-29 21:54:40.065 20100-20100/com.example.ids_for_can D/com.example.ids_for_can.connectivity.AbstractGatewayService: Job queued successfully.
2022-01-29 21:54:40.066 20100-20100/com.example.ids_for_can D/com.example.ids_for_can.connectivity.AbstractGatewayService: Adding job[53] to queue...
2022-01-29 21:54:40.066 20100-20100/com.example.ids_for_can D/com.example.ids_for_can.connectivity.AbstractGatewayService: Job queued successfully.
2022-01-29 21:54:40.066 20100-20100/com.example.ids_for_can D/com.example.ids_for_can.connectivity.AbstractGatewayService: Adding job[54] to queue...
2022-01-29 21:54:40.066 20100-20100/com.example.ids_for_can D/com.example.ids_for_can.connectivity.AbstractGatewayService: Job queued successfully.
2022-01-29 21:54:40.066 20100-20100/com.example.ids_for_can D/com.example.ids_for_can.connectivity.AbstractGatewayService: Adding job[55] to queue...
2022-01-29 21:54:40.066 20100-20100/com.example.ids_for_can D/com.example.ids_for_can.connectivity.AbstractGatewayService: Job queued successfully.
2022-01-29 21:54:40.067 20100-20100/com.example.ids_for_can D/com.example.ids_for_can.connectivity.AbstractGatewayService: Adding job[56] to queue...
